<html>
<body>
<pre>
<h1>µVision Build Log</h1>
<h2>Tool Versions:</h2>
IDE-Version: ¦ÌVision V5.29.0.0
Copyright (C) 2019 ARM Ltd and ARM Germany GmbH. All rights reserved.
License Information: tony admin, seu, LIC=65ISZ-JBJSH-CXHU6-DQS61-3VTYA-N91DG
 
Tool Versions:
Toolchain:       MDK-ARM Plus  Version: 5.29.0.0
Toolchain Path:  D:\Keil_v5\ARM\ARMCC\Bin
C Compiler:      Armcc.exe V5.06 update 6 (build 750)
Assembler:       Armasm.exe V5.06 update 6 (build 750)
Linker/Locator:  ArmLink.exe V5.06 update 6 (build 750)
Library Manager: ArmAr.exe V5.06 update 6 (build 750)
Hex Converter:   FromElf.exe V5.06 update 6 (build 750)
CPU DLL:         SARMCM3.DLL V5.29.0.0
Dialog DLL:      DARMCM1.DLL V1.19.2.0
Target DLL:      Segger\JL2CM3.dll V2.99.36.0
Dialog DLL:      TARMCM1.DLL V1.14.1.0
 
<h2>Project:</h2>
C:\Users\admin\Downloads\XenD101_HPS01_250M_V0.1\XenD101\Project\XenD101\XenD101.uvprojx
Project File Date:  06/23/2021

<h2>Output:</h2>
*** Using Compiler 'V5.06 update 6 (build 750)', folder: 'D:\Keil_v5\ARM\ARMCC\Bin'
Rebuild target 'XenD101'
Before Build - User command #1: ..\..\Script\XenD101_Convert.bat
C:\Users\admin\Downloads\XenD101_HPS01_250M_V0.1\XenD101\Project\XenD101>..\..\Script\radarPara2Array.exe ..\..\Config\radarPara\XenD101\regs.txt ..\..\Middleware\common\src\radar_para.c  
Info: ..\..\Config\radarPara\XenD101\regs.txt convert succeed!
compiling utilities.c...
compiling config.c...
compiling mm32_it.c...
compiling mm32_gpio.c...
compiling abd.c...
compiling main.c...
compiling system.c...
compiling platform.c...
compiling radar.c...
compiling dataprocess.c...
compiling cmdprocess.c...
assembling startup_mm32f0010_keil.s...
compiling mm32_systick.c...
compiling hal_crc.c...
compiling hal_dbg.c...
compiling mm32_flash.c...
compiling mm32_i2c.c...
compiling system_mm32f0010.c...
compiling mm32_uart.c...
compiling hal_adc.c...
compiling mm32_spi.c...
compiling hal_exti.c...
compiling mm32_iwdg.c...
compiling hal_flash.c...
compiling hal_misc.c...
compiling hal_i2c.c...
compiling hal_gpio.c...
compiling hal_iwdg.c...
compiling hal_pwr.c...
compiling hal_uid.c...
compiling hal_rcc.c...
compiling hal_spi.c...
compiling hal_uart.c...
compiling hal_tim.c...
compiling hal_ver.c...
compiling hal_wwdg.c...
linking...
Program Size: Code=12332 RO-data=312 RW-data=456 ZI-data=1448  
FromELF: creating hex file...
".\Objects\XenD101.axf" - 0 Error(s), 0 Warning(s).

<h2>Software Packages used:</h2>

Package Vendor: ARM
                http://www.keil.com/pack/ARM.CMSIS.5.6.0.pack
                ARM.CMSIS.5.6.0
                CMSIS (Cortex Microcontroller Software Interface Standard)
   * Component: CORE Version: 5.3.0
   * Component: DSP Variant: Library Version: 1.7.0

Package Vendor: MindMotion
                http://www.mindmotion.com.cn/Download/MDK_KEIL/MindMotion.MM32F0010_DFP.1.0.4.pack
                MindMotion.MM32F0010_DFP.1.0.4
                MindMotion Cortex-Mx Series Device Family Pack

<h2>Collection of Component include folders:</h2>
  .\RTE\_XenD101
  D:\Users\admin\AppData\Local\Arm\Packs\ARM\CMSIS\5.6.0\CMSIS\Core\Include
  D:\Users\admin\AppData\Local\Arm\Packs\ARM\CMSIS\5.6.0\CMSIS\DSP\Include

<h2>Collection of Component Files used:</h2>

   * Component: ARM::CMSIS:CORE:5.3.0

   * Component: ARM::CMSIS:DSP:Library:1.7.0
      Library file:  CMSIS\DSP\Lib\ARM\arm_cortexM0l_math.lib
      Include file:  CMSIS\DSP\Include\arm_math.h
Build Time Elapsed:  00:00:04
</pre>
</body>
</html>
