<html>
<body>
<pre>
<h1>µVision Build Log</h1>
<h2>Tool Versions:</h2>
IDE-Version: ¦ÌVision V5.25.3.0
Copyright (C) 2018 ARM Ltd and ARM Germany GmbH. All rights reserved.
License Information: 1 Administrator, ls, LIC=S5IDY-IHBIM-77HRP-MYCU1-NW0ZL-6Z2C3
 
Tool Versions:
Toolchain:       MDK-ARM Professional  Version: 5.18
Toolchain Path:  D:\Keil_v5\ARM\ARMCC\Bin
C Compiler:      Armcc.exe V5.06 update 1 (build 61)
Assembler:       Armasm.exe V5.06 update 1 (build 61)
Linker/Locator:  ArmLink.exe V5.06 update 1 (build 61)
Library Manager: ArmAr.exe V5.06 update 1 (build 61)
Hex Converter:   FromElf.exe V5.06 update 1 (build 61)
CPU DLL:         SARMCM3.DLL V5.18
Dialog DLL:      DARMCM1.DLL V1.12.0.0
Target DLL:      CMSIS_AGDI.dll V1.25.7.0
Dialog DLL:      TARMCM1.DLL V1.9.0.0
 
<h2>Project:</h2>
G:\cus_project\rada\puya\XenD101_HPS01_250M_V0.1.1_newpin\XenD101\Project\XenD101\XenD101.uvprojx
Project File Date:  10/10/2022

<h2>Output:</h2>
*** Using Compiler 'V5.06 update 1 (build 61)', folder: 'D:\Keil_v5\ARM\ARMCC\Bin'
Rebuild target 'XenD101'
Before Build - User command #1: ..\..\Script\XenD101_Convert.bat
G:\cus_project\rada\puya\XenD101_HPS01_250M_V0.1.1_newpin\XenD101\Project\XenD101>..\..\Script\radarPara2Array.exe ..\..\Config\radarPara\XenD101\regs.txt ..\..\Middleware\common\src\radar_para.c  
Info: ..\..\Config\radarPara\XenD101\regs.txt convert succeed!
compiling utilities.c...
..\..\App\common\inc\config.h(18): warning:  #47-D: incompatible redefinition of macro "FLASH_PAGE_SIZE" (declared at line 575 of "..\..\Driver\py32f003\PY32F003_HAL_Driver\Inc\py32f003_hal_flash.h")
  #define FLASH_PAGE_SIZE         FMC_PAGE_SIZE
..\..\App\common\src\utilities.c: 1 warning, 0 errors
compiling main.c...
..\..\App\common\inc\config.h(18): warning:  #47-D: incompatible redefinition of macro "FLASH_PAGE_SIZE" (declared at line 575 of "..\..\Driver\py32f003\PY32F003_HAL_Driver\Inc\py32f003_hal_flash.h")
  #define FLASH_PAGE_SIZE         FMC_PAGE_SIZE
..\..\App\common\src\main.c: 1 warning, 0 errors
compiling system.c...
compiling abd.c...
compiling dataprocess.c...
compiling platform.c...
compiling radar.c...
..\..\App\common\inc\config.h(18): warning:  #47-D: incompatible redefinition of macro "FLASH_PAGE_SIZE" (declared at line 575 of "..\..\Driver\py32f003\PY32F003_HAL_Driver\Inc\py32f003_hal_flash.h")
  #define FLASH_PAGE_SIZE         FMC_PAGE_SIZE
..\..\Middleware\common\src\radar.c: 1 warning, 0 errors
compiling py32_it.c...
compiling py32_gpio.c...
..\..\Middleware\platform\py32\src\py32_gpio.c(17): warning:  #177-D: function "PY32_LedInit" was declared but never referenced
  static void PY32_LedInit(Led_TypeDef Led)
..\..\Middleware\platform\py32\src\py32_gpio.c: 1 warning, 0 errors
compiling py32_spi.c...
compiling py32_i2c.c...
compiling py32_uart.c...
compiling py32_iwdg.c...
compiling py32_tim.c...
compiling py32_pwr.c...
..\..\Middleware\platform\py32\src\py32_pwr.c(35): warning:  #177-D: function "SYSCLKConfig_STOP" was declared but never referenced
  static void SYSCLKConfig_STOP(void)
..\..\Middleware\platform\py32\src\py32_pwr.c: 1 warning, 0 errors
assembling startup_py32f003.s...
compiling system_py32f003.c...
compiling py32f003_hal.c...
compiling py32f003_hal_cortex.c...
compiling py32f003_hal_exti.c...
compiling py32f003_hal_dma.c...
compiling py32f003_hal_flash.c...
compiling py32f003_hal_gpio.c...
compiling py32f003_hal_lptim.c...
compiling py32f003_hal_iwdg.c...
compiling py32f003_hal_i2c.c...
compiling py32f003_hal_rcc_ex.c...
compiling py32f003_hal_rcc.c...
compiling py32f003_hal_spi.c...
compiling py32f003_hal_tim.c...
compiling py32f003_hal_usart.c...
compiling py32f003_hal_tim_ex.c...
compiling py32f003_ll_rcc.c...
compiling py32f003_hal_uart.c...
compiling py32f003_hal_wwdg.c...
compiling py32f003_hal_pwr.c...
linking...
Program Size: Code=13060 RO-data=344 RW-data=348 ZI-data=2268  
FromELF: creating hex file...
".\Objects\XenD101_1_5m.axf" - 0 Error(s), 5 Warning(s).

<h2>Software Packages used:</h2>

Package Vendor: ARM
                http://www.keil.com/pack/ARM.CMSIS.5.9.0.pack
                ARM.CMSIS.5.9.0
                CMSIS (Common Microcontroller Software Interface Standard)
   * Component: CORE Version: 5.6.0

Package Vendor: Puya
                http://www.keil.com/pack/Puya.PY32F0xx_DFP.1.0.1.pack
                Puya.PY32F0xx_DFP.1.0.1
                Puya PY32F0 Series Device Support

<h2>Collection of Component include folders:</h2>
  .\RTE\_XenD101
  D:\Keil_v5\ARM\PACK\ARM\CMSIS\5.9.0\CMSIS\Core\Include
  D:\Keil_v5\ARM\PACK\Puya\PY32F0xx_DFP\1.0.1\Device\Include

<h2>Collection of Component Files used:</h2>

   * Component: ARM::CMSIS:CORE:5.6.0
Build Time Elapsed:  00:00:06
</pre>
</body>
</html>
