Component: ARM Compiler 5.06 update 6 (build 750) Tool: armlink [4d35ed]

==============================================================================

Section Cross References

    cmdprocess.o(i.AckSend) refers to mm32_uart.o(i.UART_DirectSend) for UART_DirectSend
    cmdprocess.o(i.AckSend) refers to cmdprocess.o(.bss) for .bss
    cmdprocess.o(i.CmdExec) refers to cmdprocess.o(i.__ARM_common_switch8) for __ARM_common_switch8
    cmdprocess.o(i.CmdExec) refers to config.o(i.Config_SavePara2Flash) for Config_SavePara2Flash
    cmdprocess.o(i.CmdExec) refers to system.o(i.System_Reconfig) for System_Reconfig
    cmdprocess.o(i.CmdExec) refers to cmdprocess.o(i.FillCmdAck) for FillCmdAck
    cmdprocess.o(i.CmdExec) refers to cmdprocess.o(i.AckSend) for AckSend
    cmdprocess.o(i.CmdExec) refers to platform.o(i.Delay) for Delay
    cmdprocess.o(i.CmdExec) refers to cmdprocess.o(i.DoWriteReg) for DoWriteReg
    cmdprocess.o(i.CmdExec) refers to cmdprocess.o(i.DoReadReg) for DoReadReg
    cmdprocess.o(i.CmdExec) refers to cmdprocess.o(i.DoWritePara) for DoWritePara
    cmdprocess.o(i.CmdExec) refers to cmdprocess.o(i.DoReadPara) for DoReadPara
    cmdprocess.o(i.CmdExec) refers to config.o(i.Config_GetSN) for Config_GetSN
    cmdprocess.o(i.CmdExec) refers to cmdprocess.o(.constdata) for .constdata
    cmdprocess.o(i.CmdExec) refers to cmdprocess.o(.data) for .data
    cmdprocess.o(i.CmdProc_AdcReset) refers to platform.o(i.Delay) for Delay
    cmdprocess.o(i.CmdProc_AdcReset) refers to mm32_i2c.o(i.I2C_Write) for I2C_Write
    cmdprocess.o(i.CmdProc_AdcReset) refers to mm32_i2c.o(i.I2C_Read) for I2C_Read
    cmdprocess.o(i.CmdProc_AdcReset) refers to cmdprocess.o(.data) for .data
    cmdprocess.o(i.CmdProc_InCmdMode) refers to cmdprocess.o(.data) for .data
    cmdprocess.o(i.CmdProc_Init) refers to memseta.o(.text) for __aeabi_memclr
    cmdprocess.o(i.CmdProc_Init) refers to mm32_uart.o(.bss) for g_cmdRecv
    cmdprocess.o(i.CmdProc_Recv) refers to cmdprocess.o(i.CmdProcess) for CmdProcess
    cmdprocess.o(i.CmdProc_Recv) refers to mm32_uart.o(.bss) for g_cmdRecv
    cmdprocess.o(i.CmdProcess) refers to cmdprocess.o(i.__ARM_common_switch8) for __ARM_common_switch8
    cmdprocess.o(i.CmdProcess) refers to cmdprocess.o(i.CmdExec) for CmdExec
    cmdprocess.o(i.CmdProcess) refers to cmdprocess.o(.bss) for .bss
    cmdprocess.o(i.DoReadPara) refers to cmdprocess.o(i.MTT_ParaRead) for MTT_ParaRead
    cmdprocess.o(i.DoReadPara) refers to system.o(i.System_ParaRead) for System_ParaRead
    cmdprocess.o(i.DoReadPara) refers to radar.o(i.PEAK_ParaRead) for PEAK_ParaRead
    cmdprocess.o(i.DoReadPara) refers to cmdprocess.o(i.FillCmdAck) for FillCmdAck
    cmdprocess.o(i.DoReadPara) refers to cmdprocess.o(.data) for .data
    cmdprocess.o(i.DoReadPara) refers to cmdprocess.o(.bss) for .bss
    cmdprocess.o(i.DoReadReg) refers to mm32_i2c.o(i.I2C_Read) for I2C_Read
    cmdprocess.o(i.DoReadReg) refers to cmdprocess.o(i.FillCmdAck) for FillCmdAck
    cmdprocess.o(i.DoReadReg) refers to cmdprocess.o(.data) for .data
    cmdprocess.o(i.DoReadReg) refers to cmdprocess.o(.bss) for .bss
    cmdprocess.o(i.DoWritePara) refers to uidiv.o(.text) for __aeabi_uidivmod
    cmdprocess.o(i.DoWritePara) refers to uread4.o(.text) for __aeabi_uread4
    cmdprocess.o(i.DoWritePara) refers to cmdprocess.o(i.MTT_ParaUpdate) for MTT_ParaUpdate
    cmdprocess.o(i.DoWritePara) refers to system.o(i.System_ParaUpdate) for System_ParaUpdate
    cmdprocess.o(i.DoWritePara) refers to config.o(i.Config_NeedFlashWrite) for Config_NeedFlashWrite
    cmdprocess.o(i.DoWritePara) refers to radar.o(i.PEAK_ParaUpdate) for PEAK_ParaUpdate
    cmdprocess.o(i.DoWritePara) refers to abd.o(i.ABD_ParaUpdate) for ABD_ParaUpdate
    cmdprocess.o(i.DoWritePara) refers to cmdprocess.o(i.FillCmdAck) for FillCmdAck
    cmdprocess.o(i.DoWritePara) refers to cmdprocess.o(.data) for .data
    cmdprocess.o(i.DoWriteReg) refers to mm32_i2c.o(i.I2C_Write) for I2C_Write
    cmdprocess.o(i.DoWriteReg) refers to radar.o(i.Radar_UpdateReg) for Radar_UpdateReg
    cmdprocess.o(i.DoWriteReg) refers to mm32_i2c.o(i.I2C_Read) for I2C_Read
    cmdprocess.o(i.DoWriteReg) refers to cmdprocess.o(i.FillCmdAck) for FillCmdAck
    cmdprocess.o(i.DoWriteReg) refers to cmdprocess.o(.data) for .data
    cmdprocess.o(i.FillCmdAck) refers to memcpya.o(.text) for __aeabi_memcpy
    cmdprocess.o(i.FillCmdAck) refers to cmdprocess.o(.bss) for .bss
    cmdprocess.o(i.FillCmdAck) refers to cmdprocess.o(.constdata) for .constdata
    config.o(i.Config_EarseFlashData) refers to mm32_flash.o(i.Flash_ErasePage) for Flash_ErasePage
    config.o(i.Config_Init) refers to radar.o(i.Radar_GetRadarParaAddr) for Radar_GetRadarParaAddr
    config.o(i.Config_Init) refers to radar.o(i.Radar_GetRadarParaLen) for Radar_GetRadarParaLen
    config.o(i.Config_Init) refers to system.o(i.System_ParaInit) for System_ParaInit
[...]
    .text                                    0x080004ee   Section        0  __dczerorl2.o(.text)
    i.ABD_GetParaAddr                        0x08000544   Section        0  abd.o(i.ABD_GetParaAddr)
    i.ABD_GetParaLen                         0x0800054c   Section        0  abd.o(i.ABD_GetParaLen)
    i.ABD_HumanPresenceSensing               0x08000550   Section        0  abd.o(i.ABD_HumanPresenceSensing)
    i.ABD_Init                               0x080006a4   Section        0  abd.o(i.ABD_Init)
    i.ABD_ParaUpdate                         0x080006b4   Section        0  abd.o(i.ABD_ParaUpdate)
    i.AckSend                                0x080006f4   Section        0  cmdprocess.o(i.AckSend)
    AckSend                                  0x080006f5   Thumb Code    16  cmdprocess.o(i.AckSend)
    i.BusFault_Handler                       0x08000708   Section        0  mm32_it.o(i.BusFault_Handler)
    i.CheckChirpIndex                        0x0800070c   Section        0  dataprocess.o(i.CheckChirpIndex)
    CheckChirpIndex                          0x0800070d   Thumb Code    78  dataprocess.o(i.CheckChirpIndex)
    i.CmdExec                                0x08000760   Section        0  cmdprocess.o(i.CmdExec)
    CmdExec                                  0x08000761   Thumb Code   260  cmdprocess.o(i.CmdExec)
    i.CmdProc_AdcReset                       0x08000878   Section        0  cmdprocess.o(i.CmdProc_AdcReset)
    i.CmdProc_InCmdMode                      0x080008bc   Section        0  cmdprocess.o(i.CmdProc_InCmdMode)
    i.CmdProc_Init                           0x080008c8   Section        0  cmdprocess.o(i.CmdProc_Init)
    i.CmdProc_Recv                           0x080008d8   Section        0  cmdprocess.o(i.CmdProc_Recv)
    i.CmdProcess                             0x080008fc   Section        0  cmdprocess.o(i.CmdProcess)
    CmdProcess                               0x080008fd   Thumb Code   214  cmdprocess.o(i.CmdProcess)
    i.ConfigDfftPeakPara                     0x080009d8   Section        0  radar.o(i.ConfigDfftPeakPara)
    i.Config_EarseFlashData                  0x08000a78   Section        0  config.o(i.Config_EarseFlashData)
    i.Config_GetSN                           0x08000a88   Section        0  config.o(i.Config_GetSN)
    i.Config_Init                            0x08000a94   Section        0  config.o(i.Config_Init)
    i.Config_NeedFlashWrite                  0x08000b6c   Section        0  config.o(i.Config_NeedFlashWrite)
    i.Config_RetrieveFlashData               0x08000b78   Section        0  config.o(i.Config_RetrieveFlashData)
    i.Config_SavePara2Flash                  0x08000c44   Section        0  config.o(i.Config_SavePara2Flash)
    i.Config_WriteData2Flash                 0x08000c5c   Section        0  config.o(i.Config_WriteData2Flash)
    i.DataCopy                               0x08000cb4   Section        0  dataprocess.o(i.DataCopy)
    DataCopy                                 0x08000cb5   Thumb Code    92  dataprocess.o(i.DataCopy)
    i.DataParse                              0x08000d18   Section        0  dataprocess.o(i.DataParse)
    DataParse                                0x08000d19   Thumb Code   228  dataprocess.o(i.DataParse)
    i.DataProc_GetRadarDataLen               0x08000e00   Section        0  dataprocess.o(i.DataProc_GetRadarDataLen)
    i.DataProc_Init                          0x08000e0c   Section        0  dataprocess.o(i.DataProc_Init)
    i.DataProc_NeedReconfig                  0x08000e8c   Section        0  dataprocess.o(i.DataProc_NeedReconfig)
    i.DataProc_Recv                          0x08000f20   Section        0  dataprocess.o(i.DataProc_Recv)
    i.DataProc_Send                          0x08000f80   Section        0  dataprocess.o(i.DataProc_Send)
    i.DataProcess                            0x08000f84   Section        0  dataprocess.o(i.DataProcess)
    DataProcess                              0x08000f85   Thumb Code   188  dataprocess.o(i.DataProcess)
    i.DataStateIdParse                       0x0800105c   Section        0  dataprocess.o(i.DataStateIdParse)
    DataStateIdParse                         0x0800105d   Thumb Code   106  dataprocess.o(i.DataStateIdParse)
    i.DataStateIndex1Parse                   0x080010d0   Section        0  dataprocess.o(i.DataStateIndex1Parse)
    DataStateIndex1Parse                     0x080010d1   Thumb Code    62  dataprocess.o(i.DataStateIndex1Parse)
    i.DataStateIndex2Parse                   0x08001118   Section        0  dataprocess.o(i.DataStateIndex2Parse)
    DataStateIndex2Parse                     0x08001119   Thumb Code    46  dataprocess.o(i.DataStateIndex2Parse)
    i.DataStateTail3Parse                    0x08001150   Section        0  dataprocess.o(i.DataStateTail3Parse)
    DataStateTail3Parse                      0x08001151   Thumb Code    70  dataprocess.o(i.DataStateTail3Parse)
    i.DebugMon_Handler                       0x080011a0   Section        0  mm32_it.o(i.DebugMon_Handler)
    i.Delay                                  0x080011a2   Section        0  platform.o(i.Delay)
    i.DoReadPara                             0x080011ac   Section        0  cmdprocess.o(i.DoReadPara)
    DoReadPara                               0x080011ad   Thumb Code   130  cmdprocess.o(i.DoReadPara)
    i.DoReadReg                              0x0800123c   Section        0  cmdprocess.o(i.DoReadReg)
    DoReadReg                                0x0800123d   Thumb Code   112  cmdprocess.o(i.DoReadReg)
    i.DoWritePara                            0x080012b8   Section        0  cmdprocess.o(i.DoWritePara)
    DoWritePara                              0x080012b9   Thumb Code   204  cmdprocess.o(i.DoWritePara)
    i.DoWriteReg                             0x08001388   Section        0  cmdprocess.o(i.DoWriteReg)
    DoWriteReg                               0x08001389   Thumb Code   134  cmdprocess.o(i.DoWriteReg)
    i.DumpChipRegValue                       0x08001418   Section        0  radar.o(i.DumpChipRegValue)
    DumpChipRegValue                         0x08001419   Thumb Code    94  radar.o(i.DumpChipRegValue)
    i.EXTI_ClearFlag                         0x08001498   Section        0  hal_exti.o(i.EXTI_ClearFlag)
    i.FLASH_ClearFlag                        0x080014a4   Section        0  hal_flash.o(i.FLASH_ClearFlag)
    i.FLASH_ErasePage                        0x080014b0   Section        0  hal_flash.o(i.FLASH_ErasePage)
    i.FLASH_GetStatus                        0x080014d8   Section        0  hal_flash.o(i.FLASH_GetStatus)
    i.FLASH_Lock                             0x08001500   Section        0  hal_flash.o(i.FLASH_Lock)
    i.FLASH_ProgramHalfWord                  0x08001510   Section        0  hal_flash.o(i.FLASH_ProgramHalfWord)
    i.FLASH_ProgramWord                      0x0800152c   Section        0  hal_flash.o(i.FLASH_ProgramWord)
    i.FLASH_Unlock                           0x08001548   Section        0  hal_flash.o(i.FLASH_Unlock)
    i.FLASH_WaitForLastOperation             0x08001560   Section        0  hal_flash.o(i.FLASH_WaitForLastOperation)
    i.FillCmdAck                             0x08001590   Section        0  cmdprocess.o(i.FillCmdAck)
    FillCmdAck                               0x08001591   Thumb Code    96  cmdprocess.o(i.FillCmdAck)
    i.Flash_ErasePage                        0x080015f8   Section        0  mm32_flash.o(i.Flash_ErasePage)
    i.Flash_Program                          0x08001624   Section        0  mm32_flash.o(i.Flash_Program)
    i.GPIO_Init                              0x0800166c   Section        0  hal_gpio.o(i.GPIO_Init)
    i.GPIO_PinAFConfig                       0x080016fa   Section        0  hal_gpio.o(i.GPIO_PinAFConfig)
    i.GPIO_ResetBits                         0x0800171a   Section        0  hal_gpio.o(i.GPIO_ResetBits)
    i.GPIO_SetBits                           0x0800171e   Section        0  hal_gpio.o(i.GPIO_SetBits)
    i.GPIO_StructInit                        0x08001722   Section        0  hal_gpio.o(i.GPIO_StructInit)
    i.GetDfftPeakData                        0x08001732   Section        0  abd.o(i.GetDfftPeakData)
    GetDfftPeakData                          0x08001733   Thumb Code    64  abd.o(i.GetDfftPeakData)
    i.GetRadarPara                           0x08001774   Section        0  dataprocess.o(i.GetRadarPara)
    GetRadarPara                             0x08001775   Thumb Code   106  dataprocess.o(i.GetRadarPara)
    i.GetRangeByCenterGravity                0x08001850   Section        0  abd.o(i.GetRangeByCenterGravity)
    i.HAL_I2C_Init                           0x080018ec   Section        0  hal_i2c.o(i.HAL_I2C_Init)
    i.HAL_SPI_DeInit                         0x08001990   Section        0  hal_spi.o(i.HAL_SPI_DeInit)
    i.HAL_SPI_Init                           0x080019b0   Section        0  hal_spi.o(i.HAL_SPI_Init)
    i.HAL_UART_Init                          0x08001a32   Section        0  hal_uart.o(i.HAL_UART_Init)
    i.HardFault_Handler                      0x08001a94   Section        0  mm32_it.o(i.HardFault_Handler)
    i.I2C_Cmd                                0x08001a96   Section        0  hal_i2c.o(i.I2C_Cmd)
    i.I2C_GenerateSTOP                       0x08001aac   Section        0  hal_i2c.o(i.I2C_GenerateSTOP)
    i.I2C_GetConfigBySpeed                   0x08001ad4   Section        0  mm32_i2c.o(i.I2C_GetConfigBySpeed)
    i.I2C_GetFlagStatus                      0x08001b00   Section        0  hal_i2c.o(i.I2C_GetFlagStatus)
    i.I2C_GetITStatus                        0x08001b2c   Section        0  hal_i2c.o(i.I2C_GetITStatus)
    i.I2C_Init                               0x08001b38   Section        0  mm32_i2c.o(i.I2C_Init)
    i.I2C_MasterModeInit                     0x08001ba4   Section        0  mm32_i2c.o(i.I2C_MasterModeInit)
    i.I2C_Read                               0x08001bd8   Section        0  mm32_i2c.o(i.I2C_Read)
    i.I2C_ReadCmd                            0x08001c60   Section        0  hal_i2c.o(i.I2C_ReadCmd)
    i.I2C_ReceiveData                        0x08001c68   Section        0  hal_i2c.o(i.I2C_ReceiveData)
    i.I2C_Send7bitAddress                    0x08001c78   Section        0  hal_i2c.o(i.I2C_Send7bitAddress)
    i.I2C_SendData                           0x08001c7e   Section        0  hal_i2c.o(i.I2C_SendData)
    i.I2C_SetDeviceAddr                      0x08001c82   Section        0  mm32_i2c.o(i.I2C_SetDeviceAddr)
    i.I2C_StructInit                         0x08001ca4   Section        0  hal_i2c.o(i.I2C_StructInit)
    i.I2C_Write                              0x08001cbc   Section        0  mm32_i2c.o(i.I2C_Write)
    i.IWDG_Enable                            0x08001d28   Section        0  hal_iwdg.o(i.IWDG_Enable)
    i.IWDG_GetFlagStatus                     0x08001d38   Section        0  hal_iwdg.o(i.IWDG_GetFlagStatus)
    i.IWDG_Init                              0x08001d4c   Section        0  mm32_iwdg.o(i.IWDG_Init)
    i.IWDG_Reload                            0x08001d98   Section        0  mm32_iwdg.o(i.IWDG_Reload)
    i.IWDG_ReloadCounter                     0x08001da0   Section        0  hal_iwdg.o(i.IWDG_ReloadCounter)
    i.IWDG_SetPrescaler                      0x08001db0   Section        0  hal_iwdg.o(i.IWDG_SetPrescaler)
    i.IWDG_SetReload                         0x08001dc0   Section        0  hal_iwdg.o(i.IWDG_SetReload)
    i.IWDG_WriteAccessCmd                    0x08001dd0   Section        0  hal_iwdg.o(i.IWDG_WriteAccessCmd)
    i.Indicator_RadarDataIndexError          0x08001ddc   Section        0  platform.o(i.Indicator_RadarDataIndexError)
    i.Indicator_RadarDataReceived            0x08001de8   Section        0  platform.o(i.Indicator_RadarDataReceived)
    i.IoOutInit                              0x08001e0c   Section        0  mm32_gpio.o(i.IoOutInit)
    i.IoOutOff                               0x08001e32   Section        0  mm32_gpio.o(i.IoOutOff)
    i.IoOutOn                                0x08001e40   Section        0  mm32_gpio.o(i.IoOutOn)
    i.LED_Init                               0x08001e4e   Section        0  mm32_gpio.o(i.LED_Init)
    i.LED_On                                 0x08001e50   Section        0  mm32_gpio.o(i.LED_On)
    i.LED_Toggle                             0x08001e52   Section        0  mm32_gpio.o(i.LED_Toggle)
    i.MTT_ParaRead                           0x08001e54   Section        0  cmdprocess.o(i.MTT_ParaRead)
    i.MTT_ParaUpdate                         0x08001e5c   Section        0  cmdprocess.o(i.MTT_ParaUpdate)
    i.MemManage_Handler                      0x08001e62   Section        0  mm32_it.o(i.MemManage_Handler)
    i.NMI_Handler                            0x08001e64   Section        0  mm32_it.o(i.NMI_Handler)
    i.NVIC_Init                              0x08001e68   Section        0  hal_misc.o(i.NVIC_Init)
    i.PEAK_GetSysParaAddr                    0x08001eb8   Section        0  radar.o(i.PEAK_GetSysParaAddr)
    i.PEAK_GetSysParaLen                     0x08001ec0   Section        0  radar.o(i.PEAK_GetSysParaLen)
    i.PEAK_ParaRead                          0x08001ec4   Section        0  radar.o(i.PEAK_ParaRead)
    i.PEAK_ParaUpdate                        0x08001ef4   Section        0  radar.o(i.PEAK_ParaUpdate)
    i.PVU_CheckStatus                        0x08001f3c   Section        0  hal_iwdg.o(i.PVU_CheckStatus)
    i.PendSV_Handler                         0x08001f4a   Section        0  mm32_it.o(i.PendSV_Handler)
    i.Platform_Init                          0x08001f4c   Section        0  platform.o(i.Platform_Init)
    i.RCC_AHBPeriphClockCmd                  0x08001f6c   Section        0  hal_rcc.o(i.RCC_AHBPeriphClockCmd)
    i.RCC_APB1PeriphClockCmd                 0x08001f84   Section        0  hal_rcc.o(i.RCC_APB1PeriphClockCmd)
    i.RCC_APB1PeriphResetCmd                 0x08001f9c   Section        0  hal_rcc.o(i.RCC_APB1PeriphResetCmd)
    i.RCC_GetFlagStatus                      0x08001fb4   Section        0  hal_rcc.o(i.RCC_GetFlagStatus)
    i.RCC_GetHCLKFreq                        0x08001fe4   Section        0  hal_rcc.o(i.RCC_GetHCLKFreq)
    i.RCC_GetPCLK1Freq                       0x08002004   Section        0  hal_rcc.o(i.RCC_GetPCLK1Freq)
    i.RCC_GetSysClockFreq                    0x08002024   Section        0  hal_rcc.o(i.RCC_GetSysClockFreq)
    i.RCC_LSICmd                             0x08002054   Section        0  hal_rcc.o(i.RCC_LSICmd)
    i.RVU_CheckStatus                        0x08002068   Section        0  hal_iwdg.o(i.RVU_CheckStatus)
    i.Radar_EnterNormalMode                  0x08002078   Section        0  radar.o(i.Radar_EnterNormalMode)
    i.Radar_EnterPDMode                      0x080020a0   Section        0  radar.o(i.Radar_EnterPDMode)
    i.Radar_GetDataType                      0x080020cc   Section        0  radar.o(i.Radar_GetDataType)
    i.Radar_GetDfftPeakSize                  0x08002104   Section        0  radar.o(i.Radar_GetDfftPeakSize)
    i.Radar_GetFftPoint                      0x08002120   Section        0  radar.o(i.Radar_GetFftPoint)
    i.Radar_GetOneFrameChirpNum              0x08002138   Section        0  radar.o(i.Radar_GetOneFrameChirpNum)
    i.Radar_GetRadarParaAddr                 0x08002150   Section        0  radar.o(i.Radar_GetRadarParaAddr)
    i.Radar_GetRadarParaLen                  0x08002158   Section        0  radar.o(i.Radar_GetRadarParaLen)
    i.Radar_GetRawPoint                      0x08002160   Section        0  radar.o(i.Radar_GetRawPoint)
    i.Radar_Init                             0x08002190   Section        0  radar.o(i.Radar_Init)
    i.Radar_PreInit                          0x08002214   Section        0  radar.o(i.Radar_PreInit)
    i.Radar_UpdateReg                        0x0800223c   Section        0  radar.o(i.Radar_UpdateReg)
    i.ReplaceSpecialRegs                     0x0800226c   Section        0  radar.o(i.ReplaceSpecialRegs)
    ReplaceSpecialRegs                       0x0800226d   Thumb Code    94  radar.o(i.ReplaceSpecialRegs)
    i.RunFailed                              0x080022d4   Section        0  utilities.o(i.RunFailed)
    i.SPI1_GPIO_SlaveInit                    0x08002314   Section        0  mm32_spi.o(i.SPI1_GPIO_SlaveInit)
    SPI1_GPIO_SlaveInit                      0x08002315   Thumb Code   108  mm32_spi.o(i.SPI1_GPIO_SlaveInit)
    i.SPI1_IRQHandler                        0x08002380   Section        0  mm32_it.o(i.SPI1_IRQHandler)
    i.SPI_BiDirectionalLineConfig            0x080023f0   Section        0  hal_spi.o(i.SPI_BiDirectionalLineConfig)
    i.SPI_ClearITPendingBit                  0x0800241e   Section        0  hal_spi.o(i.SPI_ClearITPendingBit)
    i.SPI_Cmd                                0x08002426   Section        0  hal_spi.o(i.SPI_Cmd)
    i.SPI_DeInit                             0x0800243c   Section        0  mm32_spi.o(i.SPI_DeInit)
    i.SPI_GetFlagStatus                      0x0800244c   Section        0  hal_spi.o(i.SPI_GetFlagStatus)
    i.SPI_GetITStatus                        0x08002456   Section        0  hal_spi.o(i.SPI_GetITStatus)
    i.SPI_ITConfig                           0x08002460   Section        0  hal_spi.o(i.SPI_ITConfig)
    i.SPI_Init                               0x08002484   Section        0  mm32_spi.o(i.SPI_Init)
    i.SPI_ReceiveData                        0x080024ec   Section        0  hal_spi.o(i.SPI_ReceiveData)
    i.SPI_StructInit                         0x080024f4   Section        0  hal_spi.o(i.SPI_StructInit)
    i.SVC_Handler                            0x0800250e   Section        0  mm32_it.o(i.SVC_Handler)
    i.SYSTICK_Init                           0x08002510   Section        0  mm32_systick.o(i.SYSTICK_Init)
    i.SetSysClockTo48_HSI                    0x08002554   Section        0  system_mm32f0010.o(i.SetSysClockTo48_HSI)
    SetSysClockTo48_HSI                      0x08002555   Thumb Code   102  system_mm32f0010.o(i.SetSysClockTo48_HSI)
    i.StartAlgorithm                         0x080025dc   Section        0  dataprocess.o(i.StartAlgorithm)
    i.SysTick_Handler                        0x080025e8   Section        0  mm32_it.o(i.SysTick_Handler)
    i.SystemInit                             0x080025f4   Section        0  system_mm32f0010.o(i.SystemInit)
    i.System_GetSysParaAddr                  0x08002634   Section        0  system.o(i.System_GetSysParaAddr)
    i.System_GetSysParaLen                   0x0800263c   Section        0  system.o(i.System_GetSysParaLen)
    i.System_ParaInit                        0x08002640   Section        0  system.o(i.System_ParaInit)
    i.System_ParaRead                        0x08002650   Section        0  system.o(i.System_ParaRead)
    i.System_ParaUpdate                      0x08002674   Section        0  system.o(i.System_ParaUpdate)
    i.System_Reconfig                        0x0800269c   Section        0  system.o(i.System_Reconfig)
    i.TIM3_Disable                           0x080026cc   Section        0  mm32_systick.o(i.TIM3_Disable)
    i.TIM3_Enable                            0x080026dc   Section        0  mm32_systick.o(i.TIM3_Enable)
    i.TIM3_IRQHandler                        0x080026ec   Section        0  mm32_it.o(i.TIM3_IRQHandler)
    i.TIM3_Init                              0x0800271c   Section        0  mm32_systick.o(i.TIM3_Init)
    i.TIM_ClearFlag                          0x08002780   Section        0  hal_tim.o(i.TIM_ClearFlag)
    i.TIM_ClearITPendingBit                  0x08002788   Section        0  hal_tim.o(i.TIM_ClearITPendingBit)
    i.TIM_Cmd                                0x08002790   Section        0  hal_tim.o(i.TIM_Cmd)
    i.TIM_ITConfig                           0x080027a4   Section        0  hal_tim.o(i.TIM_ITConfig)
    i.TIM_TimeBaseInit                       0x080027b4   Section        0  hal_tim.o(i.TIM_TimeBaseInit)
    i.TIM_TimeBaseStructInit                 0x08002804   Section        0  hal_tim.o(i.TIM_TimeBaseStructInit)
    i.TspiIoInit                             0x08002818   Section        0  mm32_gpio.o(i.TspiIoInit)
    i.UART1_GPIO_Init                        0x08002840   Section        0  mm32_uart.o(i.UART1_GPIO_Init)
    i.UART1_IRQHandler                       0x08002890   Section        0  mm32_it.o(i.UART1_IRQHandler)
    i.UART_ClearITPendingBit                 0x080028b4   Section        0  hal_uart.o(i.UART_ClearITPendingBit)
    i.UART_Cmd                               0x080028b8   Section        0  hal_uart.o(i.UART_Cmd)
    i.UART_DirectSend                        0x080028c4   Section        0  mm32_uart.o(i.UART_DirectSend)
    i.UART_GetFlagStatus                     0x080028f8   Section        0  hal_uart.o(i.UART_GetFlagStatus)
    i.UART_GetITStatus                       0x08002902   Section        0  hal_uart.o(i.UART_GetITStatus)
    i.UART_ITConfig                          0x0800290c   Section        0  hal_uart.o(i.UART_ITConfig)
    i.UART_Init                              0x0800291c   Section        0  mm32_uart.o(i.UART_Init)
    i.UART_ReceiveData                       0x08002980   Section        0  hal_uart.o(i.UART_ReceiveData)
    i.UART_Recv                              0x08002988   Section        0  mm32_uart.o(i.UART_Recv)
    i.UART_RecvTimeout                       0x080029d4   Section        0  mm32_uart.o(i.UART_RecvTimeout)
    i.UART_SendData                          0x08002a0c   Section        0  hal_uart.o(i.UART_SendData)
    i.UART_StructInit                        0x08002a12   Section        0  hal_uart.o(i.UART_StructInit)
    i.UsageFault_Handler                     0x08002a2a   Section        0  mm32_it.o(i.UsageFault_Handler)
    i.WWDG_IWDG_IRQHandler                   0x08002a2c   Section        0  mm32_iwdg.o(i.WWDG_IWDG_IRQHandler)
    i.__0printf$8                            0x08002a58   Section        0  printf8.o(i.__0printf$8)
    i.__ARM_common_switch8                   0x08002a78   Section        0  cmdprocess.o(i.__ARM_common_switch8)
    i.__NVIC_SetPriority                     0x08002a94   Section        0  mm32_systick.o(i.__NVIC_SetPriority)
    __NVIC_SetPriority                       0x08002a95   Thumb Code    60  mm32_systick.o(i.__NVIC_SetPriority)
    i.__scatterload_copy                     0x08002ad8   Section       14  handlers.o(i.__scatterload_copy)
    i.__scatterload_null                     0x08002ae6   Section        2  handlers.o(i.__scatterload_null)
    i.__scatterload_zeroinit                 0x08002ae8   Section       14  handlers.o(i.__scatterload_zeroinit)
    i._printf_core                           0x08002af8   Section        0  printf8.o(i._printf_core)
    _printf_core                             0x08002af9   Thumb Code  1020  printf8.o(i._printf_core)
    i._printf_post_padding                   0x08002f20   Section        0  printf8.o(i._printf_post_padding)
    _printf_post_padding                     0x08002f21   Thumb Code    32  printf8.o(i._printf_post_padding)
    i._printf_pre_padding                    0x08002f40   Section        0  printf8.o(i._printf_pre_padding)
    _printf_pre_padding                      0x08002f41   Thumb Code    44  printf8.o(i._printf_pre_padding)
    i.delay_1ms                              0x08002f6c   Section        0  mm32_systick.o(i.delay_1ms)
    i.delay_decrement                        0x08002f7c   Section        0  mm32_systick.o(i.delay_decrement)
    i.fputc                                  0x08002f90   Section        0  mm32_uart.o(i.fputc)
    i.lsp                                    0x08002fb4   Section        0  abd.o(i.lsp)
    i.main                                   0x0800306c   Section        0  main.o(i.main)
    i.rangeGearParaUpdate                    0x080030b4   Section        0  abd.o(i.rangeGearParaUpdate)
    .constdata                               0x080030e0   Section       14  cmdprocess.o(.constdata)
    CmdHead                                  0x080030e0   Data           4  cmdprocess.o(.constdata)
    CmdTail                                  0x080030e4   Data           4  cmdprocess.o(.constdata)
    .constdata                               0x080030ee   Section       86  radar.o(.constdata)
    rawPointMap                              0x080030ee   Data          10  radar.o(.constdata)
    RegListPD                                0x080030f8   Data          36  radar.o(.constdata)
    RegListNormal                            0x0800311c   Data          40  radar.o(.constdata)
    .data                                    0x20000000   Section        4  cmdprocess.o(.data)
    enableResetAdc                           0x20000000   Data           1  cmdprocess.o(.data)
    CmdModeFlag                              0x20000001   Data           1  cmdprocess.o(.data)
    resetDelayMs                             0x20000002   Data           2  cmdprocess.o(.data)
    .data                                    0x20000004   Section        1  config.o(.data)
    needFlashWrite                           0x20000004   Data           1  config.o(.data)
    .data                                    0x20000006   Section       12  dataprocess.o(.data)
    curIndex                                 0x20000006   Data           1  dataprocess.o(.data)
    oldCurIndex                              0x20000007   Data           1  dataprocess.o(.data)
    skipNum                                  0x20000008   Data           1  dataprocess.o(.data)
    skipNum                                  0x20000009   Data           1  dataprocess.o(.data)
    oldFrameCnt                              0x2000000a   Data           2  dataprocess.o(.data)
    .data                                    0x20000014   Section        8  system.o(.data)
    needReconfig                             0x20000014   Data           1  system.o(.data)
    sysPara                                  0x20000018   Data           4  system.o(.data)
    .data                                    0x2000001c   Section       32  abd.o(.data)
    ignoreCnt                                0x2000001c   Data           1  abd.o(.data)
    k                                        0x2000001d   Data           1  abd.o(.data)
    pos                                      0x2000001e   Data           1  abd.o(.data)
    tOffIdx                                  0x2000001f   Data           1  abd.o(.data)
    lastRidx                                 0x20000020   Data           1  abd.o(.data)
    fcnt                                     0x20000021   Data           1  abd.o(.data)
    bufpt                                    0x20000022   Data           1  abd.o(.data)
    on_off_status                            0x20000023   Data           1  abd.o(.data)
    lastRange                                0x20000024   Data           2  abd.o(.data)
    tickCnt                                  0x20000026   Data           2  abd.o(.data)
    sigMax                                   0x20000028   Data           2  abd.o(.data)
    on_cnt                                   0x2000002a   Data           2  abd.o(.data)
    abdPara                                  0x2000002c   Data           8  abd.o(.data)
    sensitivityMap                           0x20000034   Data           8  abd.o(.data)
    .data                                    0x2000003c   Section        4  platform.o(.data)
    recvCnt                                  0x2000003c   Data           1  platform.o(.data)
    recvCnt                                  0x2000003e   Data           2  platform.o(.data)
    .data                                    0x20000040   Section      348  radar.o(.data)
    InitRegList                              0x20000040   Data         312  radar.o(.data)
    peakPara                                 0x20000178   Data          36  radar.o(.data)
    .data                                    0x2000019c   Section        1  radar.o(.data)
    .data                                    0x2000019e   Section        4  mm32_it.o(.data)
    timer3Cnt                                0x2000019e   Data           2  mm32_it.o(.data)
    cnt                                      0x200001a0   Data           2  mm32_it.o(.data)
    .data                                    0x200001a4   Section        4  mm32_systick.o(.data)
    delay                                    0x200001a4   Data           4  mm32_systick.o(.data)
    .data                                    0x200001a8   Section        2  mm32_spi.o(.data)
    .data                                    0x200001ac   Section        4  system_mm32f0010.o(.data)
    .data                                    0x200001b0   Section        1  hal_i2c.o(.data)
    I2C_CMD_DIR                              0x200001b0   Data           1  hal_i2c.o(.data)
    .data                                    0x200001b1   Section       16  hal_rcc.o(.data)
    .data                                    0x200001c4   Section        4  stdout.o(.data)
    .bss                                     0x200001c8   Section      124  cmdprocess.o(.bss)
    CmdAck                                   0x200001c8   Data          64  cmdprocess.o(.bss)
    CmdDataParse                             0x20000208   Data          60  cmdprocess.o(.bss)
    .bss                                     0x20000244   Section       36  config.o(.bss)
    flashData                                0x20000244   Data          36  config.o(.bss)
    .bss                                     0x20000268   Section      146  dataprocess.o(.bss)
    RadarDataParse                           0x20000268   Data         146  dataprocess.o(.bss)
    .bss                                     0x200002fc   Section      312  abd.o(.bss)
    targetRangeBuf                           0x200002fc   Data          10  abd.o(.bss)
    dfftPeakData                             0x20000308   Data          56  abd.o(.bss)
    sig_sec                                  0x20000340   Data          12  abd.o(.bss)
    sig_buffer                               0x2000034c   Data         120  abd.o(.bss)
    sig_sensing                              0x200003c4   Data          12  abd.o(.bss)
    targetOffBuf                             0x200003d0   Data         100  abd.o(.bss)
    .bss                                     0x20000434   Section       84  radar.o(.bss)
    RegListDfftPeak                          0x20000434   Data          84  radar.o(.bss)
    .bss                                     0x20000488   Section      272  mm32_spi.o(.bss)
    .bss                                     0x20000598   Section      136  mm32_uart.o(.bss)
    STACK                                    0x20000620   Section      336  startup_mm32f0010_keil.o(STACK)

    Global Symbols

    Symbol Name                              Value     Ov Type        Size  Object(Section)

    BuildAttributes$$THM_ISAv3M$S$PE$A:L22$X:L11$S22$IEEE1$IW$USESV6$~STKCKD$USESV7$~SHL$OTIME$ROPI$EBA8$MICROLIB$REQ8$PRES8$EABIv2 0x00000000   Number         0  anon$$obj.o ABSOLUTE
    __ARM_use_no_argv                        0x00000000   Number         0  main.o ABSOLUTE
    _printf_a                                0x00000000   Number         0  stubs.o ABSOLUTE
    _printf_c                                0x00000000   Number         0  stubs.o ABSOLUTE
    _printf_charcount                        0x00000000   Number         0  stubs.o ABSOLUTE
    _printf_d                                0x00000000   Number         0  stubs.o ABSOLUTE
    _printf_e                                0x00000000   Number         0  stubs.o ABSOLUTE
    _printf_f                                0x00000000   Number         0  stubs.o ABSOLUTE
    _printf_flags                            0x00000000   Number         0  stubs.o ABSOLUTE
    _printf_fp_dec                           0x00000000   Number         0  stubs.o ABSOLUTE
    _printf_fp_hex                           0x00000000   Number         0  stubs.o ABSOLUTE
    _printf_g                                0x00000000   Number         0  stubs.o ABSOLUTE
    _printf_i                                0x00000000   Number         0  stubs.o ABSOLUTE
    _printf_int_dec                          0x00000000   Number         0  stubs.o ABSOLUTE
    _printf_l                                0x00000000   Number         0  stubs.o ABSOLUTE
    _printf_lc                               0x00000000   Number         0  stubs.o ABSOLUTE
    _printf_ll                               0x00000000   Number         0  stubs.o ABSOLUTE
    _printf_lld                              0x00000000   Number         0  stubs.o ABSOLUTE
    _printf_lli                              0x00000000   Number         0  stubs.o ABSOLUTE
    _printf_llo                              0x00000000   Number         0  stubs.o ABSOLUTE
    _printf_llu                              0x00000000   Number         0  stubs.o ABSOLUTE
    _printf_llx                              0x00000000   Number         0  stubs.o ABSOLUTE
    _printf_longlong_dec                     0x00000000   Number         0  stubs.o ABSOLUTE
    _printf_longlong_hex                     0x00000000   Number         0  stubs.o ABSOLUTE
    _printf_longlong_oct                     0x00000000   Number         0  stubs.o ABSOLUTE
    _printf_ls                               0x00000000   Number         0  stubs.o ABSOLUTE
    _printf_mbtowc                           0x00000000   Number         0  stubs.o ABSOLUTE
    _printf_n                                0x00000000   Number         0  stubs.o ABSOLUTE
    _printf_o                                0x00000000   Number         0  stubs.o ABSOLUTE
    _printf_p                                0x00000000   Number         0  stubs.o ABSOLUTE
    _printf_percent                          0x00000000   Number         0  stubs.o ABSOLUTE
    _printf_pre_padding                      0x00000000   Number         0  stubs.o ABSOLUTE
    _printf_return_value                     0x00000000   Number         0  stubs.o ABSOLUTE
    _printf_s                                0x00000000   Number         0  stubs.o ABSOLUTE
    _printf_sizespec                         0x00000000   Number         0  stubs.o ABSOLUTE
    _printf_str                              0x00000000   Number         0  stubs.o ABSOLUTE
    _printf_truncate_signed                  0x00000000   Number         0  stubs.o ABSOLUTE
    _printf_truncate_unsigned                0x00000000   Number         0  stubs.o ABSOLUTE
    _printf_u                                0x00000000   Number         0  stubs.o ABSOLUTE
    _printf_wc                               0x00000000   Number         0  stubs.o ABSOLUTE
    _printf_wctomb                           0x00000000   Number         0  stubs.o ABSOLUTE
    _printf_widthprec                        0x00000000   Number         0  stubs.o ABSOLUTE
    _printf_x                                0x00000000   Number         0  stubs.o ABSOLUTE
    __cpp_initialize__aeabi_                  - Undefined Weak Reference
    __cxa_finalize                            - Undefined Weak Reference
    _clock_init                               - Undefined Weak Reference
    _microlib_exit                            - Undefined Weak Reference
    __Vectors_Size                           0x000000b4   Number         0  startup_mm32f0010_keil.o ABSOLUTE
    __Vectors                                0x08000000   Data           4  startup_mm32f0010_keil.o(RESET)
    __Vectors_End                            0x080000b4   Data           0  startup_mm32f0010_keil.o(RESET)
    __main                                   0x080000b5   Thumb Code     0  entry.o(.ARM.Collect$$$$00000000)
    _main_stk                                0x080000b5   Thumb Code     0  entry2.o(.ARM.Collect$$$$00000001)
    _main_scatterload                        0x080000b9   Thumb Code     0  entry5.o(.ARM.Collect$$$$00000004)
    __main_after_scatterload                 0x080000bd   Thumb Code     0  entry5.o(.ARM.Collect$$$$00000004)
    _main_clock                              0x080000bd   Thumb Code     0  entry7b.o(.ARM.Collect$$$$00000008)
    _main_cpp_init                           0x080000bd   Thumb Code     0  entry8b.o(.ARM.Collect$$$$0000000A)
    _main_init                               0x080000bd   Thumb Code     0  entry9a.o(.ARM.Collect$$$$0000000B)
    __rt_final_cpp                           0x080000c5   Thumb Code     0  entry10a.o(.ARM.Collect$$$$0000000D)
    __rt_final_exit                          0x080000c5   Thumb Code     0  entry11a.o(.ARM.Collect$$$$0000000F)
    Reset_Handler                            0x080000c9   Thumb Code    38  startup_mm32f0010_keil.o(.text)
    ADC1_IRQHandler                          0x08000101   Thumb Code     0  startup_mm32f0010_keil.o(.text)
    EXTI0_1_IRQHandler                       0x08000101   Thumb Code     0  startup_mm32f0010_keil.o(.text)
    EXTI2_3_IRQHandler                       0x08000101   Thumb Code     0  startup_mm32f0010_keil.o(.text)
    EXTI4_15_IRQHandler                      0x08000101   Thumb Code     0  startup_mm32f0010_keil.o(.text)
    FLASH_IRQHandler                         0x08000101   Thumb Code     0  startup_mm32f0010_keil.o(.text)
    I2C1_IRQHandler                          0x08000101   Thumb Code     0  startup_mm32f0010_keil.o(.text)
    PVD_IRQHandler                           0x08000101   Thumb Code     0  startup_mm32f0010_keil.o(.text)
    RCC_IRQHandler                           0x08000101   Thumb Code     0  startup_mm32f0010_keil.o(.text)
    TIM14_IRQHandler                         0x08000101   Thumb Code     0  startup_mm32f0010_keil.o(.text)
    TIM1_BRK_UP_TRG_COM_IRQHandler           0x08000101   Thumb Code     0  startup_mm32f0010_keil.o(.text)
    TIM1_CC_IRQHandler                       0x08000101   Thumb Code     0  startup_mm32f0010_keil.o(.text)
    UART2_IRQHandler                         0x08000101   Thumb Code     0  startup_mm32f0010_keil.o(.text)
    __aeabi_uidiv                            0x08000129   Thumb Code     0  uidiv.o(.text)
    __aeabi_uidivmod                         0x08000129   Thumb Code    44  uidiv.o(.text)
    __aeabi_memcpy                           0x08000155   Thumb Code    36  memcpya.o(.text)
    __aeabi_memcpy4                          0x08000155   Thumb Code     0  memcpya.o(.text)
    __aeabi_memcpy8                          0x08000155   Thumb Code     0  memcpya.o(.text)
    __aeabi_memset                           0x08000179   Thumb Code    14  memseta.o(.text)
    __aeabi_memset4                          0x08000179   Thumb Code     0  memseta.o(.text)
    __aeabi_memset8                          0x08000179   Thumb Code     0  memseta.o(.text)
    __aeabi_memclr                           0x08000187   Thumb Code     4  memseta.o(.text)
    __aeabi_memclr4                          0x08000187   Thumb Code     0  memseta.o(.text)
    __aeabi_memclr8                          0x08000187   Thumb Code     0  memseta.o(.text)
    _memset$wrapper                          0x0800018b   Thumb Code    18  memseta.o(.text)
    __aeabi_uread4                           0x0800019d   Thumb Code    20  uread4.o(.text)
    __rt_uread4                              0x0800019d   Thumb Code     0  uread4.o(.text)
    _uread4                                  0x0800019d   Thumb Code     0  uread4.o(.text)
    __aeabi_fadd                             0x080001b1   Thumb Code   162  fadd.o(.text)
    __aeabi_fsub                             0x08000253   Thumb Code     8  fadd.o(.text)
    __aeabi_frsub                            0x0800025b   Thumb Code     8  fadd.o(.text)
    __aeabi_fmul                             0x08000263   Thumb Code   122  fmul.o(.text)
    __aeabi_fdiv                             0x080002dd   Thumb Code   124  fdiv.o(.text)
    __aeabi_i2f                              0x08000359   Thumb Code    22  fflti.o(.text)
    __aeabi_ui2f                             0x0800036f   Thumb Code    14  ffltui.o(.text)
    __aeabi_f2uiz                            0x0800037d   Thumb Code    40  ffixui.o(.text)
    __aeabi_uldivmod                         0x080003a5   Thumb Code    96  uldiv.o(.text)
    __I$use$fp                               0x08000405   Thumb Code     0  iusefp.o(.text)
    _float_round                             0x08000405   Thumb Code    16  fepilogue.o(.text)
    _float_epilogue                          0x08000415   Thumb Code   114  fepilogue.o(.text)
    __scatterload                            0x08000489   Thumb Code    28  init.o(.text)
    __scatterload_rt2                        0x08000489   Thumb Code     0  init.o(.text)
    __aeabi_llsl                             0x080004ad   Thumb Code    32  llshl.o(.text)
    _ll_shift_l                              0x080004ad   Thumb Code     0  llshl.o(.text)
    __aeabi_llsr                             0x080004cd   Thumb Code    34  llushr.o(.text)
    _ll_ushift_r                             0x080004cd   Thumb Code     0  llushr.o(.text)
    __decompress                             0x080004ef   Thumb Code     0  __dczerorl2.o(.text)
    __decompress1                            0x080004ef   Thumb Code    86  __dczerorl2.o(.text)
    ABD_GetParaAddr                          0x08000545   Thumb Code     4  abd.o(i.ABD_GetParaAddr)
    ABD_GetParaLen                           0x0800054d   Thumb Code     4  abd.o(i.ABD_GetParaLen)
    ABD_HumanPresenceSensing                 0x08000551   Thumb Code   312  abd.o(i.ABD_HumanPresenceSensing)
    ABD_Init                                 0x080006a5   Thumb Code    16  abd.o(i.ABD_Init)
    ABD_ParaUpdate                           0x080006b5   Thumb Code    58  abd.o(i.ABD_ParaUpdate)
    BusFault_Handler                         0x08000709   Thumb Code     2  mm32_it.o(i.BusFault_Handler)
    CmdProc_AdcReset                         0x08000879   Thumb Code    64  cmdprocess.o(i.CmdProc_AdcReset)
    CmdProc_InCmdMode                        0x080008bd   Thumb Code     6  cmdprocess.o(i.CmdProc_InCmdMode)
    CmdProc_Init                             0x080008c9   Thumb Code    12  cmdprocess.o(i.CmdProc_Init)
    CmdProc_Recv                             0x080008d9   Thumb Code    32  cmdprocess.o(i.CmdProc_Recv)
    ConfigDfftPeakPara                       0x080009d9   Thumb Code   144  radar.o(i.ConfigDfftPeakPara)
    Config_EarseFlashData                    0x08000a79   Thumb Code    10  config.o(i.Config_EarseFlashData)
    Config_GetSN                             0x08000a89   Thumb Code     6  config.o(i.Config_GetSN)
    Config_Init                              0x08000a95   Thumb Code   112  config.o(i.Config_Init)
    Config_NeedFlashWrite                    0x08000b6d   Thumb Code     8  config.o(i.Config_NeedFlashWrite)
    Config_RetrieveFlashData                 0x08000b79   Thumb Code    98  config.o(i.Config_RetrieveFlashData)
    Config_SavePara2Flash                    0x08000c45   Thumb Code    20  config.o(i.Config_SavePara2Flash)
    Config_WriteData2Flash                   0x08000c5d   Thumb Code    74  config.o(i.Config_WriteData2Flash)
    DataProc_GetRadarDataLen                 0x08000e01   Thumb Code     6  dataprocess.o(i.DataProc_GetRadarDataLen)
    DataProc_Init                            0x08000e0d   Thumb Code    78  dataprocess.o(i.DataProc_Init)
    DataProc_NeedReconfig                    0x08000e8d   Thumb Code   104  dataprocess.o(i.DataProc_NeedReconfig)
    DataProc_Recv                            0x08000f21   Thumb Code    78  dataprocess.o(i.DataProc_Recv)
    DataProc_Send                            0x08000f81   Thumb Code     2  dataprocess.o(i.DataProc_Send)
    DebugMon_Handler                         0x080011a1   Thumb Code     2  mm32_it.o(i.DebugMon_Handler)
    Delay                                    0x080011a3   Thumb Code     8  platform.o(i.Delay)
    EXTI_ClearFlag                           0x08001499   Thumb Code     6  hal_exti.o(i.EXTI_ClearFlag)
    FLASH_ClearFlag                          0x080014a5   Thumb Code     6  hal_flash.o(i.FLASH_ClearFlag)
    FLASH_ErasePage                          0x080014b1   Thumb Code    30  hal_flash.o(i.FLASH_ErasePage)
    FLASH_GetStatus                          0x080014d9   Thumb Code    36  hal_flash.o(i.FLASH_GetStatus)
    FLASH_Lock                               0x08001501   Thumb Code    12  hal_flash.o(i.FLASH_Lock)
    FLASH_ProgramHalfWord                    0x08001511   Thumb Code    22  hal_flash.o(i.FLASH_ProgramHalfWord)
    FLASH_ProgramWord                        0x0800152d   Thumb Code    26  hal_flash.o(i.FLASH_ProgramWord)
    FLASH_Unlock                             0x08001549   Thumb Code    12  hal_flash.o(i.FLASH_Unlock)
    FLASH_WaitForLastOperation               0x08001561   Thumb Code    42  hal_flash.o(i.FLASH_WaitForLastOperation)
    Flash_ErasePage                          0x080015f9   Thumb Code    44  mm32_flash.o(i.Flash_ErasePage)
    Flash_Program                            0x08001625   Thumb Code    66  mm32_flash.o(i.Flash_Program)
    GPIO_Init                                0x0800166d   Thumb Code   142  hal_gpio.o(i.GPIO_Init)
    GPIO_PinAFConfig                         0x080016fb   Thumb Code    32  hal_gpio.o(i.GPIO_PinAFConfig)
    GPIO_ResetBits                           0x0800171b   Thumb Code     4  hal_gpio.o(i.GPIO_ResetBits)
    GPIO_SetBits                             0x0800171f   Thumb Code     4  hal_gpio.o(i.GPIO_SetBits)
    GPIO_StructInit                          0x08001723   Thumb Code    16  hal_gpio.o(i.GPIO_StructInit)
    GetRangeByCenterGravity                  0x08001851   Thumb Code   150  abd.o(i.GetRangeByCenterGravity)
    HAL_I2C_Init                             0x080018ed   Thumb Code   150  hal_i2c.o(i.HAL_I2C_Init)
    HAL_SPI_DeInit                           0x08001991   Thumb Code    28  hal_spi.o(i.HAL_SPI_DeInit)
    HAL_SPI_Init                             0x080019b1   Thumb Code   130  hal_spi.o(i.HAL_SPI_Init)
    HAL_UART_Init                            0x08001a33   Thumb Code    98  hal_uart.o(i.HAL_UART_Init)
    HardFault_Handler                        0x08001a95   Thumb Code     2  mm32_it.o(i.HardFault_Handler)
    I2C_Cmd                                  0x08001a97   Thumb Code    22  hal_i2c.o(i.I2C_Cmd)
    I2C_GenerateSTOP                         0x08001aad   Thumb Code    34  hal_i2c.o(i.I2C_GenerateSTOP)
    I2C_GetConfigBySpeed                     0x08001ad5   Thumb Code    26  mm32_i2c.o(i.I2C_GetConfigBySpeed)
    I2C_GetFlagStatus                        0x08001b01   Thumb Code    38  hal_i2c.o(i.I2C_GetFlagStatus)
    I2C_GetITStatus                          0x08001b2d   Thumb Code    10  hal_i2c.o(i.I2C_GetITStatus)
    I2C_Init                                 0x08001b39   Thumb Code   104  mm32_i2c.o(i.I2C_Init)
    I2C_MasterModeInit                       0x08001ba5   Thumb Code    52  mm32_i2c.o(i.I2C_MasterModeInit)
    I2C_Read                                 0x08001bd9   Thumb Code   128  mm32_i2c.o(i.I2C_Read)
    I2C_ReadCmd                              0x08001c61   Thumb Code     8  hal_i2c.o(i.I2C_ReadCmd)
    I2C_ReceiveData                          0x08001c69   Thumb Code    12  hal_i2c.o(i.I2C_ReceiveData)
    I2C_Send7bitAddress                      0x08001c79   Thumb Code     6  hal_i2c.o(i.I2C_Send7bitAddress)
    I2C_SendData                             0x08001c7f   Thumb Code     4  hal_i2c.o(i.I2C_SendData)
    I2C_SetDeviceAddr                        0x08001c83   Thumb Code    32  mm32_i2c.o(i.I2C_SetDeviceAddr)
    I2C_StructInit                           0x08001ca5   Thumb Code    18  hal_i2c.o(i.I2C_StructInit)
    I2C_Write                                0x08001cbd   Thumb Code    98  mm32_i2c.o(i.I2C_Write)
    IWDG_Enable                              0x08001d29   Thumb Code     8  hal_iwdg.o(i.IWDG_Enable)
    IWDG_GetFlagStatus                       0x08001d39   Thumb Code    16  hal_iwdg.o(i.IWDG_GetFlagStatus)
    IWDG_Init                                0x08001d4d   Thumb Code    66  mm32_iwdg.o(i.IWDG_Init)
    IWDG_Reload                              0x08001d99   Thumb Code     8  mm32_iwdg.o(i.IWDG_Reload)
    IWDG_ReloadCounter                       0x08001da1   Thumb Code     8  hal_iwdg.o(i.IWDG_ReloadCounter)
    IWDG_SetPrescaler                        0x08001db1   Thumb Code    12  hal_iwdg.o(i.IWDG_SetPrescaler)
    IWDG_SetReload                           0x08001dc1   Thumb Code    12  hal_iwdg.o(i.IWDG_SetReload)
    IWDG_WriteAccessCmd                      0x08001dd1   Thumb Code     6  hal_iwdg.o(i.IWDG_WriteAccessCmd)
    Indicator_RadarDataIndexError            0x08001ddd   Thumb Code    10  platform.o(i.Indicator_RadarDataIndexError)
    Indicator_RadarDataReceived              0x08001de9   Thumb Code    32  platform.o(i.Indicator_RadarDataReceived)
    IoOutInit                                0x08001e0d   Thumb Code    38  mm32_gpio.o(i.IoOutInit)
    IoOutOff                                 0x08001e33   Thumb Code    14  mm32_gpio.o(i.IoOutOff)
    IoOutOn                                  0x08001e41   Thumb Code    14  mm32_gpio.o(i.IoOutOn)
    LED_Init                                 0x08001e4f   Thumb Code     2  mm32_gpio.o(i.LED_Init)
    LED_On                                   0x08001e51   Thumb Code     2  mm32_gpio.o(i.LED_On)
    LED_Toggle                               0x08001e53   Thumb Code     2  mm32_gpio.o(i.LED_Toggle)
    MTT_ParaRead                             0x08001e55   Thumb Code     4  cmdprocess.o(i.MTT_ParaRead)
    MTT_ParaUpdate                           0x08001e5d   Thumb Code     6  cmdprocess.o(i.MTT_ParaUpdate)
    MemManage_Handler                        0x08001e63   Thumb Code     2  mm32_it.o(i.MemManage_Handler)
    NMI_Handler                              0x08001e65   Thumb Code     2  mm32_it.o(i.NMI_Handler)
    NVIC_Init                                0x08001e69   Thumb Code    70  hal_misc.o(i.NVIC_Init)
    PEAK_GetSysParaAddr                      0x08001eb9   Thumb Code     4  radar.o(i.PEAK_GetSysParaAddr)
    PEAK_GetSysParaLen                       0x08001ec1   Thumb Code     4  radar.o(i.PEAK_GetSysParaLen)
    PEAK_ParaRead                            0x08001ec5   Thumb Code    38  radar.o(i.PEAK_ParaRead)
    PEAK_ParaUpdate                          0x08001ef5   Thumb Code    66  radar.o(i.PEAK_ParaUpdate)
    PVU_CheckStatus                          0x08001f3d   Thumb Code    14  hal_iwdg.o(i.PVU_CheckStatus)
    PendSV_Handler                           0x08001f4b   Thumb Code     2  mm32_it.o(i.PendSV_Handler)
    Platform_Init                            0x08001f4d   Thumb Code    30  platform.o(i.Platform_Init)
    RCC_AHBPeriphClockCmd                    0x08001f6d   Thumb Code    18  hal_rcc.o(i.RCC_AHBPeriphClockCmd)
    RCC_APB1PeriphClockCmd                   0x08001f85   Thumb Code    18  hal_rcc.o(i.RCC_APB1PeriphClockCmd)
    RCC_APB1PeriphResetCmd                   0x08001f9d   Thumb Code    18  hal_rcc.o(i.RCC_APB1PeriphResetCmd)
    RCC_GetFlagStatus                        0x08001fb5   Thumb Code    42  hal_rcc.o(i.RCC_GetFlagStatus)
    RCC_GetHCLKFreq                          0x08001fe5   Thumb Code    22  hal_rcc.o(i.RCC_GetHCLKFreq)
    RCC_GetPCLK1Freq                         0x08002005   Thumb Code    22  hal_rcc.o(i.RCC_GetPCLK1Freq)
    RCC_GetSysClockFreq                      0x08002025   Thumb Code    30  hal_rcc.o(i.RCC_GetSysClockFreq)
    RCC_LSICmd                               0x08002055   Thumb Code    14  hal_rcc.o(i.RCC_LSICmd)
    RVU_CheckStatus                          0x08002069   Thumb Code    14  hal_iwdg.o(i.RVU_CheckStatus)
    Radar_EnterNormalMode                    0x08002079   Thumb Code    34  radar.o(i.Radar_EnterNormalMode)
    Radar_EnterPDMode                        0x080020a1   Thumb Code    38  radar.o(i.Radar_EnterPDMode)
    Radar_GetDataType                        0x080020cd   Thumb Code    56  radar.o(i.Radar_GetDataType)
    Radar_GetDfftPeakSize                    0x08002105   Thumb Code    28  radar.o(i.Radar_GetDfftPeakSize)
    Radar_GetFftPoint                        0x08002121   Thumb Code    24  radar.o(i.Radar_GetFftPoint)
    Radar_GetOneFrameChirpNum                0x08002139   Thumb Code    24  radar.o(i.Radar_GetOneFrameChirpNum)
    Radar_GetRadarParaAddr                   0x08002151   Thumb Code     4  radar.o(i.Radar_GetRadarParaAddr)
    Radar_GetRadarParaLen                    0x08002159   Thumb Code     6  radar.o(i.Radar_GetRadarParaLen)
    Radar_GetRawPoint                        0x08002161   Thumb Code    42  radar.o(i.Radar_GetRawPoint)
    Radar_Init                               0x08002191   Thumb Code    90  radar.o(i.Radar_Init)
    Radar_PreInit                            0x08002215   Thumb Code    34  radar.o(i.Radar_PreInit)
    Radar_UpdateReg                          0x0800223d   Thumb Code    42  radar.o(i.Radar_UpdateReg)
    RunFailed                                0x080022d5   Thumb Code    32  utilities.o(i.RunFailed)
    SPI1_IRQHandler                          0x08002381   Thumb Code    90  mm32_it.o(i.SPI1_IRQHandler)
    SPI_BiDirectionalLineConfig              0x080023f1   Thumb Code    46  hal_spi.o(i.SPI_BiDirectionalLineConfig)
    SPI_ClearITPendingBit                    0x0800241f   Thumb Code     8  hal_spi.o(i.SPI_ClearITPendingBit)
    SPI_Cmd                                  0x08002427   Thumb Code    20  hal_spi.o(i.SPI_Cmd)
    SPI_DeInit                               0x0800243d   Thumb Code    10  mm32_spi.o(i.SPI_DeInit)
    SPI_GetFlagStatus                        0x0800244d   Thumb Code    10  hal_spi.o(i.SPI_GetFlagStatus)
    SPI_GetITStatus                          0x08002457   Thumb Code    10  hal_spi.o(i.SPI_GetITStatus)
    SPI_ITConfig                             0x08002461   Thumb Code    34  hal_spi.o(i.SPI_ITConfig)
    SPI_Init                                 0x08002485   Thumb Code   100  mm32_spi.o(i.SPI_Init)
    SPI_ReceiveData                          0x080024ed   Thumb Code     8  hal_spi.o(i.SPI_ReceiveData)
    SPI_StructInit                           0x080024f5   Thumb Code    26  hal_spi.o(i.SPI_StructInit)
    SVC_Handler                              0x0800250f   Thumb Code     2  mm32_it.o(i.SVC_Handler)
    SYSTICK_Init                             0x08002511   Thumb Code    56  mm32_systick.o(i.SYSTICK_Init)
    StartAlgorithm                           0x080025dd   Thumb Code    12  dataprocess.o(i.StartAlgorithm)
    SysTick_Handler                          0x080025e9   Thumb Code    12  mm32_it.o(i.SysTick_Handler)
    SystemInit                               0x080025f5   Thumb Code    50  system_mm32f0010.o(i.SystemInit)
    System_GetSysParaAddr                    0x08002635   Thumb Code     4  system.o(i.System_GetSysParaAddr)
    System_GetSysParaLen                     0x0800263d   Thumb Code     4  system.o(i.System_GetSysParaLen)
    System_ParaInit                          0x08002641   Thumb Code    12  system.o(i.System_ParaInit)
    System_ParaRead                          0x08002651   Thumb Code    26  system.o(i.System_ParaRead)
    System_ParaUpdate                        0x08002675   Thumb Code    34  system.o(i.System_ParaUpdate)
    System_Reconfig                          0x0800269d   Thumb Code    42  system.o(i.System_Reconfig)
    TIM3_Disable                             0x080026cd   Thumb Code    12  mm32_systick.o(i.TIM3_Disable)
    TIM3_Enable                              0x080026dd   Thumb Code    12  mm32_systick.o(i.TIM3_Enable)
    TIM3_IRQHandler                          0x080026ed   Thumb Code    38  mm32_it.o(i.TIM3_IRQHandler)
    TIM3_Init                                0x0800271d   Thumb Code    90  mm32_systick.o(i.TIM3_Init)
    TIM_ClearFlag                            0x08002781   Thumb Code     8  hal_tim.o(i.TIM_ClearFlag)
    TIM_ClearITPendingBit                    0x08002789   Thumb Code     8  hal_tim.o(i.TIM_ClearITPendingBit)
    TIM_Cmd                                  0x08002791   Thumb Code    20  hal_tim.o(i.TIM_Cmd)
    TIM_ITConfig                             0x080027a5   Thumb Code    16  hal_tim.o(i.TIM_ITConfig)
    TIM_TimeBaseInit                         0x080027b5   Thumb Code    70  hal_tim.o(i.TIM_TimeBaseInit)
    TIM_TimeBaseStructInit                   0x08002805   Thumb Code    18  hal_tim.o(i.TIM_TimeBaseStructInit)
    TspiIoInit                               0x08002819   Thumb Code    36  mm32_gpio.o(i.TspiIoInit)
    UART1_GPIO_Init                          0x08002841   Thumb Code    80  mm32_uart.o(i.UART1_GPIO_Init)
    UART1_IRQHandler                         0x08002891   Thumb Code    30  mm32_it.o(i.UART1_IRQHandler)
    UART_ClearITPendingBit                   0x080028b5   Thumb Code     4  hal_uart.o(i.UART_ClearITPendingBit)
    UART_Cmd                                 0x080028b9   Thumb Code    12  hal_uart.o(i.UART_Cmd)
    UART_DirectSend                          0x080028c5   Thumb Code    46  mm32_uart.o(i.UART_DirectSend)
    UART_GetFlagStatus                       0x080028f9   Thumb Code    10  hal_uart.o(i.UART_GetFlagStatus)
    UART_GetITStatus                         0x08002903   Thumb Code    10  hal_uart.o(i.UART_GetITStatus)
    UART_ITConfig                            0x0800290d   Thumb Code    16  hal_uart.o(i.UART_ITConfig)
    UART_Init                                0x0800291d   Thumb Code    96  mm32_uart.o(i.UART_Init)
    UART_ReceiveData                         0x08002981   Thumb Code     6  hal_uart.o(i.UART_ReceiveData)
    UART_Recv                                0x08002989   Thumb Code    68  mm32_uart.o(i.UART_Recv)
    UART_RecvTimeout                         0x080029d5   Thumb Code    52  mm32_uart.o(i.UART_RecvTimeout)
    UART_SendData                            0x08002a0d   Thumb Code     6  hal_uart.o(i.UART_SendData)
    UART_StructInit                          0x08002a13   Thumb Code    24  hal_uart.o(i.UART_StructInit)
    UsageFault_Handler                       0x08002a2b   Thumb Code     2  mm32_it.o(i.UsageFault_Handler)
    WWDG_IWDG_IRQHandler                     0x08002a2d   Thumb Code    32  mm32_iwdg.o(i.WWDG_IWDG_IRQHandler)
    __0printf$8                              0x08002a59   Thumb Code    24  printf8.o(i.__0printf$8)
    __1printf$8                              0x08002a59   Thumb Code     0  printf8.o(i.__0printf$8)
    __2printf                                0x08002a59   Thumb Code     0  printf8.o(i.__0printf$8)
    __ARM_common_switch8                     0x08002a79   Thumb Code    26  cmdprocess.o(i.__ARM_common_switch8)
    __scatterload_copy                       0x08002ad9   Thumb Code    14  handlers.o(i.__scatterload_copy)
    __scatterload_null                       0x08002ae7   Thumb Code     2  handlers.o(i.__scatterload_null)
    __scatterload_zeroinit                   0x08002ae9   Thumb Code    14  handlers.o(i.__scatterload_zeroinit)
    delay_1ms                                0x08002f6d   Thumb Code    12  mm32_systick.o(i.delay_1ms)
    delay_decrement                          0x08002f7d   Thumb Code    16  mm32_systick.o(i.delay_decrement)
    fputc                                    0x08002f91   Thumb Code    30  mm32_uart.o(i.fputc)
    lsp                                      0x08002fb5   Thumb Code   184  abd.o(i.lsp)
    main                                     0x0800306d   Thumb Code    48  main.o(i.main)
    rangeGearParaUpdate                      0x080030b5   Thumb Code    40  abd.o(i.rangeGearParaUpdate)
    Region$$Table$$Base                      0x08003144   Number         0  anon$$obj.o(Region$$Table)
    Region$$Table$$Limit                     0x08003164   Number         0  anon$$obj.o(Region$$Table)
    RadarPara                                0x2000000c   Data           6  dataprocess.o(.data)
    g_ChannelCount                           0x2000019c   Data           1  radar.o(.data)
    g_dataRecvFlag                           0x200001a8   Data           2  mm32_spi.o(.data)
    SystemCoreClock                          0x200001ac   Data           4  system_mm32f0010.o(.data)
    tbPresc                                  0x200001b1   Data          16  hal_rcc.o(.data)
    __stdout                                 0x200001c4   Data           4  stdout.o(.data)
    g_dataRecvBuf                            0x20000488   Data         272  mm32_spi.o(.bss)
    g_cmdRecv                                0x20000598   Data         136  mm32_uart.o(.bss)
    __initial_sp                             0x20000770   Data           0  startup_mm32f0010_keil.o(STACK)



==============================================================================

Memory Map of the image

  Image Entry point : 0x080000b5

  Load Region LR_IROM1 (Base: 0x08000000, Size: 0x0000332c, Max: 0x00004000, ABSOLUTE, COMPRESSED[0x000032a4])

    Execution Region ER_IROM1 (Exec base: 0x08000000, Load base: 0x08000000, Size: 0x00003164, Max: 0x00004000, ABSOLUTE)

    Exec Addr    Load Addr    Size         Type   Attr      Idx    E Section Name        Object

    0x08000000   0x08000000   0x000000b4   Data   RO         1463    RESET               startup_mm32f0010_keil.o
    0x080000b4   0x080000b4   0x00000000   Code   RO         3686  * .ARM.Collect$$$$00000000  mc_p.l(entry.o)
    0x080000b4   0x080000b4   0x00000004   Code   RO         3972    .ARM.Collect$$$$00000001  mc_p.l(entry2.o)
    0x080000b8   0x080000b8   0x00000004   Code   RO         3975    .ARM.Collect$$$$00000004  mc_p.l(entry5.o)
    0x080000bc   0x080000bc   0x00000000   Code   RO         3977    .ARM.Collect$$$$00000008  mc_p.l(entry7b.o)
    0x080000bc   0x080000bc   0x00000000   Code   RO         3979    .ARM.Collect$$$$0000000A  mc_p.l(entry8b.o)
    0x080000bc   0x080000bc   0x00000008   Code   RO         3980    .ARM.Collect$$$$0000000B  mc_p.l(entry9a.o)
    0x080000c4   0x080000c4   0x00000000   Code   RO         3982    .ARM.Collect$$$$0000000D  mc_p.l(entry10a.o)
    0x080000c4   0x080000c4   0x00000000   Code   RO         3984    .ARM.Collect$$$$0000000F  mc_p.l(entry11a.o)
    0x080000c4   0x080000c4   0x00000004   Code   RO         3973    .ARM.Collect$$$$00002712  mc_p.l(entry2.o)
    0x080000c8   0x080000c8   0x00000060   Code   RO         1464    .text               startup_mm32f0010_keil.o
    0x08000128   0x08000128   0x0000002c   Code   RO         3689    .text               mc_p.l(uidiv.o)
    0x08000154   0x08000154   0x00000024   Code   RO         3691    .text               mc_p.l(memcpya.o)
    0x08000178   0x08000178   0x00000024   Code   RO         3693    .text               mc_p.l(memseta.o)
    0x0800019c   0x0800019c   0x00000014   Code   RO         3958    .text               mc_p.l(uread4.o)
    0x080001b0   0x080001b0   0x000000b2   Code   RO         3960    .text               mf_p.l(fadd.o)
    0x08000262   0x08000262   0x0000007a   Code   RO         3962    .text               mf_p.l(fmul.o)
    0x080002dc   0x080002dc   0x0000007c   Code   RO         3964    .text               mf_p.l(fdiv.o)
    0x08000358   0x08000358   0x00000016   Code   RO         3966    .text               mf_p.l(fflti.o)
    0x0800036e   0x0800036e   0x0000000e   Code   RO         3968    .text               mf_p.l(ffltui.o)
    0x0800037c   0x0800037c   0x00000028   Code   RO         3970    .text               mf_p.l(ffixui.o)
    0x080003a4   0x080003a4   0x00000060   Code   RO         3987    .text               mc_p.l(uldiv.o)
    0x08000404   0x08000404   0x00000000   Code   RO         3989    .text               mc_p.l(iusefp.o)
    0x08000404   0x08000404   0x00000082   Code   RO         3990    .text               mf_p.l(fepilogue.o)
    0x08000486   0x08000486   0x00000002   PAD
    0x08000488   0x08000488   0x00000024   Code   RO         4002    .text               mc_p.l(init.o)
    0x080004ac   0x080004ac   0x00000020   Code   RO         4004    .text               mc_p.l(llshl.o)
    0x080004cc   0x080004cc   0x00000022   Code   RO         4006    .text               mc_p.l(llushr.o)
    0x080004ee   0x080004ee   0x00000056   Code   RO         4022    .text               mc_p.l(__dczerorl2.o)
    0x08000544   0x08000544   0x00000008   Code   RO          598    i.ABD_GetParaAddr   abd.o
    0x0800054c   0x0800054c   0x00000004   Code   RO          599    i.ABD_GetParaLen    abd.o
    0x08000550   0x08000550   0x00000154   Code   RO          600    i.ABD_HumanPresenceSensing  abd.o
    0x080006a4   0x080006a4   0x00000010   Code   RO          601    i.ABD_Init          abd.o
    0x080006b4   0x080006b4   0x00000040   Code   RO          602    i.ABD_ParaUpdate    abd.o
    0x080006f4   0x080006f4   0x00000014   Code   RO            3    i.AckSend           cmdprocess.o
    0x08000708   0x08000708   0x00000002   Code   RO         1091    i.BusFault_Handler  mm32_it.o
    0x0800070a   0x0800070a   0x00000002   PAD
    0x0800070c   0x0800070c   0x00000054   Code   RO          366    i.CheckChirpIndex   dataprocess.o
    0x08000760   0x08000760   0x00000118   Code   RO            4    i.CmdExec           cmdprocess.o
    0x08000878   0x08000878   0x00000044   Code   RO            5    i.CmdProc_AdcReset  cmdprocess.o
    0x080008bc   0x080008bc   0x0000000c   Code   RO            6    i.CmdProc_InCmdMode  cmdprocess.o
    0x080008c8   0x080008c8   0x00000010   Code   RO            7    i.CmdProc_Init      cmdprocess.o
    0x080008d8   0x080008d8   0x00000024   Code   RO            8    i.CmdProc_Recv      cmdprocess.o
    0x080008fc   0x080008fc   0x000000dc   Code   RO            9    i.CmdProcess        cmdprocess.o
    0x080009d8   0x080009d8   0x000000a0   Code   RO          839    i.ConfigDfftPeakPara  radar.o
    0x08000a78   0x08000a78   0x00000010   Code   RO          296    i.Config_EarseFlashData  config.o
    0x08000a88   0x08000a88   0x0000000c   Code   RO          297    i.Config_GetSN      config.o
    0x08000a94   0x08000a94   0x000000d8   Code   RO          298    i.Config_Init       config.o
    0x08000b6c   0x08000b6c   0x0000000c   Code   RO          299    i.Config_NeedFlashWrite  config.o
    0x08000b78   0x08000b78   0x000000cc   Code   RO          300    i.Config_RetrieveFlashData  config.o
    0x08000c44   0x08000c44   0x00000018   Code   RO          301    i.Config_SavePara2Flash  config.o
    0x08000c5c   0x08000c5c   0x00000058   Code   RO          302    i.Config_WriteData2Flash  config.o
    0x08000cb4   0x08000cb4   0x00000064   Code   RO          367    i.DataCopy          dataprocess.o
    0x08000d18   0x08000d18   0x000000e8   Code   RO          368    i.DataParse         dataprocess.o
    0x08000e00   0x08000e00   0x0000000c   Code   RO          369    i.DataProc_GetRadarDataLen  dataprocess.o
    0x08000e0c   0x08000e0c   0x00000080   Code   RO          371    i.DataProc_Init     dataprocess.o
    0x08000e8c   0x08000e8c   0x00000094   Code   RO          372    i.DataProc_NeedReconfig  dataprocess.o
    0x08000f20   0x08000f20   0x00000060   Code   RO          373    i.DataProc_Recv     dataprocess.o
    0x08000f80   0x08000f80   0x00000002   Code   RO          374    i.DataProc_Send     dataprocess.o
    0x08000f82   0x08000f82   0x00000002   PAD
    0x08000f84   0x08000f84   0x000000d8   Code   RO          375    i.DataProcess       dataprocess.o
    0x0800105c   0x0800105c   0x00000074   Code   RO          376    i.DataStateIdParse  dataprocess.o
    0x080010d0   0x080010d0   0x00000048   Code   RO          377    i.DataStateIndex1Parse  dataprocess.o
    0x08001118   0x08001118   0x00000038   Code   RO          378    i.DataStateIndex2Parse  dataprocess.o
    0x08001150   0x08001150   0x00000050   Code   RO          379    i.DataStateTail3Parse  dataprocess.o
    0x080011a0   0x080011a0   0x00000002   Code   RO         1092    i.DebugMon_Handler  mm32_it.o
    0x080011a2   0x080011a2   0x00000008   Code   RO          699    i.Delay             platform.o
    0x080011aa   0x080011aa   0x00000002   PAD
    0x080011ac   0x080011ac   0x00000090   Code   RO           10    i.DoReadPara        cmdprocess.o
    0x0800123c   0x0800123c   0x0000007c   Code   RO           11    i.DoReadReg         cmdprocess.o
    0x080012b8   0x080012b8   0x000000d0   Code   RO           12    i.DoWritePara       cmdprocess.o
    0x08001388   0x08001388   0x00000090   Code   RO           13    i.DoWriteReg        cmdprocess.o
    0x08001418   0x08001418   0x00000080   Code   RO          840    i.DumpChipRegValue  radar.o
    0x08001498   0x08001498   0x0000000c   Code   RO         1745    i.EXTI_ClearFlag    hal_exti.o
    0x080014a4   0x080014a4   0x0000000c   Code   RO         1834    i.FLASH_ClearFlag   hal_flash.o
    0x080014b0   0x080014b0   0x00000028   Code   RO         1838    i.FLASH_ErasePage   hal_flash.o
    0x080014d8   0x080014d8   0x00000028   Code   RO         1841    i.FLASH_GetStatus   hal_flash.o
    0x08001500   0x08001500   0x00000010   Code   RO         1846    i.FLASH_Lock        hal_flash.o
    0x08001510   0x08001510   0x0000001c   Code   RO         1849    i.FLASH_ProgramHalfWord  hal_flash.o
    0x0800152c   0x0800152c   0x0000001a   Code   RO         1853    i.FLASH_ProgramWord  hal_flash.o
    0x08001546   0x08001546   0x00000002   PAD
    0x08001548   0x08001548   0x00000018   Code   RO         1855    i.FLASH_Unlock      hal_flash.o
    0x08001560   0x08001560   0x00000030   Code   RO         1857    i.FLASH_WaitForLastOperation  hal_flash.o
    0x08001590   0x08001590   0x00000068   Code   RO           14    i.FillCmdAck        cmdprocess.o
    0x080015f8   0x080015f8   0x0000002c   Code   RO         1245    i.Flash_ErasePage   mm32_flash.o
    0x08001624   0x08001624   0x00000048   Code   RO         1246    i.Flash_Program     mm32_flash.o
    0x0800166c   0x0800166c   0x0000008e   Code   RO         2025    i.GPIO_Init         hal_gpio.o
    0x080016fa   0x080016fa   0x00000020   Code   RO         2026    i.GPIO_PinAFConfig  hal_gpio.o
    0x0800171a   0x0800171a   0x00000004   Code   RO         2033    i.GPIO_ResetBits    hal_gpio.o
    0x0800171e   0x0800171e   0x00000004   Code   RO         2034    i.GPIO_SetBits      hal_gpio.o
    0x08001722   0x08001722   0x00000010   Code   RO         2035    i.GPIO_StructInit   hal_gpio.o
    0x08001732   0x08001732   0x00000040   Code   RO          604    i.GetDfftPeakData   abd.o
    0x08001772   0x08001772   0x00000002   PAD
    0x08001774   0x08001774   0x000000dc   Code   RO          380    i.GetRadarPara      dataprocess.o
    0x08001850   0x08001850   0x0000009c   Code   RO          605    i.GetRangeByCenterGravity  abd.o
    0x080018ec   0x080018ec   0x000000a4   Code   RO         2136    i.HAL_I2C_Init      hal_i2c.o
    0x08001990   0x08001990   0x00000020   Code   RO         2671    i.HAL_SPI_DeInit    hal_spi.o
    0x080019b0   0x080019b0   0x00000082   Code   RO         2672    i.HAL_SPI_Init      hal_spi.o
    0x08001a32   0x08001a32   0x00000062   Code   RO         3371    i.HAL_UART_Init     hal_uart.o
    0x08001a94   0x08001a94   0x00000002   Code   RO         1093    i.HardFault_Handler  mm32_it.o
    0x08001a96   0x08001a96   0x00000016   Code   RO         2140    i.I2C_Cmd           hal_i2c.o
    0x08001aac   0x08001aac   0x00000028   Code   RO         2145    i.I2C_GenerateSTOP  hal_i2c.o
    0x08001ad4   0x08001ad4   0x0000002c   Code   RO         1271    i.I2C_GetConfigBySpeed  mm32_i2c.o
    0x08001b00   0x08001b00   0x0000002c   Code   RO         2146    i.I2C_GetFlagStatus  hal_i2c.o
    0x08001b2c   0x08001b2c   0x0000000a   Code   RO         2147    i.I2C_GetITStatus   hal_i2c.o
    0x08001b36   0x08001b36   0x00000002   PAD
    0x08001b38   0x08001b38   0x0000006c   Code   RO         1272    i.I2C_Init          mm32_i2c.o
    0x08001ba4   0x08001ba4   0x00000034   Code   RO         1273    i.I2C_MasterModeInit  mm32_i2c.o
    0x08001bd8   0x08001bd8   0x00000088   Code   RO         1274    i.I2C_Read          mm32_i2c.o
    0x08001c60   0x08001c60   0x00000008   Code   RO         2151    i.I2C_ReadCmd       hal_i2c.o
    0x08001c68   0x08001c68   0x00000010   Code   RO         2153    i.I2C_ReceiveData   hal_i2c.o
    0x08001c78   0x08001c78   0x00000006   Code   RO         2154    i.I2C_Send7bitAddress  hal_i2c.o
    0x08001c7e   0x08001c7e   0x00000004   Code   RO         2155    i.I2C_SendData      hal_i2c.o
    0x08001c82   0x08001c82   0x00000020   Code   RO         1275    i.I2C_SetDeviceAddr  mm32_i2c.o
    0x08001ca2   0x08001ca2   0x00000002   PAD
    0x08001ca4   0x08001ca4   0x00000018   Code   RO         2158    i.I2C_StructInit    hal_i2c.o
    0x08001cbc   0x08001cbc   0x0000006c   Code   RO         1276    i.I2C_Write         mm32_i2c.o
    0x08001d28   0x08001d28   0x00000010   Code   RO         2295    i.IWDG_Enable       hal_iwdg.o
    0x08001d38   0x08001d38   0x00000014   Code   RO         2296    i.IWDG_GetFlagStatus  hal_iwdg.o
    0x08001d4c   0x08001d4c   0x0000004c   Code   RO         1420    i.IWDG_Init         mm32_iwdg.o
    0x08001d98   0x08001d98   0x00000008   Code   RO         1421    i.IWDG_Reload       mm32_iwdg.o
    0x08001da0   0x08001da0   0x00000010   Code   RO         2298    i.IWDG_ReloadCounter  hal_iwdg.o
    0x08001db0   0x08001db0   0x00000010   Code   RO         2299    i.IWDG_SetPrescaler  hal_iwdg.o
    0x08001dc0   0x08001dc0   0x00000010   Code   RO         2300    i.IWDG_SetReload    hal_iwdg.o
    0x08001dd0   0x08001dd0   0x0000000c   Code   RO         2301    i.IWDG_WriteAccessCmd  hal_iwdg.o
    0x08001ddc   0x08001ddc   0x0000000a   Code   RO          701    i.Indicator_RadarDataIndexError  platform.o
    0x08001de6   0x08001de6   0x00000002   PAD
    0x08001de8   0x08001de8   0x00000024   Code   RO          702    i.Indicator_RadarDataReceived  platform.o
    0x08001e0c   0x08001e0c   0x00000026   Code   RO          997    i.IoOutInit         mm32_gpio.o
    0x08001e32   0x08001e32   0x0000000e   Code   RO          998    i.IoOutOff          mm32_gpio.o
    0x08001e40   0x08001e40   0x0000000e   Code   RO          999    i.IoOutOn           mm32_gpio.o
    0x08001e4e   0x08001e4e   0x00000002   Code   RO         1000    i.LED_Init          mm32_gpio.o
    0x08001e50   0x08001e50   0x00000002   Code   RO         1002    i.LED_On            mm32_gpio.o
    0x08001e52   0x08001e52   0x00000002   Code   RO         1003    i.LED_Toggle        mm32_gpio.o
    0x08001e54   0x08001e54   0x00000008   Code   RO           15    i.MTT_ParaRead      cmdprocess.o
    0x08001e5c   0x08001e5c   0x00000006   Code   RO           16    i.MTT_ParaUpdate    cmdprocess.o
    0x08001e62   0x08001e62   0x00000002   Code   RO         1094    i.MemManage_Handler  mm32_it.o
    0x08001e64   0x08001e64   0x00000002   Code   RO         1095    i.NMI_Handler       mm32_it.o
    0x08001e66   0x08001e66   0x00000002   PAD
    0x08001e68   0x08001e68   0x00000050   Code   RO         2364    i.NVIC_Init         hal_misc.o
    0x08001eb8   0x08001eb8   0x00000008   Code   RO          841    i.PEAK_GetSysParaAddr  radar.o
    0x08001ec0   0x08001ec0   0x00000004   Code   RO          842    i.PEAK_GetSysParaLen  radar.o
    0x08001ec4   0x08001ec4   0x00000030   Code   RO          843    i.PEAK_ParaRead     radar.o
    0x08001ef4   0x08001ef4   0x00000048   Code   RO          844    i.PEAK_ParaUpdate   radar.o
    0x08001f3c   0x08001f3c   0x0000000e   Code   RO         2302    i.PVU_CheckStatus   hal_iwdg.o
    0x08001f4a   0x08001f4a   0x00000002   Code   RO         1096    i.PendSV_Handler    mm32_it.o
    0x08001f4c   0x08001f4c   0x0000001e   Code   RO          705    i.Platform_Init     platform.o
    0x08001f6a   0x08001f6a   0x00000002   PAD
    0x08001f6c   0x08001f6c   0x00000018   Code   RO         2471    i.RCC_AHBPeriphClockCmd  hal_rcc.o
    0x08001f84   0x08001f84   0x00000018   Code   RO         2473    i.RCC_APB1PeriphClockCmd  hal_rcc.o
    0x08001f9c   0x08001f9c   0x00000018   Code   RO         2474    i.RCC_APB1PeriphResetCmd  hal_rcc.o
    0x08001fb4   0x08001fb4   0x00000030   Code   RO         2480    i.RCC_GetFlagStatus  hal_rcc.o
    0x08001fe4   0x08001fe4   0x00000020   Code   RO         2481    i.RCC_GetHCLKFreq   hal_rcc.o
    0x08002004   0x08002004   0x00000020   Code   RO         2483    i.RCC_GetPCLK1Freq  hal_rcc.o
    0x08002024   0x08002024   0x00000030   Code   RO         2485    i.RCC_GetSysClockFreq  hal_rcc.o
    0x08002054   0x08002054   0x00000014   Code   RO         2490    i.RCC_LSICmd        hal_rcc.o
    0x08002068   0x08002068   0x0000000e   Code   RO         2303    i.RVU_CheckStatus   hal_iwdg.o
    0x08002076   0x08002076   0x00000002   PAD
    0x08002078   0x08002078   0x00000028   Code   RO          845    i.Radar_EnterNormalMode  radar.o
    0x080020a0   0x080020a0   0x0000002c   Code   RO          846    i.Radar_EnterPDMode  radar.o
    0x080020cc   0x080020cc   0x00000038   Code   RO          847    i.Radar_GetDataType  radar.o
    0x08002104   0x08002104   0x0000001c   Code   RO          850    i.Radar_GetDfftPeakSize  radar.o
    0x08002120   0x08002120   0x00000018   Code   RO          851    i.Radar_GetFftPoint  radar.o
    0x08002138   0x08002138   0x00000018   Code   RO          852    i.Radar_GetOneFrameChirpNum  radar.o
    0x08002150   0x08002150   0x00000008   Code   RO          853    i.Radar_GetRadarParaAddr  radar.o
    0x08002158   0x08002158   0x00000006   Code   RO          854    i.Radar_GetRadarParaLen  radar.o
    0x0800215e   0x0800215e   0x00000002   PAD
    0x08002160   0x08002160   0x00000030   Code   RO          855    i.Radar_GetRawPoint  radar.o
    0x08002190   0x08002190   0x00000084   Code   RO          856    i.Radar_Init        radar.o
    0x08002214   0x08002214   0x00000028   Code   RO          857    i.Radar_PreInit     radar.o
    0x0800223c   0x0800223c   0x00000030   Code   RO          858    i.Radar_UpdateReg   radar.o
    0x0800226c   0x0800226c   0x00000068   Code   RO          859    i.ReplaceSpecialRegs  radar.o
    0x080022d4   0x080022d4   0x00000040   Code   RO          502    i.RunFailed         utilities.o
    0x08002314   0x08002314   0x0000006c   Code   RO         1320    i.SPI1_GPIO_SlaveInit  mm32_spi.o
    0x08002380   0x08002380   0x00000070   Code   RO         1097    i.SPI1_IRQHandler   mm32_it.o
    0x080023f0   0x080023f0   0x0000002e   Code   RO         2673    i.SPI_BiDirectionalLineConfig  hal_spi.o
    0x0800241e   0x0800241e   0x00000008   Code   RO         2675    i.SPI_ClearITPendingBit  hal_spi.o
    0x08002426   0x08002426   0x00000014   Code   RO         2676    i.SPI_Cmd           hal_spi.o
    0x0800243a   0x0800243a   0x00000002   PAD
    0x0800243c   0x0800243c   0x00000010   Code   RO         1321    i.SPI_DeInit        mm32_spi.o
    0x0800244c   0x0800244c   0x0000000a   Code   RO         2680    i.SPI_GetFlagStatus  hal_spi.o
    0x08002456   0x08002456   0x0000000a   Code   RO         2681    i.SPI_GetITStatus   hal_spi.o
    0x08002460   0x08002460   0x00000022   Code   RO         2682    i.SPI_ITConfig      hal_spi.o
    0x08002482   0x08002482   0x00000002   PAD
    0x08002484   0x08002484   0x00000068   Code   RO         1322    i.SPI_Init          mm32_spi.o
    0x080024ec   0x080024ec   0x00000008   Code   RO         2684    i.SPI_ReceiveData   hal_spi.o
    0x080024f4   0x080024f4   0x0000001a   Code   RO         2688    i.SPI_StructInit    hal_spi.o
    0x0800250e   0x0800250e   0x00000002   Code   RO         1098    i.SVC_Handler       mm32_it.o
    0x08002510   0x08002510   0x00000044   Code   RO         1181    i.SYSTICK_Init      mm32_systick.o
    0x08002554   0x08002554   0x00000088   Code   RO         1470    i.SetSysClockTo48_HSI  system_mm32f0010.o
    0x080025dc   0x080025dc   0x0000000c   Code   RO          381    i.StartAlgorithm    dataprocess.o
    0x080025e8   0x080025e8   0x0000000c   Code   RO         1099    i.SysTick_Handler   mm32_it.o
    0x080025f4   0x080025f4   0x00000040   Code   RO         1471    i.SystemInit        system_mm32f0010.o
    0x08002634   0x08002634   0x00000008   Code   RO          527    i.System_GetSysParaAddr  system.o
    0x0800263c   0x0800263c   0x00000004   Code   RO          528    i.System_GetSysParaLen  system.o
    0x08002640   0x08002640   0x00000010   Code   RO          530    i.System_ParaInit   system.o
    0x08002650   0x08002650   0x00000024   Code   RO          531    i.System_ParaRead   system.o
    0x08002674   0x08002674   0x00000028   Code   RO          532    i.System_ParaUpdate  system.o
    0x0800269c   0x0800269c   0x00000030   Code   RO          533    i.System_Reconfig   system.o
    0x080026cc   0x080026cc   0x00000010   Code   RO         1182    i.TIM3_Disable      mm32_systick.o
    0x080026dc   0x080026dc   0x00000010   Code   RO         1183    i.TIM3_Enable       mm32_systick.o
    0x080026ec   0x080026ec   0x00000030   Code   RO         1100    i.TIM3_IRQHandler   mm32_it.o
    0x0800271c   0x0800271c   0x00000064   Code   RO         1184    i.TIM3_Init         mm32_systick.o
    0x08002780   0x08002780   0x00000008   Code   RO         2828    i.TIM_ClearFlag     hal_tim.o
    0x08002788   0x08002788   0x00000008   Code   RO         2829    i.TIM_ClearITPendingBit  hal_tim.o
    0x08002790   0x08002790   0x00000014   Code   RO         2834    i.TIM_Cmd           hal_tim.o
    0x080027a4   0x080027a4   0x00000010   Code   RO         2857    i.TIM_ITConfig      hal_tim.o
    0x080027b4   0x080027b4   0x00000050   Code   RO         2902    i.TIM_TimeBaseInit  hal_tim.o
    0x08002804   0x08002804   0x00000012   Code   RO         2903    i.TIM_TimeBaseStructInit  hal_tim.o
    0x08002816   0x08002816   0x00000002   PAD
    0x08002818   0x08002818   0x00000028   Code   RO         1005    i.TspiIoInit        mm32_gpio.o
    0x08002840   0x08002840   0x00000050   Code   RO         1358    i.UART1_GPIO_Init   mm32_uart.o
    0x08002890   0x08002890   0x00000024   Code   RO         1101    i.UART1_IRQHandler  mm32_it.o
    0x080028b4   0x080028b4   0x00000004   Code   RO         3373    i.UART_ClearITPendingBit  hal_uart.o
    0x080028b8   0x080028b8   0x0000000c   Code   RO         3374    i.UART_Cmd          hal_uart.o
    0x080028c4   0x080028c4   0x00000034   Code   RO         1359    i.UART_DirectSend   mm32_uart.o
    0x080028f8   0x080028f8   0x0000000a   Code   RO         3377    i.UART_GetFlagStatus  hal_uart.o
    0x08002902   0x08002902   0x0000000a   Code   RO         3378    i.UART_GetITStatus  hal_uart.o
    0x0800290c   0x0800290c   0x00000010   Code   RO         3380    i.UART_ITConfig     hal_uart.o
    0x0800291c   0x0800291c   0x00000064   Code   RO         1360    i.UART_Init         mm32_uart.o
    0x08002980   0x08002980   0x00000006   Code   RO         3381    i.UART_ReceiveData  hal_uart.o
    0x08002986   0x08002986   0x00000002   PAD
    0x08002988   0x08002988   0x0000004c   Code   RO         1361    i.UART_Recv         mm32_uart.o
    0x080029d4   0x080029d4   0x00000038   Code   RO         1362    i.UART_RecvTimeout  mm32_uart.o
    0x08002a0c   0x08002a0c   0x00000006   Code   RO         3384    i.UART_SendData     hal_uart.o
    0x08002a12   0x08002a12   0x00000018   Code   RO         3393    i.UART_StructInit   hal_uart.o
    0x08002a2a   0x08002a2a   0x00000002   Code   RO         1102    i.UsageFault_Handler  mm32_it.o
    0x08002a2c   0x08002a2c   0x0000002c   Code   RO         1423    i.WWDG_IWDG_IRQHandler  mm32_iwdg.o
    0x08002a58   0x08002a58   0x00000020   Code   RO         3904    i.__0printf$8       mc_p.l(printf8.o)
    0x08002a78   0x08002a78   0x0000001a   Code   RO           93    i.__ARM_common_switch8  cmdprocess.o
    0x08002a92   0x08002a92   0x00000002   PAD
    0x08002a94   0x08002a94   0x00000044   Code   RO         1185    i.__NVIC_SetPriority  mm32_systick.o
    0x08002ad8   0x08002ad8   0x0000000e   Code   RO         4016    i.__scatterload_copy  mc_p.l(handlers.o)
    0x08002ae6   0x08002ae6   0x00000002   Code   RO         4017    i.__scatterload_null  mc_p.l(handlers.o)
    0x08002ae8   0x08002ae8   0x0000000e   Code   RO         4018    i.__scatterload_zeroinit  mc_p.l(handlers.o)
    0x08002af6   0x08002af6   0x00000002   PAD
    0x08002af8   0x08002af8   0x00000428   Code   RO         3911    i._printf_core      mc_p.l(printf8.o)
    0x08002f20   0x08002f20   0x00000020   Code   RO         3912    i._printf_post_padding  mc_p.l(printf8.o)
    0x08002f40   0x08002f40   0x0000002c   Code   RO         3913    i._printf_pre_padding  mc_p.l(printf8.o)
    0x08002f6c   0x08002f6c   0x00000010   Code   RO         1186    i.delay_1ms         mm32_systick.o
    0x08002f7c   0x08002f7c   0x00000014   Code   RO         1187    i.delay_decrement   mm32_systick.o
    0x08002f90   0x08002f90   0x00000024   Code   RO         1363    i.fputc             mm32_uart.o
    0x08002fb4   0x08002fb4   0x000000b8   Code   RO          608    i.lsp               abd.o
    0x0800306c   0x0800306c   0x00000048   Code   RO          478    i.main              main.o
    0x080030b4   0x080030b4   0x0000002c   Code   RO          609    i.rangeGearParaUpdate  abd.o
    0x080030e0   0x080030e0   0x0000000e   Data   RO           18    .constdata          cmdprocess.o
    0x080030ee   0x080030ee   0x00000056   Data   RO          861    .constdata          radar.o
    0x08003144   0x08003144   0x00000020   Data   RO         4014    Region$$Table       anon$$obj.o


    Execution Region RW_IRAM1 (Exec base: 0x20000000, Load base: 0x08003164, Size: 0x00000770, Max: 0x00000800, ABSOLUTE, COMPRESSED[0x00000140])

    Exec Addr    Load Addr    Size         Type   Attr      Idx    E Section Name        Object

    0x20000000   COMPRESSED   0x00000004   Data   RW           19    .data               cmdprocess.o
    0x20000004   COMPRESSED   0x00000001   Data   RW          304    .data               config.o
    0x20000005   COMPRESSED   0x00000001   PAD
    0x20000006   COMPRESSED   0x0000000c   Data   RW          383    .data               dataprocess.o
    0x20000012   COMPRESSED   0x00000002   PAD
    0x20000014   COMPRESSED   0x00000008   Data   RW          534    .data               system.o
    0x2000001c   COMPRESSED   0x00000020   Data   RW          612    .data               abd.o
    0x2000003c   COMPRESSED   0x00000004   Data   RW          706    .data               platform.o
    0x20000040   COMPRESSED   0x0000015c   Data   RW          862    .data               radar.o
    0x2000019c   COMPRESSED   0x00000001   Data   RW          863    .data               radar.o
    0x2000019d   COMPRESSED   0x00000001   PAD
    0x2000019e   COMPRESSED   0x00000004   Data   RW         1103    .data               mm32_it.o
    0x200001a2   COMPRESSED   0x00000002   PAD
    0x200001a4   COMPRESSED   0x00000004   Data   RW         1188    .data               mm32_systick.o
    0x200001a8   COMPRESSED   0x00000002   Data   RW         1324    .data               mm32_spi.o
    0x200001aa   COMPRESSED   0x00000002   PAD
    0x200001ac   COMPRESSED   0x00000004   Data   RW         1472    .data               system_mm32f0010.o
    0x200001b0   COMPRESSED   0x00000001   Data   RW         2159    .data               hal_i2c.o
    0x200001b1   COMPRESSED   0x00000010   Data   RW         2500    .data               hal_rcc.o
    0x200001c1   COMPRESSED   0x00000003   PAD
    0x200001c4   COMPRESSED   0x00000004   Data   RW         3986    .data               mc_p.l(stdout.o)
    0x200001c8        -       0x0000007c   Zero   RW           17    .bss                cmdprocess.o
    0x20000244        -       0x00000024   Zero   RW          303    .bss                config.o
    0x20000268        -       0x00000092   Zero   RW          382    .bss                dataprocess.o
    0x200002fa   COMPRESSED   0x00000002   PAD
    0x200002fc        -       0x00000138   Zero   RW          610    .bss                abd.o
    0x20000434        -       0x00000054   Zero   RW          860    .bss                radar.o
    0x20000488        -       0x00000110   Zero   RW         1323    .bss                mm32_spi.o
    0x20000598        -       0x00000088   Zero   RW         1364    .bss                mm32_uart.o
    0x20000620        -       0x00000150   Zero   RW         1461    STACK               startup_mm32f0010_keil.o


==============================================================================

Image component sizes


      Code (inc. data)   RO Data    RW Data    ZI Data      Debug   Object Name

       880         48          0         32        312      10226   abd.o
      1416        124         14          4        124      48553   cmdprocess.o
       572        244          0          1         36       4709   config.o
      1574        330          0         12        146      12680   dataprocess.o
        12          6          0          0          0        517   hal_exti.o
       234         48          0          0          0       8519   hal_flash.o
       198          0          0          0          0       5717   hal_gpio.o
       338         36          0          1          0       9550   hal_i2c.o
       124         34          0          0          0       4735   hal_iwdg.o
        80         10          0          0          0       1096   hal_misc.o
       252         68          0         16          0       7252   hal_rcc.o
       324          4          0          0          0       9460   hal_spi.o
       150         10          0          0          0       9982   hal_tim.o
       186          0          0          0          0       7105   hal_uart.o
        72         24          0          0          0        495   main.o
       116          6          0          0          0       1982   mm32_flash.o
       112          4          0          0          0       3459   mm32_gpio.o
       480         40          0          0          0       5032   mm32_i2c.o
       224         38          0          4          0       5901   mm32_it.o
       128         22          0          0          0       2185   mm32_iwdg.o
       228         10          0          2        272       2667   mm32_spi.o
       304         46          0          4          0      12474   mm32_systick.o
       400         28          0          0        136       6604   mm32_uart.o
        84          4          0          4          0      77912   platform.o
      1022        164         86        349         84      14743   radar.o
        96         38        180          0        336        872   startup_mm32f0010_keil.o
       152         30          0          8          0       3373   system.o
       200         48          0          4          0       2029   system_mm32f0010.o
        64         32          0          0          0       1136   utilities.o

    ----------------------------------------------------------------------
     10056       1496        312        452       1448     280965   Object Totals
         0          0         32          0          0          0   (incl. Generated)
        34          0          0         11          2          0   (incl. Padding)

    ----------------------------------------------------------------------

      Code (inc. data)   RO Data    RW Data    ZI Data      Debug   Library Member Name

        86          0          0          0          0          0   __dczerorl2.o
         0          0          0          0          0          0   entry.o
         0          0          0          0          0          0   entry10a.o
         0          0          0          0          0          0   entry11a.o
         8          4          0          0          0          0   entry2.o
         4          0          0          0          0          0   entry5.o
         0          0          0          0          0          0   entry7b.o
         0          0          0          0          0          0   entry8b.o
         8          4          0          0          0          0   entry9a.o
        30          0          0          0          0          0   handlers.o
        36          8          0          0          0         68   init.o
         0          0          0          0          0          0   iusefp.o
        32          0          0          0          0         68   llshl.o
        34          0          0          0          0         68   llushr.o
        36          0          0          0          0         60   memcpya.o
        36          0          0          0          0        100   memseta.o
      1172         52          0          0          0        324   printf8.o
         0          0          0          4          0          0   stdout.o
        44          0          0          0          0         72   uidiv.o
        96          0          0          0          0         84   uldiv.o
        20          0          0          0          0         60   uread4.o
       178          0          0          0          0        108   fadd.o
       124          0          0          0          0         72   fdiv.o
       130          0          0          0          0        144   fepilogue.o
        40          0          0          0          0         60   ffixui.o
        22          0          0          0          0         68   fflti.o
        14          0          0          0          0         68   ffltui.o
       122          0          0          0          0         72   fmul.o

    ----------------------------------------------------------------------
      2276         68          0          4          0       1496   Library Totals
         4          0          0          0          0          0   (incl. Padding)

    ----------------------------------------------------------------------

      Code (inc. data)   RO Data    RW Data    ZI Data      Debug   Library Name

      1642         68          0          4          0        904   mc_p.l
       630          0          0          0          0        592   mf_p.l

    ----------------------------------------------------------------------
      2276         68          0          4          0       1496   Library Totals

    ----------------------------------------------------------------------

==============================================================================


      Code (inc. data)   RO Data    RW Data    ZI Data      Debug   

     12332       1564        312        456       1448     273797   Grand Totals
     12332       1564        312        320       1448     273797   ELF Image Totals (compressed)
     12332       1564        312        320          0          0   ROM Totals

==============================================================================

    Total RO  Size (Code + RO Data)                12644 (  12.35kB)
    Total RW  Size (RW Data + ZI Data)              1904 (   1.86kB)
    Total ROM Size (Code + RO Data + RW Data)      12964 (  12.66kB)

==============================================================================

