Component: ARM Compiler 5.06 update 1 (build 61) Tool: armlink [4d35a8]

==============================================================================

Section Cross References

    main.o(i.main) refers to platform.o(i.Platform_Init) for Platform_Init
    main.o(i.main) refers to radar.o(i.Radar_PreInit) for Radar_PreInit
    main.o(i.main) refers to radar.o(i.Radar_Init) for Radar_Init
    main.o(i.main) refers to abd.o(i.ABD_Init) for ABD_Init
    main.o(i.main) refers to dataprocess.o(i.DataProc_Init) for DataProc_Init
    main.o(i.main) refers to printf8.o(i.__0printf$8) for __2printf
    main.o(i.main) refers to dataprocess.o(i.DataProc_Recv) for DataProc_Recv
    system.o(i.System_GetSysMode) refers to system.o(.data) for .data
    system.o(i.System_GetSysParaAddr) refers to system.o(.data) for .data
    system.o(i.System_GetUploadSampleRate) refers to system.o(.data) for .data
    system.o(i.System_ParaInit) refers to system.o(.data) for .data
    system.o(i.System_ParaRead) refers to system.o(.data) for .data
    system.o(i.System_ParaUpdate) refers to system.o(.data) for .data
    system.o(i.System_Reconfig) refers to dataprocess.o(i.DataProc_NeedReconfig) for DataProc_NeedReconfig
    system.o(i.System_Reconfig) refers to py32_spi.o(i.SPI_DeInit) for SPI_DeInit
    system.o(i.System_Reconfig) refers to dataprocess.o(i.DataProc_GetRadarDataLen) for DataProc_GetRadarDataLen
    system.o(i.System_Reconfig) refers to py32_spi.o(i.SPI_Init) for SPI_Init
    system.o(i.System_Reconfig) refers to system.o(.data) for .data
    dataprocess.o(i.CheckChirpIndex) refers to uidiv.o(.text) for __aeabi_uidivmod
    dataprocess.o(i.CheckChirpIndex) refers to platform.o(i.Indicator_RadarDataIndexError) for Indicator_RadarDataIndexError
    dataprocess.o(i.CheckChirpIndex) refers to dataprocess.o(.data) for .data
    dataprocess.o(i.CmdProc_AdcReset) refers to platform.o(i.Delay) for Delay
    dataprocess.o(i.CmdProc_AdcReset) refers to py32_i2c.o(i.I2C_Write) for I2C_Write
    dataprocess.o(i.CmdProc_AdcReset) refers to py32_i2c.o(i.I2C_Read) for I2C_Read
    dataprocess.o(i.DataCopy) refers to memcpya.o(.text) for __aeabi_memcpy
    dataprocess.o(i.DataCopy) refers to dataprocess.o(.bss) for .bss
    dataprocess.o(i.DataCopy) refers to dataprocess.o(.data) for .data
    dataprocess.o(i.DataParse) refers to dataprocess.o(i.__ARM_common_switch8) for __ARM_common_switch8
    dataprocess.o(i.DataParse) refers to dataprocess.o(i.DataStateIdParse) for DataStateIdParse
    dataprocess.o(i.DataParse) refers to dataprocess.o(i.DataStateIndex1Parse) for DataStateIndex1Parse
    dataprocess.o(i.DataParse) refers to dataprocess.o(i.DataStateIndex2Parse) for DataStateIndex2Parse
    dataprocess.o(i.DataParse) refers to dataprocess.o(i.DataCopy) for DataCopy
    dataprocess.o(i.DataParse) refers to dataprocess.o(i.DataStateTail3Parse) for DataStateTail3Parse
    dataprocess.o(i.DataParse) refers to dataprocess.o(.bss) for .bss
    dataprocess.o(i.DataProc_GetRadarDataLen) refers to dataprocess.o(.data) for .data
    dataprocess.o(i.DataProc_GetRadarDataType) refers to dataprocess.o(.data) for .data
    dataprocess.o(i.DataProc_Init) refers to memseta.o(.text) for __aeabi_memclr
    dataprocess.o(i.DataProc_Init) refers to dataprocess.o(i.GetRadarPara) for GetRadarPara
    dataprocess.o(i.DataProc_Init) refers to utilities.o(i.RunFailed) for RunFailed
    dataprocess.o(i.DataProc_Init) refers to py32_spi.o(i.SPI_Init) for SPI_Init
    dataprocess.o(i.DataProc_Init) refers to dataprocess.o(.bss) for .bss
    dataprocess.o(i.DataProc_Init) refers to dataprocess.o(.data) for .data
    dataprocess.o(i.DataProc_NeedReconfig) refers to dataprocess.o(i.GetRadarPara) for GetRadarPara
    dataprocess.o(i.DataProc_NeedReconfig) refers to utilities.o(i.RunFailed) for RunFailed
    dataprocess.o(i.DataProc_NeedReconfig) refers to memseta.o(.text) for __aeabi_memclr
    dataprocess.o(i.DataProc_NeedReconfig) refers to dataprocess.o(.data) for .data
    dataprocess.o(i.DataProc_NeedReconfig) refers to dataprocess.o(.bss) for .bss
    dataprocess.o(i.DataProc_Recv) refers to dataprocess.o(i.DataProcess) for DataProcess
    dataprocess.o(i.DataProc_Recv) refers to py32_spi.o(.data) for g_dataRecvFlag
    dataprocess.o(i.DataProc_Recv) refers to dataprocess.o(.data) for .data
    dataprocess.o(i.DataProc_Recv) refers to py32_spi.o(.bss) for g_dataRecvBuf
    dataprocess.o(i.DataProc_Recv) refers to radar.o(.data) for g_ChannelCount
    dataprocess.o(i.DataProcess) refers to py32_iwdg.o(i.IWDG_Reload) for IWDG_Reload
    dataprocess.o(i.DataProcess) refers to dataprocess.o(i.DataParse) for DataParse
    dataprocess.o(i.DataProcess) refers to printf8.o(i.__0printf$8) for __2printf
    dataprocess.o(i.DataProcess) refers to dataprocess.o(i.CheckChirpIndex) for CheckChirpIndex
    dataprocess.o(i.DataProcess) refers to platform.o(i.Indicator_RadarDataIndexError) for Indicator_RadarDataIndexError
[...]
    Removing py32f003_hal_uart.o(i.HAL_MultiProcessor_Init), (132 bytes).
    Removing py32f003_hal_uart.o(i.HAL_UART_Abort), (144 bytes).
    Removing py32f003_hal_uart.o(i.HAL_UART_AbortCpltCallback), (2 bytes).
    Removing py32f003_hal_uart.o(i.HAL_UART_AbortReceive), (94 bytes).
    Removing py32f003_hal_uart.o(i.HAL_UART_AbortReceiveCpltCallback), (2 bytes).
    Removing py32f003_hal_uart.o(i.HAL_UART_AbortReceive_IT), (100 bytes).
    Removing py32f003_hal_uart.o(i.HAL_UART_AbortTransmit), (82 bytes).
    Removing py32f003_hal_uart.o(i.HAL_UART_AbortTransmitCpltCallback), (2 bytes).
    Removing py32f003_hal_uart.o(i.HAL_UART_AbortTransmit_IT), (88 bytes).
    Removing py32f003_hal_uart.o(i.HAL_UART_Abort_IT), (184 bytes).
    Removing py32f003_hal_uart.o(i.HAL_UART_DMAPause), (102 bytes).
    Removing py32f003_hal_uart.o(i.HAL_UART_DMAResume), (88 bytes).
    Removing py32f003_hal_uart.o(i.HAL_UART_DMAStop), (98 bytes).
    Removing py32f003_hal_uart.o(i.HAL_UART_DeInit), (48 bytes).
    Removing py32f003_hal_uart.o(i.HAL_UART_ErrorCallback), (2 bytes).
    Removing py32f003_hal_uart.o(i.HAL_UART_GetError), (4 bytes).
    Removing py32f003_hal_uart.o(i.HAL_UART_GetState), (12 bytes).
    Removing py32f003_hal_uart.o(i.HAL_UART_IRQHandler), (268 bytes).
    Removing py32f003_hal_uart.o(i.HAL_UART_MspDeInit), (2 bytes).
    Removing py32f003_hal_uart.o(i.HAL_UART_Receive), (178 bytes).
    Removing py32f003_hal_uart.o(i.HAL_UART_Receive_DMA), (168 bytes).
    Removing py32f003_hal_uart.o(i.HAL_UART_Receive_IT), (84 bytes).
    Removing py32f003_hal_uart.o(i.HAL_UART_RxCpltCallback), (2 bytes).
    Removing py32f003_hal_uart.o(i.HAL_UART_RxHalfCpltCallback), (2 bytes).
    Removing py32f003_hal_uart.o(i.HAL_UART_Transmit_DMA), (128 bytes).
    Removing py32f003_hal_uart.o(i.HAL_UART_Transmit_IT), (64 bytes).
    Removing py32f003_hal_uart.o(i.HAL_UART_TxCpltCallback), (2 bytes).
    Removing py32f003_hal_uart.o(i.HAL_UART_TxHalfCpltCallback), (2 bytes).
    Removing py32f003_hal_uart.o(i.UART_DMAAbortOnError), (16 bytes).
    Removing py32f003_hal_uart.o(i.UART_DMAError), (80 bytes).
    Removing py32f003_hal_uart.o(i.UART_DMAReceiveCplt), (62 bytes).
    Removing py32f003_hal_uart.o(i.UART_DMARxAbortCallback), (44 bytes).
    Removing py32f003_hal_uart.o(i.UART_DMARxHalfCplt), (10 bytes).
    Removing py32f003_hal_uart.o(i.UART_DMARxOnlyAbortCallback), (20 bytes).
    Removing py32f003_hal_uart.o(i.UART_DMATransmitCplt), (46 bytes).
    Removing py32f003_hal_uart.o(i.UART_DMATxAbortCallback), (44 bytes).
    Removing py32f003_hal_uart.o(i.UART_DMATxHalfCplt), (10 bytes).
    Removing py32f003_hal_uart.o(i.UART_DMATxOnlyAbortCallback), (20 bytes).
    Removing py32f003_hal_uart.o(i.UART_EndRxTransfer), (30 bytes).
    Removing py32f003_hal_uart.o(i.UART_EndTxTransfer), (18 bytes).
    Removing py32f003_hal_uart.o(i.UART_Receive_IT), (120 bytes).
    Removing py32f003_hal_uart.o(i.UART_Transmit_IT), (98 bytes).
    Removing py32f003_hal_usart.o(.rev16_text), (4 bytes).
    Removing py32f003_hal_usart.o(.revsh_text), (4 bytes).
    Removing py32f003_hal_wwdg.o(.rev16_text), (4 bytes).
    Removing py32f003_hal_wwdg.o(.revsh_text), (4 bytes).
    Removing py32f003_hal_wwdg.o(i.HAL_WWDG_EarlyWakeupCallback), (2 bytes).
    Removing py32f003_hal_wwdg.o(i.HAL_WWDG_IRQHandler), (30 bytes).
    Removing py32f003_hal_wwdg.o(i.HAL_WWDG_Init), (42 bytes).
    Removing py32f003_hal_wwdg.o(i.HAL_WWDG_MspInit), (2 bytes).
    Removing py32f003_hal_wwdg.o(i.HAL_WWDG_Refresh), (10 bytes).
    Removing py32f003_hal_pwr.o(.rev16_text), (4 bytes).
    Removing py32f003_hal_pwr.o(.revsh_text), (4 bytes).
    Removing py32f003_hal_pwr.o(i.HAL_PWR_ConfigPVD), (4 bytes).
    Removing py32f003_hal_pwr.o(i.HAL_PWR_DeInit), (24 bytes).
    Removing py32f003_hal_pwr.o(i.HAL_PWR_DisableBkUpAccess), (16 bytes).
    Removing py32f003_hal_pwr.o(i.HAL_PWR_DisablePVD), (16 bytes).
    Removing py32f003_hal_pwr.o(i.HAL_PWR_DisableSEVOnPend), (16 bytes).
    Removing py32f003_hal_pwr.o(i.HAL_PWR_DisableSleepOnExit), (16 bytes).
    Removing py32f003_hal_pwr.o(i.HAL_PWR_EnableBkUpAccess), (16 bytes).
    Removing py32f003_hal_pwr.o(i.HAL_PWR_EnablePVD), (16 bytes).
    Removing py32f003_hal_pwr.o(i.HAL_PWR_EnableSEVOnPend), (16 bytes).
    Removing py32f003_hal_pwr.o(i.HAL_PWR_EnableSleepOnExit), (16 bytes).
    Removing py32f003_hal_pwr.o(i.HAL_PWR_EnterSLEEPMode), (32 bytes).
    Removing py32f003_hal_pwr.o(i.HAL_PWR_EnterSTOPMode), (60 bytes).
    Removing py32f003_hal_pwr.o(i.HAL_PWR_PVD_Falling_Callback), (2 bytes).
    Removing py32f003_hal_pwr.o(i.HAL_PWR_PVD_IRQHandler), (2 bytes).
    Removing py32f003_hal_pwr.o(i.HAL_PWR_PVD_Rising_Callback), (2 bytes).
    Removing dadd.o(.text), (356 bytes).
    Removing dmul.o(.text), (208 bytes).
    Removing ddiv.o(.text), (240 bytes).
    Removing dfixul.o(.text), (64 bytes).
    Removing cdrcmple.o(.text), (40 bytes).
    Removing depilogue.o(.text), (190 bytes).
    Removing depilogue.o(i.__ARM_clz), (46 bytes).

537 unused section(s) (total 38320 bytes) removed from the image.

==============================================================================

Image Symbol Table

    Local Symbols

    Symbol Name                              Value     Ov Type        Size  Object(Section)

    ../clib/../cmprslib/zerorunl2.c          0x00000000   Number         0  __dczerorl2.o ABSOLUTE
    ../clib/microlib/division.c              0x00000000   Number         0  uldiv.o ABSOLUTE
    ../clib/microlib/division.c              0x00000000   Number         0  uidiv.o ABSOLUTE
    ../clib/microlib/init/entry.s            0x00000000   Number         0  entry8b.o ABSOLUTE
    ../clib/microlib/init/entry.s            0x00000000   Number         0  entry10a.o ABSOLUTE
    ../clib/microlib/init/entry.s            0x00000000   Number         0  entry9b.o ABSOLUTE
    ../clib/microlib/init/entry.s            0x00000000   Number         0  entry7b.o ABSOLUTE
    ../clib/microlib/init/entry.s            0x00000000   Number         0  entry9a.o ABSOLUTE
    ../clib/microlib/init/entry.s            0x00000000   Number         0  entry8a.o ABSOLUTE
    ../clib/microlib/init/entry.s            0x00000000   Number         0  entry5.o ABSOLUTE
    ../clib/microlib/init/entry.s            0x00000000   Number         0  entry2.o ABSOLUTE
    ../clib/microlib/init/entry.s            0x00000000   Number         0  entry10b.o ABSOLUTE
    ../clib/microlib/init/entry.s            0x00000000   Number         0  entry11a.o ABSOLUTE
    ../clib/microlib/init/entry.s            0x00000000   Number         0  entry11b.o ABSOLUTE
    ../clib/microlib/init/entry.s            0x00000000   Number         0  entry7a.o ABSOLUTE
    ../clib/microlib/init/entry.s            0x00000000   Number         0  entry.o ABSOLUTE
    ../clib/microlib/longlong.c              0x00000000   Number         0  llshl.o ABSOLUTE
    ../clib/microlib/longlong.c              0x00000000   Number         0  llushr.o ABSOLUTE
    ../clib/microlib/longlong.c              0x00000000   Number         0  llsshr.o ABSOLUTE
    ../clib/microlib/printf/printf.c         0x00000000   Number         0  printf4.o ABSOLUTE
    ../clib/microlib/printf/printf.c         0x00000000   Number         0  printf3.o ABSOLUTE
    ../clib/microlib/printf/printf.c         0x00000000   Number         0  printf2.o ABSOLUTE
    ../clib/microlib/printf/printf.c         0x00000000   Number         0  printf0.o ABSOLUTE
    ../clib/microlib/printf/printf.c         0x00000000   Number         0  printfb.o ABSOLUTE
    ../clib/microlib/printf/printf.c         0x00000000   Number         0  printf1.o ABSOLUTE
    ../clib/microlib/printf/printf.c         0x00000000   Number         0  printfa.o ABSOLUTE
    ../clib/microlib/printf/printf.c         0x00000000   Number         0  printf8.o ABSOLUTE
    ../clib/microlib/printf/printf.c         0x00000000   Number         0  printf7.o ABSOLUTE
    ../clib/microlib/printf/printf.c         0x00000000   Number         0  printf6.o ABSOLUTE
    ../clib/microlib/printf/printf.c         0x00000000   Number         0  printf5.o ABSOLUTE
    ../clib/microlib/printf/stubs.s          0x00000000   Number         0  stubs.o ABSOLUTE
    ../clib/microlib/stdio/streams.c         0x00000000   Number         0  stdout.o ABSOLUTE
    ../clib/microlib/string/memcpy.c         0x00000000   Number         0  memcpya.o ABSOLUTE
    ../clib/microlib/string/memcpy.c         0x00000000   Number         0  memcpyb.o ABSOLUTE
    ../clib/microlib/string/memset.c         0x00000000   Number         0  memseta.o ABSOLUTE
    ../clib/microlib/stubs.s                 0x00000000   Number         0  iusefp.o ABSOLUTE
    ../clib/microlib/unhosted.c              0x00000000   Number         0  uread4.o ABSOLUTE
    ../fplib/microlib/fpadd.c                0x00000000   Number         0  dadd.o ABSOLUTE
    ../fplib/microlib/fpadd.c                0x00000000   Number         0  fadd.o ABSOLUTE
    ../fplib/microlib/fpdiv.c                0x00000000   Number         0  fdiv.o ABSOLUTE
    ../fplib/microlib/fpdiv.c                0x00000000   Number         0  ddiv.o ABSOLUTE
    ../fplib/microlib/fpepilogue.c           0x00000000   Number         0  depilogue.o ABSOLUTE
    ../fplib/microlib/fpepilogue.c           0x00000000   Number         0  fepilogue.o ABSOLUTE
    ../fplib/microlib/fpfix.c                0x00000000   Number         0  dfixul.o ABSOLUTE
    ../fplib/microlib/fpfix.c                0x00000000   Number         0  ffixui.o ABSOLUTE
    ../fplib/microlib/fpflt.c                0x00000000   Number         0  fflti.o ABSOLUTE
    ../fplib/microlib/fpflt.c                0x00000000   Number         0  ffltui.o ABSOLUTE
    ../fplib/microlib/fpmul.c                0x00000000   Number         0  dmul.o ABSOLUTE
    ../fplib/microlib/fpmul.c                0x00000000   Number         0  fmul.o ABSOLUTE
    ..\..\App\algo\src\abd.c                 0x00000000   Number         0  abd.o ABSOLUTE
    ..\..\App\common\src\dataprocess.c       0x00000000   Number         0  dataprocess.o ABSOLUTE
    ..\..\App\common\src\main.c              0x00000000   Number         0  main.o ABSOLUTE
    ..\..\App\common\src\system.c            0x00000000   Number         0  system.o ABSOLUTE
    ..\..\App\common\src\utilities.c         0x00000000   Number         0  utilities.o ABSOLUTE
    ..\..\Driver\py32f003\CMSIS\Device\PY32F003\Source\ARM\startup_py32f003.s 0x00000000   Number         0  startup_py32f003.o ABSOLUTE
    ..\..\Driver\py32f003\CMSIS\Device\PY32F003\system_py32f003.c 0x00000000   Number         0  system_py32f003.o ABSOLUTE
    ..\..\Driver\py32f003\PY32F003_HAL_Driver\Src\py32f003_hal.c 0x00000000   Number         0  py32f003_hal.o ABSOLUTE
    ..\..\Driver\py32f003\PY32F003_HAL_Driver\Src\py32f003_hal_cortex.c 0x00000000   Number         0  py32f003_hal_cortex.o ABSOLUTE
    ..\..\Driver\py32f003\PY32F003_HAL_Driver\Src\py32f003_hal_dma.c 0x00000000   Number         0  py32f003_hal_dma.o ABSOLUTE
    ..\..\Driver\py32f003\PY32F003_HAL_Driver\Src\py32f003_hal_exti.c 0x00000000   Number         0  py32f003_hal_exti.o ABSOLUTE
    ..\..\Driver\py32f003\PY32F003_HAL_Driver\Src\py32f003_hal_flash.c 0x00000000   Number         0  py32f003_hal_flash.o ABSOLUTE
    ..\..\Driver\py32f003\PY32F003_HAL_Driver\Src\py32f003_hal_gpio.c 0x00000000   Number         0  py32f003_hal_gpio.o ABSOLUTE
    ..\..\Driver\py32f003\PY32F003_HAL_Driver\Src\py32f003_hal_i2c.c 0x00000000   Number         0  py32f003_hal_i2c.o ABSOLUTE
    ..\..\Driver\py32f003\PY32F003_HAL_Driver\Src\py32f003_hal_iwdg.c 0x00000000   Number         0  py32f003_hal_iwdg.o ABSOLUTE
    ..\..\Driver\py32f003\PY32F003_HAL_Driver\Src\py32f003_hal_lptim.c 0x00000000   Number         0  py32f003_hal_lptim.o ABSOLUTE
    ..\..\Driver\py32f003\PY32F003_HAL_Driver\Src\py32f003_hal_pwr.c 0x00000000   Number         0  py32f003_hal_pwr.o ABSOLUTE
    ..\..\Driver\py32f003\PY32F003_HAL_Driver\Src\py32f003_hal_rcc.c 0x00000000   Number         0  py32f003_hal_rcc.o ABSOLUTE
    ..\..\Driver\py32f003\PY32F003_HAL_Driver\Src\py32f003_hal_rcc_ex.c 0x00000000   Number         0  py32f003_hal_rcc_ex.o ABSOLUTE
    ..\..\Driver\py32f003\PY32F003_HAL_Driver\Src\py32f003_hal_spi.c 0x00000000   Number         0  py32f003_hal_spi.o ABSOLUTE
    ..\..\Driver\py32f003\PY32F003_HAL_Driver\Src\py32f003_hal_tim.c 0x00000000   Number         0  py32f003_hal_tim.o ABSOLUTE
    ..\..\Driver\py32f003\PY32F003_HAL_Driver\Src\py32f003_hal_tim_ex.c 0x00000000   Number         0  py32f003_hal_tim_ex.o ABSOLUTE
    ..\..\Driver\py32f003\PY32F003_HAL_Driver\Src\py32f003_hal_uart.c 0x00000000   Number         0  py32f003_hal_uart.o ABSOLUTE
    ..\..\Driver\py32f003\PY32F003_HAL_Driver\Src\py32f003_hal_usart.c 0x00000000   Number         0  py32f003_hal_usart.o ABSOLUTE
    ..\..\Driver\py32f003\PY32F003_HAL_Driver\Src\py32f003_hal_wwdg.c 0x00000000   Number         0  py32f003_hal_wwdg.o ABSOLUTE
    ..\..\Driver\py32f003\PY32F003_HAL_Driver\Src\py32f003_ll_rcc.c 0x00000000   Number         0  py32f003_ll_rcc.o ABSOLUTE
    ..\..\Middleware\common\src\platform.c   0x00000000   Number         0  platform.o ABSOLUTE
    ..\..\Middleware\common\src\radar.c      0x00000000   Number         0  radar.o ABSOLUTE
    ..\..\Middleware\platform\py32\src\py32_gpio.c 0x00000000   Number         0  py32_gpio.o ABSOLUTE
    ..\..\Middleware\platform\py32\src\py32_i2c.c 0x00000000   Number         0  py32_i2c.o ABSOLUTE
    ..\..\Middleware\platform\py32\src\py32_it.c 0x00000000   Number         0  py32_it.o ABSOLUTE
    ..\..\Middleware\platform\py32\src\py32_iwdg.c 0x00000000   Number         0  py32_iwdg.o ABSOLUTE
    ..\..\Middleware\platform\py32\src\py32_pwr.c 0x00000000   Number         0  py32_pwr.o ABSOLUTE
    ..\..\Middleware\platform\py32\src\py32_spi.c 0x00000000   Number         0  py32_spi.o ABSOLUTE
    ..\..\Middleware\platform\py32\src\py32_tim.c 0x00000000   Number         0  py32_tim.o ABSOLUTE
    ..\..\Middleware\platform\py32\src\py32_uart.c 0x00000000   Number         0  py32_uart.o ABSOLUTE
    ..\\..\\App\\algo\\src\\abd.c            0x00000000   Number         0  abd.o ABSOLUTE
    ..\\..\\App\\common\\src\\dataprocess.c  0x00000000   Number         0  dataprocess.o ABSOLUTE
    ..\\..\\App\\common\\src\\main.c         0x00000000   Number         0  main.o ABSOLUTE
    ..\\..\\App\\common\\src\\system.c       0x00000000   Number         0  system.o ABSOLUTE
    ..\\..\\App\\common\\src\\utilities.c    0x00000000   Number         0  utilities.o ABSOLUTE
    ..\\..\\Driver\\py32f003\\CMSIS\\Device\\PY32F003\\system_py32f003.c 0x00000000   Number         0  system_py32f003.o ABSOLUTE
    ..\\..\\Driver\\py32f003\\PY32F003_HAL_Driver\\Src\\py32f003_hal.c 0x00000000   Number         0  py32f003_hal.o ABSOLUTE
    ..\\..\\Driver\\py32f003\\PY32F003_HAL_Driver\\Src\\py32f003_hal_cortex.c 0x00000000   Number         0  py32f003_hal_cortex.o ABSOLUTE
    ..\\..\\Driver\\py32f003\\PY32F003_HAL_Driver\\Src\\py32f003_hal_dma.c 0x00000000   Number         0  py32f003_hal_dma.o ABSOLUTE
    ..\\..\\Driver\\py32f003\\PY32F003_HAL_Driver\\Src\\py32f003_hal_exti.c 0x00000000   Number         0  py32f003_hal_exti.o ABSOLUTE
    ..\\..\\Driver\\py32f003\\PY32F003_HAL_Driver\\Src\\py32f003_hal_flash.c 0x00000000   Number         0  py32f003_hal_flash.o ABSOLUTE
    ..\\..\\Driver\\py32f003\\PY32F003_HAL_Driver\\Src\\py32f003_hal_gpio.c 0x00000000   Number         0  py32f003_hal_gpio.o ABSOLUTE
    ..\\..\\Driver\\py32f003\\PY32F003_HAL_Driver\\Src\\py32f003_hal_i2c.c 0x00000000   Number         0  py32f003_hal_i2c.o ABSOLUTE
    ..\\..\\Driver\\py32f003\\PY32F003_HAL_Driver\\Src\\py32f003_hal_iwdg.c 0x00000000   Number         0  py32f003_hal_iwdg.o ABSOLUTE
    ..\\..\\Driver\\py32f003\\PY32F003_HAL_Driver\\Src\\py32f003_hal_lptim.c 0x00000000   Number         0  py32f003_hal_lptim.o ABSOLUTE
    ..\\..\\Driver\\py32f003\\PY32F003_HAL_Driver\\Src\\py32f003_hal_pwr.c 0x00000000   Number         0  py32f003_hal_pwr.o ABSOLUTE
    ..\\..\\Driver\\py32f003\\PY32F003_HAL_Driver\\Src\\py32f003_hal_rcc.c 0x00000000   Number         0  py32f003_hal_rcc.o ABSOLUTE
    ..\\..\\Driver\\py32f003\\PY32F003_HAL_Driver\\Src\\py32f003_hal_rcc_ex.c 0x00000000   Number         0  py32f003_hal_rcc_ex.o ABSOLUTE
    ..\\..\\Driver\\py32f003\\PY32F003_HAL_Driver\\Src\\py32f003_hal_spi.c 0x00000000   Number         0  py32f003_hal_spi.o ABSOLUTE
    ..\\..\\Driver\\py32f003\\PY32F003_HAL_Driver\\Src\\py32f003_hal_tim.c 0x00000000   Number         0  py32f003_hal_tim.o ABSOLUTE
    ..\\..\\Driver\\py32f003\\PY32F003_HAL_Driver\\Src\\py32f003_hal_tim_ex.c 0x00000000   Number         0  py32f003_hal_tim_ex.o ABSOLUTE
    ..\\..\\Driver\\py32f003\\PY32F003_HAL_Driver\\Src\\py32f003_hal_uart.c 0x00000000   Number         0  py32f003_hal_uart.o ABSOLUTE
    ..\\..\\Driver\\py32f003\\PY32F003_HAL_Driver\\Src\\py32f003_hal_usart.c 0x00000000   Number         0  py32f003_hal_usart.o ABSOLUTE
    ..\\..\\Driver\\py32f003\\PY32F003_HAL_Driver\\Src\\py32f003_hal_wwdg.c 0x00000000   Number         0  py32f003_hal_wwdg.o ABSOLUTE
    ..\\..\\Middleware\\common\\src\\platform.c 0x00000000   Number         0  platform.o ABSOLUTE
    ..\\..\\Middleware\\common\\src\\radar.c 0x00000000   Number         0  radar.o ABSOLUTE
    ..\\..\\Middleware\\platform\\py32\\src\\py32_gpio.c 0x00000000   Number         0  py32_gpio.o ABSOLUTE
    ..\\..\\Middleware\\platform\\py32\\src\\py32_i2c.c 0x00000000   Number         0  py32_i2c.o ABSOLUTE
    ..\\..\\Middleware\\platform\\py32\\src\\py32_it.c 0x00000000   Number         0  py32_it.o ABSOLUTE
    ..\\..\\Middleware\\platform\\py32\\src\\py32_iwdg.c 0x00000000   Number         0  py32_iwdg.o ABSOLUTE
    ..\\..\\Middleware\\platform\\py32\\src\\py32_pwr.c 0x00000000   Number         0  py32_pwr.o ABSOLUTE
    ..\\..\\Middleware\\platform\\py32\\src\\py32_spi.c 0x00000000   Number         0  py32_spi.o ABSOLUTE
    ..\\..\\Middleware\\platform\\py32\\src\\py32_tim.c 0x00000000   Number         0  py32_tim.o ABSOLUTE
    ..\\..\\Middleware\\platform\\py32\\src\\py32_uart.c 0x00000000   Number         0  py32_uart.o ABSOLUTE
    cdrcmple.s                               0x00000000   Number         0  cdrcmple.o ABSOLUTE
    dc.s                                     0x00000000   Number         0  dc.o ABSOLUTE
    handlers.s                               0x00000000   Number         0  handlers.o ABSOLUTE
    init.s                                   0x00000000   Number         0  init.o ABSOLUTE
    RESET                                    0x08000000   Section      192  startup_py32f003.o(RESET)
    .ARM.Collect$$$$00000000                 0x080000c0   Section        0  entry.o(.ARM.Collect$$$$00000000)
    .ARM.Collect$$$$00000001                 0x080000c0   Section        4  entry2.o(.ARM.Collect$$$$00000001)
    .ARM.Collect$$$$00000004                 0x080000c4   Section        4  entry5.o(.ARM.Collect$$$$00000004)
    .ARM.Collect$$$$00000008                 0x080000c8   Section        0  entry7b.o(.ARM.Collect$$$$00000008)
    .ARM.Collect$$$$0000000A                 0x080000c8   Section        0  entry8b.o(.ARM.Collect$$$$0000000A)
    .ARM.Collect$$$$0000000B                 0x080000c8   Section        8  entry9a.o(.ARM.Collect$$$$0000000B)
    .ARM.Collect$$$$0000000D                 0x080000d0   Section        0  entry10a.o(.ARM.Collect$$$$0000000D)
    .ARM.Collect$$$$0000000F                 0x080000d0   Section        0  entry11a.o(.ARM.Collect$$$$0000000F)
    .ARM.Collect$$$$00002712                 0x080000d0   Section        4  entry2.o(.ARM.Collect$$$$00002712)
    __lit__00000000                          0x080000d0   Data           4  entry2.o(.ARM.Collect$$$$00002712)
    .text                                    0x080000d4   Section       28  startup_py32f003.o(.text)
    .text                                    0x080000f0   Section        0  uidiv.o(.text)
    .text                                    0x0800011c   Section        0  memcpya.o(.text)
    .text                                    0x08000140   Section        0  memseta.o(.text)
    .text                                    0x08000164   Section        0  uread4.o(.text)
    .text                                    0x08000178   Section        0  fadd.o(.text)
    .text                                    0x0800022a   Section        0  fmul.o(.text)
    .text                                    0x080002a4   Section        0  fdiv.o(.text)
    .text                                    0x08000320   Section        0  fflti.o(.text)
    .text                                    0x08000336   Section        0  ffltui.o(.text)
    .text                                    0x08000344   Section        0  ffixui.o(.text)
    .text                                    0x0800036c   Section        0  uldiv.o(.text)
    .text                                    0x080003cc   Section        0  iusefp.o(.text)
    .text                                    0x080003cc   Section        0  fepilogue.o(.text)
    .text                                    0x08000450   Section       36  init.o(.text)
    .text                                    0x08000474   Section        0  llshl.o(.text)
    .text                                    0x08000494   Section        0  llushr.o(.text)
    .text                                    0x080004b6   Section        0  __dczerorl2.o(.text)
    i.ABD_HumanPresenceSensing               0x0800050c   Section        0  abd.o(i.ABD_HumanPresenceSensing)
    i.ABD_Init                               0x080006b0   Section        0  abd.o(i.ABD_Init)
    i.CheckChirpIndex                        0x080006c0   Section        0  dataprocess.o(i.CheckChirpIndex)
    CheckChirpIndex                          0x080006c1   Thumb Code    78  dataprocess.o(i.CheckChirpIndex)
    i.CmdProc_AdcReset                       0x08000714   Section        0  dataprocess.o(i.CmdProc_AdcReset)
    i.ConfigDfftPeakPara                     0x08000754   Section        0  radar.o(i.ConfigDfftPeakPara)
    i.DMA1_Channel2_3_IRQHandler             0x080007f4   Section        0  py32_it.o(i.DMA1_Channel2_3_IRQHandler)
    i.DMA_SetConfig                          0x08000804   Section        0  py32f003_hal_dma.o(i.DMA_SetConfig)
    DMA_SetConfig                            0x08000805   Thumb Code    40  py32f003_hal_dma.o(i.DMA_SetConfig)
    i.DataCopy                               0x0800082c   Section        0  dataprocess.o(i.DataCopy)
    DataCopy                                 0x0800082d   Thumb Code    94  dataprocess.o(i.DataCopy)
    i.DataParse                              0x08000894   Section        0  dataprocess.o(i.DataParse)
    DataParse                                0x08000895   Thumb Code   222  dataprocess.o(i.DataParse)
    i.DataProc_Init                          0x08000978   Section        0  dataprocess.o(i.DataProc_Init)
    i.DataProc_Recv                          0x080009f8   Section        0  dataprocess.o(i.DataProc_Recv)
    i.DataProcess                            0x08000a54   Section        0  dataprocess.o(i.DataProcess)
    DataProcess                              0x08000a55   Thumb Code   170  dataprocess.o(i.DataProcess)
    i.DataStateIdParse                       0x08000b1c   Section        0  dataprocess.o(i.DataStateIdParse)
    DataStateIdParse                         0x08000b1d   Thumb Code   112  dataprocess.o(i.DataStateIdParse)
    i.DataStateIndex1Parse                   0x08000b94   Section        0  dataprocess.o(i.DataStateIndex1Parse)
    DataStateIndex1Parse                     0x08000b95   Thumb Code    64  dataprocess.o(i.DataStateIndex1Parse)
    i.DataStateIndex2Parse                   0x08000bdc   Section        0  dataprocess.o(i.DataStateIndex2Parse)
    DataStateIndex2Parse                     0x08000bdd   Thumb Code    48  dataprocess.o(i.DataStateIndex2Parse)
    i.DataStateTail3Parse                    0x08000c14   Section        0  dataprocess.o(i.DataStateTail3Parse)
    DataStateTail3Parse                      0x08000c15   Thumb Code    80  dataprocess.o(i.DataStateTail3Parse)
    i.Delay                                  0x08000c6c   Section        0  platform.o(i.Delay)
    i.DumpChipRegValue                       0x08000c74   Section        0  radar.o(i.DumpChipRegValue)
    DumpChipRegValue                         0x08000c75   Thumb Code    94  radar.o(i.DumpChipRegValue)
    i.EXTI4_15_IRQHandler                    0x08000cf4   Section        0  py32_it.o(i.EXTI4_15_IRQHandler)
    i.GetDfftPeakData                        0x08000d08   Section        0  abd.o(i.GetDfftPeakData)
    GetDfftPeakData                          0x08000d09   Thumb Code    64  abd.o(i.GetDfftPeakData)
    i.GetRadarPara                           0x08000d48   Section        0  dataprocess.o(i.GetRadarPara)
    GetRadarPara                             0x08000d49   Thumb Code   106  dataprocess.o(i.GetRadarPara)
    i.GetRangeByCenterGravity                0x08000e24   Section        0  abd.o(i.GetRangeByCenterGravity)
    i.HAL_DMA_Abort_IT                       0x08000ebc   Section        0  py32f003_hal_dma.o(i.HAL_DMA_Abort_IT)
    i.HAL_DMA_IRQHandler                     0x08000f20   Section        0  py32f003_hal_dma.o(i.HAL_DMA_IRQHandler)
    i.HAL_DMA_Init                           0x08000ff4   Section        0  py32f003_hal_dma.o(i.HAL_DMA_Init)
    i.HAL_DMA_Start_IT                       0x08001058   Section        0  py32f003_hal_dma.o(i.HAL_DMA_Start_IT)
    i.HAL_Delay                              0x080010c0   Section        0  py32f003_hal.o(i.HAL_Delay)
    i.HAL_GPIO_Init                          0x080010e4   Section        0  py32f003_hal_gpio.o(i.HAL_GPIO_Init)
    i.HAL_GPIO_WritePin                      0x080011f8   Section        0  py32f003_hal_gpio.o(i.HAL_GPIO_WritePin)
    i.HAL_GetTick                            0x08001204   Section        0  py32f003_hal.o(i.HAL_GetTick)
    i.HAL_I2C_Init                           0x08001210   Section        0  py32f003_hal_i2c.o(i.HAL_I2C_Init)
    i.HAL_I2C_Mem_Read                       0x08001368   Section        0  py32f003_hal_i2c.o(i.HAL_I2C_Mem_Read)
    i.HAL_I2C_Mem_Write                      0x0800157c   Section        0  py32f003_hal_i2c.o(i.HAL_I2C_Mem_Write)
    i.HAL_I2C_MspInit                        0x08001698   Section        0  py32_i2c.o(i.HAL_I2C_MspInit)
    i.HAL_IWDG_Init                          0x0800170c   Section        0  py32f003_hal_iwdg.o(i.HAL_IWDG_Init)
    i.HAL_IWDG_Refresh                       0x08001764   Section        0  py32f003_hal_iwdg.o(i.HAL_IWDG_Refresh)
    i.HAL_IncTick                            0x08001774   Section        0  py32f003_hal.o(i.HAL_IncTick)
    i.HAL_Init                               0x08001784   Section        0  py32f003_hal.o(i.HAL_Init)
    i.HAL_InitTick                           0x080017a0   Section        0  py32f003_hal.o(i.HAL_InitTick)
    i.HAL_MspInit                            0x080017e8   Section        0  py32f003_hal.o(i.HAL_MspInit)
    i.HAL_NVIC_EnableIRQ                     0x080017ec   Section        0  py32f003_hal_cortex.o(i.HAL_NVIC_EnableIRQ)
    i.HAL_NVIC_SetPriority                   0x08001804   Section        0  py32f003_hal_cortex.o(i.HAL_NVIC_SetPriority)
    i.HAL_RCC_GetPCLK1Freq                   0x0800180c   Section        0  py32f003_hal_rcc.o(i.HAL_RCC_GetPCLK1Freq)
    i.HAL_SPI_ErrorCallback                  0x08001834   Section        0  py32_spi.o(i.HAL_SPI_ErrorCallback)
    i.HAL_SPI_IRQHandler                     0x08001858   Section        0  py32f003_hal_spi.o(i.HAL_SPI_IRQHandler)
    i.HAL_SPI_Init                           0x08001938   Section        0  py32f003_hal_spi.o(i.HAL_SPI_Init)
    i.HAL_SPI_MspInit                        0x080019e8   Section        0  py32_spi.o(i.HAL_SPI_MspInit)
    i.HAL_SPI_Receive_DMA                    0x08001b20   Section        0  py32f003_hal_spi.o(i.HAL_SPI_Receive_DMA)
    i.HAL_SPI_RxCpltCallback                 0x08001c44   Section        0  py32_spi.o(i.HAL_SPI_RxCpltCallback)
    i.HAL_SPI_RxHalfCpltCallback             0x08001c90   Section        0  py32f003_hal_spi.o(i.HAL_SPI_RxHalfCpltCallback)
    i.HAL_SPI_TransmitReceive_DMA            0x08001c94   Section        0  py32f003_hal_spi.o(i.HAL_SPI_TransmitReceive_DMA)
    i.HAL_SPI_TxRxCpltCallback               0x08001e18   Section        0  py32f003_hal_spi.o(i.HAL_SPI_TxRxCpltCallback)
    i.HAL_SPI_TxRxHalfCpltCallback           0x08001e1a   Section        0  py32f003_hal_spi.o(i.HAL_SPI_TxRxHalfCpltCallback)
    i.HAL_SYSCFG_DMA_Req                     0x08001e1c   Section        0  py32f003_hal.o(i.HAL_SYSCFG_DMA_Req)
    i.HAL_SYSTICK_Config                     0x08001e2c   Section        0  py32f003_hal_cortex.o(i.HAL_SYSTICK_Config)
    i.HAL_UART_Init                          0x08001e5c   Section        0  py32f003_hal_uart.o(i.HAL_UART_Init)
    i.HAL_UART_MspInit                       0x08001ec8   Section        0  py32f003_hal_uart.o(i.HAL_UART_MspInit)
    i.HAL_UART_Transmit                      0x08001eca   Section        0  py32f003_hal_uart.o(i.HAL_UART_Transmit)
    i.HardFault_Handler                      0x08001f8e   Section        0  py32_it.o(i.HardFault_Handler)
    i.I2C_Init                               0x08001f90   Section        0  py32_i2c.o(i.I2C_Init)
    i.I2C_IsAcknowledgeFailed                0x08001fe8   Section        0  py32f003_hal_i2c.o(i.I2C_IsAcknowledgeFailed)
    I2C_IsAcknowledgeFailed                  0x08001fe9   Thumb Code    46  py32f003_hal_i2c.o(i.I2C_IsAcknowledgeFailed)
    i.I2C_Read                               0x0800201c   Section        0  py32_i2c.o(i.I2C_Read)
    i.I2C_RequestMemoryRead                  0x0800209c   Section        0  py32f003_hal_i2c.o(i.I2C_RequestMemoryRead)
    I2C_RequestMemoryRead                    0x0800209d   Thumb Code   234  py32f003_hal_i2c.o(i.I2C_RequestMemoryRead)
    i.I2C_RequestMemoryWrite                 0x0800218c   Section        0  py32f003_hal_i2c.o(i.I2C_RequestMemoryWrite)
    I2C_RequestMemoryWrite                   0x0800218d   Thumb Code   166  py32f003_hal_i2c.o(i.I2C_RequestMemoryWrite)
    i.I2C_WaitOnBTFFlagUntilTimeout          0x08002238   Section        0  py32f003_hal_i2c.o(i.I2C_WaitOnBTFFlagUntilTimeout)
    I2C_WaitOnBTFFlagUntilTimeout            0x08002239   Thumb Code    78  py32f003_hal_i2c.o(i.I2C_WaitOnBTFFlagUntilTimeout)
    i.I2C_WaitOnFlagUntilTimeout             0x08002286   Section        0  py32f003_hal_i2c.o(i.I2C_WaitOnFlagUntilTimeout)
    I2C_WaitOnFlagUntilTimeout               0x08002287   Thumb Code   100  py32f003_hal_i2c.o(i.I2C_WaitOnFlagUntilTimeout)
    i.I2C_WaitOnMasterAddressFlagUntilTimeout 0x080022ec   Section        0  py32f003_hal_i2c.o(i.I2C_WaitOnMasterAddressFlagUntilTimeout)
    I2C_WaitOnMasterAddressFlagUntilTimeout  0x080022ed   Thumb Code   136  py32f003_hal_i2c.o(i.I2C_WaitOnMasterAddressFlagUntilTimeout)
    i.I2C_WaitOnRXNEFlagUntilTimeout         0x08002378   Section        0  py32f003_hal_i2c.o(i.I2C_WaitOnRXNEFlagUntilTimeout)
    I2C_WaitOnRXNEFlagUntilTimeout           0x08002379   Thumb Code    94  py32f003_hal_i2c.o(i.I2C_WaitOnRXNEFlagUntilTimeout)
    i.I2C_WaitOnTXEFlagUntilTimeout          0x080023d6   Section        0  py32f003_hal_i2c.o(i.I2C_WaitOnTXEFlagUntilTimeout)
    I2C_WaitOnTXEFlagUntilTimeout            0x080023d7   Thumb Code    78  py32f003_hal_i2c.o(i.I2C_WaitOnTXEFlagUntilTimeout)
    i.I2C_Write                              0x08002424   Section        0  py32_i2c.o(i.I2C_Write)
    i.IWDG_Init                              0x08002484   Section        0  py32_iwdg.o(i.IWDG_Init)
    i.IWDG_Reload                            0x080024f8   Section        0  py32_iwdg.o(i.IWDG_Reload)
    i.Indicator_RadarDataIndexError          0x08002530   Section        0  platform.o(i.Indicator_RadarDataIndexError)
    i.Indicator_RadarDataReceived            0x0800253c   Section        0  platform.o(i.Indicator_RadarDataReceived)
    i.IoOutInit                              0x08002560   Section        0  py32_gpio.o(i.IoOutInit)
    i.IoOutOff                               0x08002598   Section        0  py32_gpio.o(i.IoOutOff)
    i.IoOutOn                                0x080025ac   Section        0  py32_gpio.o(i.IoOutOn)
    i.LED_Init                               0x080025c0   Section        0  py32_gpio.o(i.LED_Init)
    i.LED_On                                 0x080025c2   Section        0  py32_gpio.o(i.LED_On)
    i.LED_Toggle                             0x080025c4   Section        0  py32_gpio.o(i.LED_Toggle)
    i.NMI_Handler                            0x080025c6   Section        0  py32_it.o(i.NMI_Handler)
    i.PendSV_Handler                         0x080025c8   Section        0  py32_it.o(i.PendSV_Handler)
    i.Platform_Init                          0x080025ca   Section        0  platform.o(i.Platform_Init)
    i.Radar_EnterNormalMode                  0x080025e8   Section        0  radar.o(i.Radar_EnterNormalMode)
    i.Radar_GetDataType                      0x08002610   Section        0  radar.o(i.Radar_GetDataType)
    i.Radar_GetDfftPeakSize                  0x08002648   Section        0  radar.o(i.Radar_GetDfftPeakSize)
    i.Radar_GetFftPoint                      0x08002664   Section        0  radar.o(i.Radar_GetFftPoint)
    i.Radar_GetOneFrameChirpNum              0x0800267c   Section        0  radar.o(i.Radar_GetOneFrameChirpNum)
    i.Radar_GetRawPoint                      0x08002694   Section        0  radar.o(i.Radar_GetRawPoint)
    i.Radar_Init                             0x080026c4   Section        0  radar.o(i.Radar_Init)
    i.Radar_PreInit                          0x08002748   Section        0  radar.o(i.Radar_PreInit)
    i.ReplaceSpecialRegs                     0x08002770   Section        0  radar.o(i.ReplaceSpecialRegs)
    ReplaceSpecialRegs                       0x08002771   Thumb Code    94  radar.o(i.ReplaceSpecialRegs)
    i.RunFailed                              0x080027d8   Section        0  utilities.o(i.RunFailed)
    i.SPI1_IRQHandler                        0x08002814   Section        0  py32_it.o(i.SPI1_IRQHandler)
    i.SPI_DMAAbortOnError                    0x08002824   Section        0  py32f003_hal_spi.o(i.SPI_DMAAbortOnError)
    SPI_DMAAbortOnError                      0x08002825   Thumb Code    18  py32f003_hal_spi.o(i.SPI_DMAAbortOnError)
    i.SPI_DMAError                           0x08002836   Section        0  py32f003_hal_spi.o(i.SPI_DMAError)
    SPI_DMAError                             0x08002837   Thumb Code    34  py32f003_hal_spi.o(i.SPI_DMAError)
    i.SPI_DMAHalfReceiveCplt                 0x08002858   Section        0  py32f003_hal_spi.o(i.SPI_DMAHalfReceiveCplt)
    SPI_DMAHalfReceiveCplt                   0x08002859   Thumb Code    10  py32f003_hal_spi.o(i.SPI_DMAHalfReceiveCplt)
    i.SPI_DMAHalfTransmitReceiveCplt         0x08002862   Section        0  py32f003_hal_spi.o(i.SPI_DMAHalfTransmitReceiveCplt)
    SPI_DMAHalfTransmitReceiveCplt           0x08002863   Thumb Code    10  py32f003_hal_spi.o(i.SPI_DMAHalfTransmitReceiveCplt)
    i.SPI_DMAReceiveCplt                     0x0800286c   Section        0  py32f003_hal_spi.o(i.SPI_DMAReceiveCplt)
    SPI_DMAReceiveCplt                       0x0800286d   Thumb Code    88  py32f003_hal_spi.o(i.SPI_DMAReceiveCplt)
    i.SPI_DMATransmitReceiveCplt             0x080028c4   Section        0  py32f003_hal_spi.o(i.SPI_DMATransmitReceiveCplt)
    SPI_DMATransmitReceiveCplt               0x080028c5   Thumb Code    94  py32f003_hal_spi.o(i.SPI_DMATransmitReceiveCplt)
    i.SPI_EndRxTransaction                   0x08002922   Section        0  py32f003_hal_spi.o(i.SPI_EndRxTransaction)
    SPI_EndRxTransaction                     0x08002923   Thumb Code   120  py32f003_hal_spi.o(i.SPI_EndRxTransaction)
    i.SPI_EndRxTxTransaction                 0x0800299a   Section        0  py32f003_hal_spi.o(i.SPI_EndRxTxTransaction)
    SPI_EndRxTxTransaction                   0x0800299b   Thumb Code    76  py32f003_hal_spi.o(i.SPI_EndRxTxTransaction)
    i.SPI_Init                               0x080029e8   Section        0  py32_spi.o(i.SPI_Init)
    i.SPI_WaitFifoStateUntilTimeout          0x08002a44   Section        0  py32f003_hal_spi.o(i.SPI_WaitFifoStateUntilTimeout)
    SPI_WaitFifoStateUntilTimeout            0x08002a45   Thumb Code   118  py32f003_hal_spi.o(i.SPI_WaitFifoStateUntilTimeout)
    i.SPI_WaitFlagStateUntilTimeout          0x08002aba   Section        0  py32f003_hal_spi.o(i.SPI_WaitFlagStateUntilTimeout)
    SPI_WaitFlagStateUntilTimeout            0x08002abb   Thumb Code   114  py32f003_hal_spi.o(i.SPI_WaitFlagStateUntilTimeout)
    i.SVC_Handler                            0x08002b2c   Section        0  py32_it.o(i.SVC_Handler)
    i.SysTick_Handler                        0x08002b2e   Section        0  py32_it.o(i.SysTick_Handler)
    i.SystemCoreClockUpdate                  0x08002b38   Section        0  system_py32f003.o(i.SystemCoreClockUpdate)
    i.SystemInit                             0x08002b48   Section        0  system_py32f003.o(i.SystemInit)
    i.TspiIoInit                             0x08002b74   Section        0  py32_gpio.o(i.TspiIoInit)
    i.UART1_GPIO_Init                        0x08002ba8   Section        0  py32_uart.o(i.UART1_GPIO_Init)
    i.UART_AdvFeatureConfig                  0x08002c1c   Section        0  py32f003_hal_uart.o(i.UART_AdvFeatureConfig)
    i.UART_Init                              0x08002c4c   Section        0  py32_uart.o(i.UART_Init)
    i.UART_SetConfig                         0x08002c7c   Section        0  py32f003_hal_uart.o(i.UART_SetConfig)
    UART_SetConfig                           0x08002c7d   Thumb Code   192  py32f003_hal_uart.o(i.UART_SetConfig)
    i.UART_WaitOnFlagUntilTimeout            0x08002d40   Section        0  py32f003_hal_uart.o(i.UART_WaitOnFlagUntilTimeout)
    UART_WaitOnFlagUntilTimeout              0x08002d41   Thumb Code    96  py32f003_hal_uart.o(i.UART_WaitOnFlagUntilTimeout)
    i.USART1_IRQHandler                      0x08002da0   Section        0  py32_it.o(i.USART1_IRQHandler)
    i.USART2_IRQHandler                      0x08002da2   Section        0  py32_it.o(i.USART2_IRQHandler)
    i.__0printf$8                            0x08002da4   Section        0  printf8.o(i.__0printf$8)
    i.__ARM_common_switch8                   0x08002dc4   Section        0  dataprocess.o(i.__ARM_common_switch8)
    i.__NVIC_SetPriority                     0x08002de0   Section        0  py32f003_hal_cortex.o(i.__NVIC_SetPriority)
    __NVIC_SetPriority                       0x08002de1   Thumb Code    60  py32f003_hal_cortex.o(i.__NVIC_SetPriority)
    i.__scatterload_copy                     0x08002e24   Section       14  handlers.o(i.__scatterload_copy)
    i.__scatterload_null                     0x08002e32   Section        2  handlers.o(i.__scatterload_null)
    i.__scatterload_zeroinit                 0x08002e34   Section       14  handlers.o(i.__scatterload_zeroinit)
    i._printf_core                           0x08002e44   Section        0  printf8.o(i._printf_core)
    _printf_core                             0x08002e45   Thumb Code  1020  printf8.o(i._printf_core)
    i._printf_post_padding                   0x0800326c   Section        0  printf8.o(i._printf_post_padding)
    _printf_post_padding                     0x0800326d   Thumb Code    32  printf8.o(i._printf_post_padding)
    i._printf_pre_padding                    0x0800328c   Section        0  printf8.o(i._printf_pre_padding)
    _printf_pre_padding                      0x0800328d   Thumb Code    44  printf8.o(i._printf_pre_padding)
    i.fputc                                  0x080032b8   Section        0  py32_uart.o(i.fputc)
    i.lsp                                    0x080032d4   Section        0  abd.o(i.lsp)
    i.main                                   0x0800338c   Section        0  main.o(i.main)
    .constdata                               0x080033c4   Section       86  radar.o(.constdata)
    rawPointMap                              0x080033c4   Data          10  radar.o(.constdata)
    RegListPD                                0x080033ce   Data          36  radar.o(.constdata)
    RegListNormal                            0x080033f2   Data          40  radar.o(.constdata)
    .constdata                               0x0800341c   Section       32  system_py32f003.o(.constdata)
    .data                                    0x20000000   Section       12  dataprocess.o(.data)
    curIndex                                 0x20000000   Data           1  dataprocess.o(.data)
    oldCurIndex                              0x20000001   Data           1  dataprocess.o(.data)
    skipNum                                  0x20000002   Data           1  dataprocess.o(.data)
    skipNum                                  0x20000003   Data           1  dataprocess.o(.data)
    oldFrameCnt                              0x20000004   Data           2  dataprocess.o(.data)
    .data                                    0x2000000c   Section       32  abd.o(.data)
    ignoreCnt                                0x2000000c   Data           1  abd.o(.data)
    k                                        0x2000000d   Data           1  abd.o(.data)
    pos                                      0x2000000e   Data           1  abd.o(.data)
    tOffIdx                                  0x2000000f   Data           1  abd.o(.data)
    lastRidx                                 0x20000010   Data           1  abd.o(.data)
    fcnt                                     0x20000011   Data           1  abd.o(.data)
    bufpt                                    0x20000012   Data           1  abd.o(.data)
    on_off_status                            0x20000013   Data           1  abd.o(.data)
    lastRange                                0x20000014   Data           2  abd.o(.data)
    tickCnt                                  0x20000016   Data           2  abd.o(.data)
    sigMax                                   0x20000018   Data           2  abd.o(.data)
    on_cnt                                   0x2000001a   Data           2  abd.o(.data)
    abdPara                                  0x2000001c   Data           8  abd.o(.data)
    sensitivityMap                           0x20000024   Data           8  abd.o(.data)
    .data                                    0x2000002c   Section        4  platform.o(.data)
    recvCnt                                  0x2000002c   Data           1  platform.o(.data)
    recvCnt                                  0x2000002e   Data           2  platform.o(.data)
    .data                                    0x20000030   Section      272  radar.o(.data)
    InitRegList                              0x20000030   Data         236  radar.o(.data)
    peakPara                                 0x2000011c   Data          36  radar.o(.data)
    .data                                    0x20000140   Section        1  radar.o(.data)
    .data                                    0x20000142   Section        4  py32_spi.o(.data)
    cnt                                      0x20000142   Data           2  py32_spi.o(.data)
    .data                                    0x20000148   Section        4  system_py32f003.o(.data)
    .data                                    0x2000014c   Section       12  py32f003_hal.o(.data)
    .data                                    0x20000158   Section        4  stdout.o(.data)
    .bss                                     0x2000015c   Section      126  dataprocess.o(.bss)
    RadarDataParse                           0x2000015c   Data         126  dataprocess.o(.bss)
    .bss                                     0x200001dc   Section      312  abd.o(.bss)
    targetRangeBuf                           0x200001dc   Data          10  abd.o(.bss)
    dfftPeakData                             0x200001e8   Data          56  abd.o(.bss)
    sig_sec                                  0x20000220   Data          12  abd.o(.bss)
    sig_buffer                               0x2000022c   Data         120  abd.o(.bss)
    sig_sensing                              0x200002a4   Data          12  abd.o(.bss)
    targetOffBuf                             0x200002b0   Data         100  abd.o(.bss)
    .bss                                     0x20000314   Section       84  radar.o(.bss)
    RegListDfftPeak                          0x20000314   Data          84  radar.o(.bss)
    .bss                                     0x20000368   Section      400  py32_spi.o(.bss)
    .bss                                     0x200004f8   Section       80  py32_i2c.o(.bss)
    I2cHandle                                0x200004f8   Data          80  py32_i2c.o(.bss)
    .bss                                     0x20000548   Section      220  py32_uart.o(.bss)
    .bss                                     0x20000624   Section       16  py32_iwdg.o(.bss)
    STACK                                    0x20000638   Section     1024  startup_py32f003.o(STACK)

    Global Symbols

    Symbol Name                              Value     Ov Type        Size  Object(Section)

    BuildAttributes$$THM_ISAv3M$S$PE$A:L22$X:L11$S22$IEEE1$IW$USESV6$~STKCKD$USESV7$~SHL$OTIME$ROPI$EBA8$MICROLIB$REQ8$PRES8$EABIv2 0x00000000   Number         0  anon$$obj.o ABSOLUTE
    __ARM_use_no_argv                        0x00000000   Number         0  main.o ABSOLUTE
    _printf_a                                0x00000000   Number         0  stubs.o ABSOLUTE
    _printf_c                                0x00000000   Number         0  stubs.o ABSOLUTE
    _printf_charcount                        0x00000000   Number         0  stubs.o ABSOLUTE
    _printf_d                                0x00000000   Number         0  stubs.o ABSOLUTE
    _printf_e                                0x00000000   Number         0  stubs.o ABSOLUTE
    _printf_f                                0x00000000   Number         0  stubs.o ABSOLUTE
    _printf_flags                            0x00000000   Number         0  stubs.o ABSOLUTE
    _printf_fp_dec                           0x00000000   Number         0  stubs.o ABSOLUTE
    _printf_fp_hex                           0x00000000   Number         0  stubs.o ABSOLUTE
    _printf_g                                0x00000000   Number         0  stubs.o ABSOLUTE
    _printf_i                                0x00000000   Number         0  stubs.o ABSOLUTE
    _printf_int_dec                          0x00000000   Number         0  stubs.o ABSOLUTE
    _printf_l                                0x00000000   Number         0  stubs.o ABSOLUTE
    _printf_lc                               0x00000000   Number         0  stubs.o ABSOLUTE
    _printf_ll                               0x00000000   Number         0  stubs.o ABSOLUTE
    _printf_lld                              0x00000000   Number         0  stubs.o ABSOLUTE
    _printf_lli                              0x00000000   Number         0  stubs.o ABSOLUTE
    _printf_llo                              0x00000000   Number         0  stubs.o ABSOLUTE
    _printf_llu                              0x00000000   Number         0  stubs.o ABSOLUTE
    _printf_llx                              0x00000000   Number         0  stubs.o ABSOLUTE
    _printf_longlong_dec                     0x00000000   Number         0  stubs.o ABSOLUTE
    _printf_longlong_hex                     0x00000000   Number         0  stubs.o ABSOLUTE
    _printf_longlong_oct                     0x00000000   Number         0  stubs.o ABSOLUTE
    _printf_ls                               0x00000000   Number         0  stubs.o ABSOLUTE
    _printf_mbtowc                           0x00000000   Number         0  stubs.o ABSOLUTE
    _printf_n                                0x00000000   Number         0  stubs.o ABSOLUTE
    _printf_o                                0x00000000   Number         0  stubs.o ABSOLUTE
    _printf_p                                0x00000000   Number         0  stubs.o ABSOLUTE
    _printf_percent                          0x00000000   Number         0  stubs.o ABSOLUTE
    _printf_pre_padding                      0x00000000   Number         0  stubs.o ABSOLUTE
    _printf_return_value                     0x00000000   Number         0  stubs.o ABSOLUTE
    _printf_s                                0x00000000   Number         0  stubs.o ABSOLUTE
    _printf_sizespec                         0x00000000   Number         0  stubs.o ABSOLUTE
    _printf_str                              0x00000000   Number         0  stubs.o ABSOLUTE
    _printf_truncate_signed                  0x00000000   Number         0  stubs.o ABSOLUTE
    _printf_truncate_unsigned                0x00000000   Number         0  stubs.o ABSOLUTE
    _printf_u                                0x00000000   Number         0  stubs.o ABSOLUTE
    _printf_wc                               0x00000000   Number         0  stubs.o ABSOLUTE
    _printf_wctomb                           0x00000000   Number         0  stubs.o ABSOLUTE
    _printf_widthprec                        0x00000000   Number         0  stubs.o ABSOLUTE
    _printf_x                                0x00000000   Number         0  stubs.o ABSOLUTE
    __cpp_initialize__aeabi_                  - Undefined Weak Reference
    __cxa_finalize                            - Undefined Weak Reference
    _clock_init                               - Undefined Weak Reference
    _microlib_exit                            - Undefined Weak Reference
    __Vectors_Size                           0x000000c0   Number         0  startup_py32f003.o ABSOLUTE
    __Vectors                                0x08000000   Data           4  startup_py32f003.o(RESET)
    __Vectors_End                            0x080000c0   Data           0  startup_py32f003.o(RESET)
    __main                                   0x080000c1   Thumb Code     0  entry.o(.ARM.Collect$$$$00000000)
    _main_stk                                0x080000c1   Thumb Code     0  entry2.o(.ARM.Collect$$$$00000001)
    _main_scatterload                        0x080000c5   Thumb Code     0  entry5.o(.ARM.Collect$$$$00000004)
    __main_after_scatterload                 0x080000c9   Thumb Code     0  entry5.o(.ARM.Collect$$$$00000004)
    _main_clock                              0x080000c9   Thumb Code     0  entry7b.o(.ARM.Collect$$$$00000008)
    _main_cpp_init                           0x080000c9   Thumb Code     0  entry8b.o(.ARM.Collect$$$$0000000A)
    _main_init                               0x080000c9   Thumb Code     0  entry9a.o(.ARM.Collect$$$$0000000B)
    __rt_final_cpp                           0x080000d1   Thumb Code     0  entry10a.o(.ARM.Collect$$$$0000000D)
    __rt_final_exit                          0x080000d1   Thumb Code     0  entry11a.o(.ARM.Collect$$$$0000000F)
    Reset_Handler                            0x080000d5   Thumb Code     8  startup_py32f003.o(.text)
    ADC_COMP_IRQHandler                      0x080000e7   Thumb Code     0  startup_py32f003.o(.text)
    DMA1_Channel1_IRQHandler                 0x080000e7   Thumb Code     0  startup_py32f003.o(.text)
    EXTI0_1_IRQHandler                       0x080000e7   Thumb Code     0  startup_py32f003.o(.text)
    EXTI2_3_IRQHandler                       0x080000e7   Thumb Code     0  startup_py32f003.o(.text)
    FLASH_IRQHandler                         0x080000e7   Thumb Code     0  startup_py32f003.o(.text)
    I2C1_IRQHandler                          0x080000e7   Thumb Code     0  startup_py32f003.o(.text)
    LED_IRQHandler                           0x080000e7   Thumb Code     0  startup_py32f003.o(.text)
    LPUART_IRQHandler                        0x080000e7   Thumb Code     0  startup_py32f003.o(.text)
    PVD_IRQHandler                           0x080000e7   Thumb Code     0  startup_py32f003.o(.text)
    RCC_IRQHandler                           0x080000e7   Thumb Code     0  startup_py32f003.o(.text)
    RTC_IRQHandler                           0x080000e7   Thumb Code     0  startup_py32f003.o(.text)
    SPI2_IRQHandler                          0x080000e7   Thumb Code     0  startup_py32f003.o(.text)
    TIM14_IRQHandler                         0x080000e7   Thumb Code     0  startup_py32f003.o(.text)
    TIM16_IRQHandler                         0x080000e7   Thumb Code     0  startup_py32f003.o(.text)
    TIM17_IRQHandler                         0x080000e7   Thumb Code     0  startup_py32f003.o(.text)
    TIM1_BRK_UP_TRG_COM_IRQHandler           0x080000e7   Thumb Code     0  startup_py32f003.o(.text)
    TIM1_CC_IRQHandler                       0x080000e7   Thumb Code     0  startup_py32f003.o(.text)
    TIM3_IRQHandler                          0x080000e7   Thumb Code     0  startup_py32f003.o(.text)
    TIM6_LPTIM_IRQHandler                    0x080000e7   Thumb Code     0  startup_py32f003.o(.text)
    WWDG_IRQHandler                          0x080000e7   Thumb Code     0  startup_py32f003.o(.text)
    __aeabi_uidiv                            0x080000f1   Thumb Code     0  uidiv.o(.text)
    __aeabi_uidivmod                         0x080000f1   Thumb Code    44  uidiv.o(.text)
    __aeabi_memcpy                           0x0800011d   Thumb Code    36  memcpya.o(.text)
    __aeabi_memcpy4                          0x0800011d   Thumb Code     0  memcpya.o(.text)
    __aeabi_memcpy8                          0x0800011d   Thumb Code     0  memcpya.o(.text)
    __aeabi_memset                           0x08000141   Thumb Code    14  memseta.o(.text)
    __aeabi_memset4                          0x08000141   Thumb Code     0  memseta.o(.text)
    __aeabi_memset8                          0x08000141   Thumb Code     0  memseta.o(.text)
    __aeabi_memclr                           0x0800014f   Thumb Code     4  memseta.o(.text)
    __aeabi_memclr4                          0x0800014f   Thumb Code     0  memseta.o(.text)
    __aeabi_memclr8                          0x0800014f   Thumb Code     0  memseta.o(.text)
    _memset$wrapper                          0x08000153   Thumb Code    18  memseta.o(.text)
    __aeabi_uread4                           0x08000165   Thumb Code    20  uread4.o(.text)
    __rt_uread4                              0x08000165   Thumb Code     0  uread4.o(.text)
    _uread4                                  0x08000165   Thumb Code     0  uread4.o(.text)
    __aeabi_fadd                             0x08000179   Thumb Code   162  fadd.o(.text)
    __aeabi_fsub                             0x0800021b   Thumb Code     8  fadd.o(.text)
    __aeabi_frsub                            0x08000223   Thumb Code     8  fadd.o(.text)
    __aeabi_fmul                             0x0800022b   Thumb Code   122  fmul.o(.text)
    __aeabi_fdiv                             0x080002a5   Thumb Code   124  fdiv.o(.text)
    __aeabi_i2f                              0x08000321   Thumb Code    22  fflti.o(.text)
    __aeabi_ui2f                             0x08000337   Thumb Code    14  ffltui.o(.text)
    __aeabi_f2uiz                            0x08000345   Thumb Code    40  ffixui.o(.text)
    __aeabi_uldivmod                         0x0800036d   Thumb Code    96  uldiv.o(.text)
    __I$use$fp                               0x080003cd   Thumb Code     0  iusefp.o(.text)
    _float_round                             0x080003cd   Thumb Code    16  fepilogue.o(.text)
    _float_epilogue                          0x080003dd   Thumb Code   114  fepilogue.o(.text)
    __scatterload                            0x08000451   Thumb Code    28  init.o(.text)
    __scatterload_rt2                        0x08000451   Thumb Code     0  init.o(.text)
    __aeabi_llsl                             0x08000475   Thumb Code    32  llshl.o(.text)
    _ll_shift_l                              0x08000475   Thumb Code     0  llshl.o(.text)
    __aeabi_llsr                             0x08000495   Thumb Code    34  llushr.o(.text)
    _ll_ushift_r                             0x08000495   Thumb Code     0  llushr.o(.text)
    __decompress                             0x080004b7   Thumb Code     0  __dczerorl2.o(.text)
    __decompress1                            0x080004b7   Thumb Code    86  __dczerorl2.o(.text)
    ABD_HumanPresenceSensing                 0x0800050d   Thumb Code   346  abd.o(i.ABD_HumanPresenceSensing)
    ABD_Init                                 0x080006b1   Thumb Code    16  abd.o(i.ABD_Init)
    CmdProc_AdcReset                         0x08000715   Thumb Code    62  dataprocess.o(i.CmdProc_AdcReset)
    ConfigDfftPeakPara                       0x08000755   Thumb Code   144  radar.o(i.ConfigDfftPeakPara)
    DMA1_Channel2_3_IRQHandler               0x080007f5   Thumb Code    12  py32_it.o(i.DMA1_Channel2_3_IRQHandler)
    DataProc_Init                            0x08000979   Thumb Code    78  dataprocess.o(i.DataProc_Init)
    DataProc_Recv                            0x080009f9   Thumb Code    76  dataprocess.o(i.DataProc_Recv)
    Delay                                    0x08000c6d   Thumb Code     8  platform.o(i.Delay)
    EXTI4_15_IRQHandler                      0x08000cf5   Thumb Code    16  py32_it.o(i.EXTI4_15_IRQHandler)
    GetRangeByCenterGravity                  0x08000e25   Thumb Code   148  abd.o(i.GetRangeByCenterGravity)
    HAL_DMA_Abort_IT                         0x08000ebd   Thumb Code    96  py32f003_hal_dma.o(i.HAL_DMA_Abort_IT)
    HAL_DMA_IRQHandler                       0x08000f21   Thumb Code   206  py32f003_hal_dma.o(i.HAL_DMA_IRQHandler)
    HAL_DMA_Init                             0x08000ff5   Thumb Code    88  py32f003_hal_dma.o(i.HAL_DMA_Init)
    HAL_DMA_Start_IT                         0x08001059   Thumb Code   104  py32f003_hal_dma.o(i.HAL_DMA_Start_IT)
    HAL_Delay                                0x080010c1   Thumb Code    32  py32f003_hal.o(i.HAL_Delay)
    HAL_GPIO_Init                            0x080010e5   Thumb Code   266  py32f003_hal_gpio.o(i.HAL_GPIO_Init)
    HAL_GPIO_WritePin                        0x080011f9   Thumb Code    12  py32f003_hal_gpio.o(i.HAL_GPIO_WritePin)
    HAL_GetTick                              0x08001205   Thumb Code     6  py32f003_hal.o(i.HAL_GetTick)
    HAL_I2C_Init                             0x08001211   Thumb Code   320  py32f003_hal_i2c.o(i.HAL_I2C_Init)
    HAL_I2C_Mem_Read                         0x08001369   Thumb Code   518  py32f003_hal_i2c.o(i.HAL_I2C_Mem_Read)
    HAL_I2C_Mem_Write                        0x0800157d   Thumb Code   274  py32f003_hal_i2c.o(i.HAL_I2C_Mem_Write)
    HAL_I2C_MspInit                          0x08001699   Thumb Code   106  py32_i2c.o(i.HAL_I2C_MspInit)
    HAL_IWDG_Init                            0x0800170d   Thumb Code    74  py32f003_hal_iwdg.o(i.HAL_IWDG_Init)
    HAL_IWDG_Refresh                         0x08001765   Thumb Code    10  py32f003_hal_iwdg.o(i.HAL_IWDG_Refresh)
    HAL_IncTick                              0x08001775   Thumb Code    12  py32f003_hal.o(i.HAL_IncTick)
    HAL_Init                                 0x08001785   Thumb Code    26  py32f003_hal.o(i.HAL_Init)
    HAL_InitTick                             0x080017a1   Thumb Code    64  py32f003_hal.o(i.HAL_InitTick)
    HAL_MspInit                              0x080017e9   Thumb Code     2  py32f003_hal.o(i.HAL_MspInit)
    HAL_NVIC_EnableIRQ                       0x080017ed   Thumb Code    18  py32f003_hal_cortex.o(i.HAL_NVIC_EnableIRQ)
    HAL_NVIC_SetPriority                     0x08001805   Thumb Code     8  py32f003_hal_cortex.o(i.HAL_NVIC_SetPriority)
    HAL_RCC_GetPCLK1Freq                     0x0800180d   Thumb Code    26  py32f003_hal_rcc.o(i.HAL_RCC_GetPCLK1Freq)
    HAL_SPI_ErrorCallback                    0x08001835   Thumb Code    12  py32_spi.o(i.HAL_SPI_ErrorCallback)
    HAL_SPI_IRQHandler                       0x08001859   Thumb Code   218  py32f003_hal_spi.o(i.HAL_SPI_IRQHandler)
    HAL_SPI_Init                             0x08001939   Thumb Code   174  py32f003_hal_spi.o(i.HAL_SPI_Init)
    HAL_SPI_MspInit                          0x080019e9   Thumb Code   294  py32_spi.o(i.HAL_SPI_MspInit)
    HAL_SPI_Receive_DMA                      0x08001b21   Thumb Code   278  py32f003_hal_spi.o(i.HAL_SPI_Receive_DMA)
    HAL_SPI_RxCpltCallback                   0x08001c45   Thumb Code    62  py32_spi.o(i.HAL_SPI_RxCpltCallback)
    HAL_SPI_RxHalfCpltCallback               0x08001c91   Thumb Code     2  py32f003_hal_spi.o(i.HAL_SPI_RxHalfCpltCallback)
    HAL_SPI_TransmitReceive_DMA              0x08001c95   Thumb Code   366  py32f003_hal_spi.o(i.HAL_SPI_TransmitReceive_DMA)
    HAL_SPI_TxRxCpltCallback                 0x08001e19   Thumb Code     2  py32f003_hal_spi.o(i.HAL_SPI_TxRxCpltCallback)
    HAL_SPI_TxRxHalfCpltCallback             0x08001e1b   Thumb Code     2  py32f003_hal_spi.o(i.HAL_SPI_TxRxHalfCpltCallback)
    HAL_SYSCFG_DMA_Req                       0x08001e1d   Thumb Code    10  py32f003_hal.o(i.HAL_SYSCFG_DMA_Req)
    HAL_SYSTICK_Config                       0x08001e2d   Thumb Code    38  py32f003_hal_cortex.o(i.HAL_SYSTICK_Config)
    HAL_UART_Init                            0x08001e5d   Thumb Code   108  py32f003_hal_uart.o(i.HAL_UART_Init)
    HAL_UART_MspInit                         0x08001ec9   Thumb Code     2  py32f003_hal_uart.o(i.HAL_UART_MspInit)
    HAL_UART_Transmit                        0x08001ecb   Thumb Code   196  py32f003_hal_uart.o(i.HAL_UART_Transmit)
    HardFault_Handler                        0x08001f8f   Thumb Code     2  py32_it.o(i.HardFault_Handler)
    I2C_Init                                 0x08001f91   Thumb Code    62  py32_i2c.o(i.I2C_Init)
    I2C_Read                                 0x0800201d   Thumb Code   100  py32_i2c.o(i.I2C_Read)
    I2C_Write                                0x08002425   Thumb Code    50  py32_i2c.o(i.I2C_Write)
    IWDG_Init                                0x08002485   Thumb Code    74  py32_iwdg.o(i.IWDG_Init)
    IWDG_Reload                              0x080024f9   Thumb Code    22  py32_iwdg.o(i.IWDG_Reload)
    Indicator_RadarDataIndexError            0x08002531   Thumb Code    10  platform.o(i.Indicator_RadarDataIndexError)
    Indicator_RadarDataReceived              0x0800253d   Thumb Code    30  platform.o(i.Indicator_RadarDataReceived)
    IoOutInit                                0x08002561   Thumb Code    46  py32_gpio.o(i.IoOutInit)
    IoOutOff                                 0x08002599   Thumb Code    14  py32_gpio.o(i.IoOutOff)
    IoOutOn                                  0x080025ad   Thumb Code    14  py32_gpio.o(i.IoOutOn)
    LED_Init                                 0x080025c1   Thumb Code     2  py32_gpio.o(i.LED_Init)
    LED_On                                   0x080025c3   Thumb Code     2  py32_gpio.o(i.LED_On)
    LED_Toggle                               0x080025c5   Thumb Code     2  py32_gpio.o(i.LED_Toggle)
    NMI_Handler                              0x080025c7   Thumb Code     2  py32_it.o(i.NMI_Handler)
    PendSV_Handler                           0x080025c9   Thumb Code     2  py32_it.o(i.PendSV_Handler)
    Platform_Init                            0x080025cb   Thumb Code    30  platform.o(i.Platform_Init)
    Radar_EnterNormalMode                    0x080025e9   Thumb Code    34  radar.o(i.Radar_EnterNormalMode)
    Radar_GetDataType                        0x08002611   Thumb Code    56  radar.o(i.Radar_GetDataType)
    Radar_GetDfftPeakSize                    0x08002649   Thumb Code    28  radar.o(i.Radar_GetDfftPeakSize)
    Radar_GetFftPoint                        0x08002665   Thumb Code    24  radar.o(i.Radar_GetFftPoint)
    Radar_GetOneFrameChirpNum                0x0800267d   Thumb Code    24  radar.o(i.Radar_GetOneFrameChirpNum)
    Radar_GetRawPoint                        0x08002695   Thumb Code    42  radar.o(i.Radar_GetRawPoint)
    Radar_Init                               0x080026c5   Thumb Code    90  radar.o(i.Radar_Init)
    Radar_PreInit                            0x08002749   Thumb Code    34  radar.o(i.Radar_PreInit)
    RunFailed                                0x080027d9   Thumb Code    28  utilities.o(i.RunFailed)
    SPI1_IRQHandler                          0x08002815   Thumb Code    10  py32_it.o(i.SPI1_IRQHandler)
    SPI_Init                                 0x080029e9   Thumb Code    78  py32_spi.o(i.SPI_Init)
    SVC_Handler                              0x08002b2d   Thumb Code     2  py32_it.o(i.SVC_Handler)
    SysTick_Handler                          0x08002b2f   Thumb Code     8  py32_it.o(i.SysTick_Handler)
    SystemCoreClockUpdate                    0x08002b39   Thumb Code     8  system_py32f003.o(i.SystemCoreClockUpdate)
    SystemInit                               0x08002b49   Thumb Code    30  system_py32f003.o(i.SystemInit)
    TspiIoInit                               0x08002b75   Thumb Code    48  py32_gpio.o(i.TspiIoInit)
    UART1_GPIO_Init                          0x08002ba9   Thumb Code   106  py32_uart.o(i.UART1_GPIO_Init)
    UART_AdvFeatureConfig                    0x08002c1d   Thumb Code    48  py32f003_hal_uart.o(i.UART_AdvFeatureConfig)
    UART_Init                                0x08002c4d   Thumb Code    38  py32_uart.o(i.UART_Init)
    USART1_IRQHandler                        0x08002da1   Thumb Code     2  py32_it.o(i.USART1_IRQHandler)
    USART2_IRQHandler                        0x08002da3   Thumb Code     2  py32_it.o(i.USART2_IRQHandler)
    __0printf$8                              0x08002da5   Thumb Code    24  printf8.o(i.__0printf$8)
    __1printf$8                              0x08002da5   Thumb Code     0  printf8.o(i.__0printf$8)
    __2printf                                0x08002da5   Thumb Code     0  printf8.o(i.__0printf$8)
    __ARM_common_switch8                     0x08002dc5   Thumb Code    26  dataprocess.o(i.__ARM_common_switch8)
    __scatterload_copy                       0x08002e25   Thumb Code    14  handlers.o(i.__scatterload_copy)
    __scatterload_null                       0x08002e33   Thumb Code     2  handlers.o(i.__scatterload_null)
    __scatterload_zeroinit                   0x08002e35   Thumb Code    14  handlers.o(i.__scatterload_zeroinit)
    fputc                                    0x080032b9   Thumb Code    18  py32_uart.o(i.fputc)
    lsp                                      0x080032d5   Thumb Code   184  abd.o(i.lsp)
    main                                     0x0800338d   Thumb Code    32  main.o(i.main)
    APBPrescTable                            0x0800341c   Data          32  system_py32f003.o(.constdata)
    Region$$Table$$Base                      0x0800343c   Number         0  anon$$obj.o(Region$$Table)
    Region$$Table$$Limit                     0x0800345c   Number         0  anon$$obj.o(Region$$Table)
    RadarPara                                0x20000006   Data           6  dataprocess.o(.data)
    g_ChannelCount                           0x20000140   Data           1  radar.o(.data)
    g_dataRecvFlag                           0x20000144   Data           2  py32_spi.o(.data)
    SystemCoreClock                          0x20000148   Data           4  system_py32f003.o(.data)
    uwTickPrio                               0x2000014c   Data           4  py32f003_hal.o(.data)
    uwTickFreq                               0x20000150   Data           4  py32f003_hal.o(.data)
    uwTick                                   0x20000154   Data           4  py32f003_hal.o(.data)
    __stdout                                 0x20000158   Data           4  stdout.o(.data)
    SpiHandle                                0x20000368   Data         100  py32_spi.o(.bss)
    HdmaCh2                                  0x200003cc   Data          68  py32_spi.o(.bss)
    g_dataRecvBuf                            0x20000410   Data         232  py32_spi.o(.bss)
    UartHandle                               0x20000548   Data          84  py32_uart.o(.bss)
    g_cmdRecv                                0x2000059c   Data         136  py32_uart.o(.bss)
    IwdgHandle                               0x20000624   Data          16  py32_iwdg.o(.bss)
    __initial_sp                             0x20000a38   Data           0  startup_py32f003.o(STACK)



==============================================================================

Memory Map of the image

  Image Entry point : 0x080000c1

  Load Region LR_IROM1 (Base: 0x08000000, Size: 0x000035b8, Max: 0x00004000, ABSOLUTE, COMPRESSED[0x0000354c])

    Execution Region ER_IROM1 (Exec base: 0x08000000, Load base: 0x08000000, Size: 0x0000345c, Max: 0x00004000, ABSOLUTE)

    Exec Addr    Load Addr    Size         Type   Attr      Idx    E Section Name        Object

    0x08000000   0x08000000   0x000000c0   Data   RO         1203    RESET               startup_py32f003.o
    0x080000c0   0x080000c0   0x00000000   Code   RO         4225  * .ARM.Collect$$$$00000000  mc_p.l(entry.o)
    0x080000c0   0x080000c0   0x00000004   Code   RO         4511    .ARM.Collect$$$$00000001  mc_p.l(entry2.o)
    0x080000c4   0x080000c4   0x00000004   Code   RO         4514    .ARM.Collect$$$$00000004  mc_p.l(entry5.o)
    0x080000c8   0x080000c8   0x00000000   Code   RO         4516    .ARM.Collect$$$$00000008  mc_p.l(entry7b.o)
    0x080000c8   0x080000c8   0x00000000   Code   RO         4518    .ARM.Collect$$$$0000000A  mc_p.l(entry8b.o)
    0x080000c8   0x080000c8   0x00000008   Code   RO         4519    .ARM.Collect$$$$0000000B  mc_p.l(entry9a.o)
    0x080000d0   0x080000d0   0x00000000   Code   RO         4521    .ARM.Collect$$$$0000000D  mc_p.l(entry10a.o)
    0x080000d0   0x080000d0   0x00000000   Code   RO         4523    .ARM.Collect$$$$0000000F  mc_p.l(entry11a.o)
    0x080000d0   0x080000d0   0x00000004   Code   RO         4512    .ARM.Collect$$$$00002712  mc_p.l(entry2.o)
    0x080000d4   0x080000d4   0x0000001c   Code   RO         1204    .text               startup_py32f003.o
    0x080000f0   0x080000f0   0x0000002c   Code   RO         4228    .text               mc_p.l(uidiv.o)
    0x0800011c   0x0800011c   0x00000024   Code   RO         4230    .text               mc_p.l(memcpya.o)
    0x08000140   0x08000140   0x00000024   Code   RO         4232    .text               mc_p.l(memseta.o)
    0x08000164   0x08000164   0x00000014   Code   RO         4497    .text               mc_p.l(uread4.o)
    0x08000178   0x08000178   0x000000b2   Code   RO         4499    .text               mf_p.l(fadd.o)
    0x0800022a   0x0800022a   0x0000007a   Code   RO         4501    .text               mf_p.l(fmul.o)
    0x080002a4   0x080002a4   0x0000007c   Code   RO         4503    .text               mf_p.l(fdiv.o)
    0x08000320   0x08000320   0x00000016   Code   RO         4505    .text               mf_p.l(fflti.o)
    0x08000336   0x08000336   0x0000000e   Code   RO         4507    .text               mf_p.l(ffltui.o)
    0x08000344   0x08000344   0x00000028   Code   RO         4509    .text               mf_p.l(ffixui.o)
    0x0800036c   0x0800036c   0x00000060   Code   RO         4526    .text               mc_p.l(uldiv.o)
    0x080003cc   0x080003cc   0x00000000   Code   RO         4528    .text               mc_p.l(iusefp.o)
    0x080003cc   0x080003cc   0x00000082   Code   RO         4529    .text               mf_p.l(fepilogue.o)
    0x0800044e   0x0800044e   0x00000002   PAD
    0x08000450   0x08000450   0x00000024   Code   RO         4541    .text               mc_p.l(init.o)
    0x08000474   0x08000474   0x00000020   Code   RO         4543    .text               mc_p.l(llshl.o)
    0x08000494   0x08000494   0x00000022   Code   RO         4545    .text               mc_p.l(llushr.o)
    0x080004b6   0x080004b6   0x00000056   Code   RO         4561    .text               mc_p.l(__dczerorl2.o)
    0x0800050c   0x0800050c   0x000001a4   Code   RO          400    i.ABD_HumanPresenceSensing  abd.o
    0x080006b0   0x080006b0   0x00000010   Code   RO          401    i.ABD_Init          abd.o
    0x080006c0   0x080006c0   0x00000054   Code   RO          277    i.CheckChirpIndex   dataprocess.o
    0x08000714   0x08000714   0x0000003e   Code   RO          278    i.CmdProc_AdcReset  dataprocess.o
    0x08000752   0x08000752   0x00000002   PAD
    0x08000754   0x08000754   0x000000a0   Code   RO          584    i.ConfigDfftPeakPara  radar.o
    0x080007f4   0x080007f4   0x00000010   Code   RO          739    i.DMA1_Channel2_3_IRQHandler  py32_it.o
    0x08000804   0x08000804   0x00000028   Code   RO         1502    i.DMA_SetConfig     py32f003_hal_dma.o
    0x0800082c   0x0800082c   0x00000068   Code   RO          279    i.DataCopy          dataprocess.o
    0x08000894   0x08000894   0x000000e4   Code   RO          280    i.DataParse         dataprocess.o
    0x08000978   0x08000978   0x00000080   Code   RO          283    i.DataProc_Init     dataprocess.o
    0x080009f8   0x080009f8   0x0000005c   Code   RO          285    i.DataProc_Recv     dataprocess.o
    0x08000a54   0x08000a54   0x000000c8   Code   RO          287    i.DataProcess       dataprocess.o
    0x08000b1c   0x08000b1c   0x00000078   Code   RO          288    i.DataStateIdParse  dataprocess.o
    0x08000b94   0x08000b94   0x00000048   Code   RO          289    i.DataStateIndex1Parse  dataprocess.o
    0x08000bdc   0x08000bdc   0x00000038   Code   RO          290    i.DataStateIndex2Parse  dataprocess.o
    0x08000c14   0x08000c14   0x00000058   Code   RO          291    i.DataStateTail3Parse  dataprocess.o
    0x08000c6c   0x08000c6c   0x00000008   Code   RO          523    i.Delay             platform.o
    0x08000c74   0x08000c74   0x00000080   Code   RO          585    i.DumpChipRegValue  radar.o
    0x08000cf4   0x08000cf4   0x00000014   Code   RO          741    i.EXTI4_15_IRQHandler  py32_it.o
    0x08000d08   0x08000d08   0x00000040   Code   RO          404    i.GetDfftPeakData   abd.o
    0x08000d48   0x08000d48   0x000000dc   Code   RO          292    i.GetRadarPara      dataprocess.o
    0x08000e24   0x08000e24   0x00000098   Code   RO          405    i.GetRangeByCenterGravity  abd.o
    0x08000ebc   0x08000ebc   0x00000064   Code   RO         1504    i.HAL_DMA_Abort_IT  py32f003_hal_dma.o
    0x08000f20   0x08000f20   0x000000d4   Code   RO         1508    i.HAL_DMA_IRQHandler  py32f003_hal_dma.o
    0x08000ff4   0x08000ff4   0x00000064   Code   RO         1509    i.HAL_DMA_Init      py32f003_hal_dma.o
    0x08001058   0x08001058   0x00000068   Code   RO         1513    i.HAL_DMA_Start_IT  py32f003_hal_dma.o
    0x080010c0   0x080010c0   0x00000024   Code   RO         1251    i.HAL_Delay         py32f003_hal.o
    0x080010e4   0x080010e4   0x00000114   Code   RO         1792    i.HAL_GPIO_Init     py32f003_hal_gpio.o
    0x080011f8   0x080011f8   0x0000000c   Code   RO         1796    i.HAL_GPIO_WritePin  py32f003_hal_gpio.o
    0x08001204   0x08001204   0x0000000c   Code   RO         1255    i.HAL_GetTick       py32f003_hal.o
    0x08001210   0x08001210   0x00000158   Code   RO         1866    i.HAL_I2C_Init      py32f003_hal_i2c.o
    0x08001368   0x08001368   0x00000214   Code   RO         1884    i.HAL_I2C_Mem_Read  py32f003_hal_i2c.o
    0x0800157c   0x0800157c   0x0000011c   Code   RO         1887    i.HAL_I2C_Mem_Write  py32f003_hal_i2c.o
    0x08001698   0x08001698   0x00000074   Code   RO          980    i.HAL_I2C_MspInit   py32_i2c.o
    0x0800170c   0x0800170c   0x00000058   Code   RO         2277    i.HAL_IWDG_Init     py32f003_hal_iwdg.o
    0x08001764   0x08001764   0x00000010   Code   RO         2278    i.HAL_IWDG_Refresh  py32f003_hal_iwdg.o
    0x08001774   0x08001774   0x00000010   Code   RO         1261    i.HAL_IncTick       py32f003_hal.o
    0x08001784   0x08001784   0x0000001a   Code   RO         1262    i.HAL_Init          py32f003_hal.o
    0x0800179e   0x0800179e   0x00000002   PAD
    0x080017a0   0x080017a0   0x00000048   Code   RO         1263    i.HAL_InitTick      py32f003_hal.o
    0x080017e8   0x080017e8   0x00000002   Code   RO         1265    i.HAL_MspInit       py32f003_hal.o
    0x080017ea   0x080017ea   0x00000002   PAD
    0x080017ec   0x080017ec   0x00000018   Code   RO         1406    i.HAL_NVIC_EnableIRQ  py32f003_hal_cortex.o
    0x08001804   0x08001804   0x00000008   Code   RO         1410    i.HAL_NVIC_SetPriority  py32f003_hal_cortex.o
    0x0800180c   0x0800180c   0x00000028   Code   RO         2332    i.HAL_RCC_GetPCLK1Freq  py32f003_hal_rcc.o
    0x08001834   0x08001834   0x00000024   Code   RO          914    i.HAL_SPI_ErrorCallback  py32_spi.o
    0x08001858   0x08001858   0x000000e0   Code   RO         2465    i.HAL_SPI_IRQHandler  py32f003_hal_spi.o
    0x08001938   0x08001938   0x000000ae   Code   RO         2466    i.HAL_SPI_Init      py32f003_hal_spi.o
    0x080019e6   0x080019e6   0x00000002   PAD
    0x080019e8   0x080019e8   0x00000138   Code   RO          916    i.HAL_SPI_MspInit   py32_spi.o
    0x08001b20   0x08001b20   0x00000124   Code   RO         2470    i.HAL_SPI_Receive_DMA  py32f003_hal_spi.o
    0x08001c44   0x08001c44   0x0000004c   Code   RO          917    i.HAL_SPI_RxCpltCallback  py32_spi.o
    0x08001c90   0x08001c90   0x00000002   Code   RO         2473    i.HAL_SPI_RxHalfCpltCallback  py32f003_hal_spi.o
    0x08001c92   0x08001c92   0x00000002   PAD
    0x08001c94   0x08001c94   0x00000184   Code   RO         2476    i.HAL_SPI_TransmitReceive_DMA  py32f003_hal_spi.o
    0x08001e18   0x08001e18   0x00000002   Code   RO         2482    i.HAL_SPI_TxRxCpltCallback  py32f003_hal_spi.o
    0x08001e1a   0x08001e1a   0x00000002   Code   RO         2483    i.HAL_SPI_TxRxHalfCpltCallback  py32f003_hal_spi.o
    0x08001e1c   0x08001e1c   0x00000010   Code   RO         1267    i.HAL_SYSCFG_DMA_Req  py32f003_hal.o
    0x08001e2c   0x08001e2c   0x00000030   Code   RO         1414    i.HAL_SYSTICK_Config  py32f003_hal_cortex.o
    0x08001e5c   0x08001e5c   0x0000006c   Code   RO         3746    i.HAL_UART_Init     py32f003_hal_uart.o
    0x08001ec8   0x08001ec8   0x00000002   Code   RO         3748    i.HAL_UART_MspInit  py32f003_hal_uart.o
    0x08001eca   0x08001eca   0x000000c4   Code   RO         3754    i.HAL_UART_Transmit  py32f003_hal_uart.o
    0x08001f8e   0x08001f8e   0x00000002   Code   RO          742    i.HardFault_Handler  py32_it.o
    0x08001f90   0x08001f90   0x00000058   Code   RO          981    i.I2C_Init          py32_i2c.o
    0x08001fe8   0x08001fe8   0x00000034   Code   RO         1908    i.I2C_IsAcknowledgeFailed  py32f003_hal_i2c.o
    0x0800201c   0x0800201c   0x00000080   Code   RO          982    i.I2C_Read          py32_i2c.o
    0x0800209c   0x0800209c   0x000000f0   Code   RO         1917    i.I2C_RequestMemoryRead  py32f003_hal_i2c.o
    0x0800218c   0x0800218c   0x000000ac   Code   RO         1918    i.I2C_RequestMemoryWrite  py32f003_hal_i2c.o
    0x08002238   0x08002238   0x0000004e   Code   RO         1921    i.I2C_WaitOnBTFFlagUntilTimeout  py32f003_hal_i2c.o
    0x08002286   0x08002286   0x00000064   Code   RO         1922    i.I2C_WaitOnFlagUntilTimeout  py32f003_hal_i2c.o
    0x080022ea   0x080022ea   0x00000002   PAD
    0x080022ec   0x080022ec   0x0000008c   Code   RO         1923    i.I2C_WaitOnMasterAddressFlagUntilTimeout  py32f003_hal_i2c.o
    0x08002378   0x08002378   0x0000005e   Code   RO         1924    i.I2C_WaitOnRXNEFlagUntilTimeout  py32f003_hal_i2c.o
    0x080023d6   0x080023d6   0x0000004e   Code   RO         1925    i.I2C_WaitOnTXEFlagUntilTimeout  py32f003_hal_i2c.o
    0x08002424   0x08002424   0x00000060   Code   RO          983    i.I2C_Write         py32_i2c.o
    0x08002484   0x08002484   0x00000074   Code   RO         1170    i.IWDG_Init         py32_iwdg.o
    0x080024f8   0x080024f8   0x00000038   Code   RO         1171    i.IWDG_Reload       py32_iwdg.o
    0x08002530   0x08002530   0x0000000a   Code   RO          525    i.Indicator_RadarDataIndexError  platform.o
    0x0800253a   0x0800253a   0x00000002   PAD
    0x0800253c   0x0800253c   0x00000024   Code   RO          526    i.Indicator_RadarDataReceived  platform.o
    0x08002560   0x08002560   0x00000038   Code   RO          843    i.IoOutInit         py32_gpio.o
    0x08002598   0x08002598   0x00000014   Code   RO          844    i.IoOutOff          py32_gpio.o
    0x080025ac   0x080025ac   0x00000014   Code   RO          845    i.IoOutOn           py32_gpio.o
    0x080025c0   0x080025c0   0x00000002   Code   RO          846    i.LED_Init          py32_gpio.o
    0x080025c2   0x080025c2   0x00000002   Code   RO          848    i.LED_On            py32_gpio.o
    0x080025c4   0x080025c4   0x00000002   Code   RO          849    i.LED_Toggle        py32_gpio.o
    0x080025c6   0x080025c6   0x00000002   Code   RO          744    i.NMI_Handler       py32_it.o
    0x080025c8   0x080025c8   0x00000002   Code   RO          745    i.PendSV_Handler    py32_it.o
    0x080025ca   0x080025ca   0x0000001e   Code   RO          529    i.Platform_Init     platform.o
    0x080025e8   0x080025e8   0x00000028   Code   RO          590    i.Radar_EnterNormalMode  radar.o
    0x08002610   0x08002610   0x00000038   Code   RO          592    i.Radar_GetDataType  radar.o
    0x08002648   0x08002648   0x0000001c   Code   RO          595    i.Radar_GetDfftPeakSize  radar.o
    0x08002664   0x08002664   0x00000018   Code   RO          596    i.Radar_GetFftPoint  radar.o
    0x0800267c   0x0800267c   0x00000018   Code   RO          597    i.Radar_GetOneFrameChirpNum  radar.o
    0x08002694   0x08002694   0x00000030   Code   RO          600    i.Radar_GetRawPoint  radar.o
    0x080026c4   0x080026c4   0x00000084   Code   RO          601    i.Radar_Init        radar.o
    0x08002748   0x08002748   0x00000028   Code   RO          602    i.Radar_PreInit     radar.o
    0x08002770   0x08002770   0x00000068   Code   RO          604    i.ReplaceSpecialRegs  radar.o
    0x080027d8   0x080027d8   0x0000003c   Code   RO          499    i.RunFailed         utilities.o
    0x08002814   0x08002814   0x00000010   Code   RO          746    i.SPI1_IRQHandler   py32_it.o
    0x08002824   0x08002824   0x00000012   Code   RO         2493    i.SPI_DMAAbortOnError  py32f003_hal_spi.o
    0x08002836   0x08002836   0x00000022   Code   RO         2494    i.SPI_DMAError      py32f003_hal_spi.o
    0x08002858   0x08002858   0x0000000a   Code   RO         2495    i.SPI_DMAHalfReceiveCplt  py32f003_hal_spi.o
    0x08002862   0x08002862   0x0000000a   Code   RO         2497    i.SPI_DMAHalfTransmitReceiveCplt  py32f003_hal_spi.o
    0x0800286c   0x0800286c   0x00000058   Code   RO         2498    i.SPI_DMAReceiveCplt  py32f003_hal_spi.o
    0x080028c4   0x080028c4   0x0000005e   Code   RO         2501    i.SPI_DMATransmitReceiveCplt  py32f003_hal_spi.o
    0x08002922   0x08002922   0x00000078   Code   RO         2503    i.SPI_EndRxTransaction  py32f003_hal_spi.o
    0x0800299a   0x0800299a   0x0000004c   Code   RO         2504    i.SPI_EndRxTxTransaction  py32f003_hal_spi.o
    0x080029e6   0x080029e6   0x00000002   PAD
    0x080029e8   0x080029e8   0x0000005c   Code   RO          919    i.SPI_Init          py32_spi.o
    0x08002a44   0x08002a44   0x00000076   Code   RO         2509    i.SPI_WaitFifoStateUntilTimeout  py32f003_hal_spi.o
    0x08002aba   0x08002aba   0x00000072   Code   RO         2510    i.SPI_WaitFlagStateUntilTimeout  py32f003_hal_spi.o
    0x08002b2c   0x08002b2c   0x00000002   Code   RO          747    i.SVC_Handler       py32_it.o
    0x08002b2e   0x08002b2e   0x00000008   Code   RO          748    i.SysTick_Handler   py32_it.o
    0x08002b36   0x08002b36   0x00000002   PAD
    0x08002b38   0x08002b38   0x00000010   Code   RO         1210    i.SystemCoreClockUpdate  system_py32f003.o
    0x08002b48   0x08002b48   0x0000002c   Code   RO         1211    i.SystemInit        system_py32f003.o
    0x08002b74   0x08002b74   0x00000034   Code   RO          850    i.TspiIoInit        py32_gpio.o
    0x08002ba8   0x08002ba8   0x00000074   Code   RO         1024    i.UART1_GPIO_Init   py32_uart.o
    0x08002c1c   0x08002c1c   0x00000030   Code   RO         3759    i.UART_AdvFeatureConfig  py32f003_hal_uart.o
    0x08002c4c   0x08002c4c   0x00000030   Code   RO         1026    i.UART_Init         py32_uart.o
    0x08002c7c   0x08002c7c   0x000000c4   Code   RO         3773    i.UART_SetConfig    py32f003_hal_uart.o
    0x08002d40   0x08002d40   0x00000060   Code   RO         3775    i.UART_WaitOnFlagUntilTimeout  py32f003_hal_uart.o
    0x08002da0   0x08002da0   0x00000002   Code   RO          749    i.USART1_IRQHandler  py32_it.o
    0x08002da2   0x08002da2   0x00000002   Code   RO          750    i.USART2_IRQHandler  py32_it.o
    0x08002da4   0x08002da4   0x00000020   Code   RO         4443    i.__0printf$8       mc_p.l(printf8.o)
    0x08002dc4   0x08002dc4   0x0000001a   Code   RO          382    i.__ARM_common_switch8  dataprocess.o
    0x08002dde   0x08002dde   0x00000002   PAD
    0x08002de0   0x08002de0   0x00000044   Code   RO         1416    i.__NVIC_SetPriority  py32f003_hal_cortex.o
    0x08002e24   0x08002e24   0x0000000e   Code   RO         4555    i.__scatterload_copy  mc_p.l(handlers.o)
    0x08002e32   0x08002e32   0x00000002   Code   RO         4556    i.__scatterload_null  mc_p.l(handlers.o)
    0x08002e34   0x08002e34   0x0000000e   Code   RO         4557    i.__scatterload_zeroinit  mc_p.l(handlers.o)
    0x08002e42   0x08002e42   0x00000002   PAD
    0x08002e44   0x08002e44   0x00000428   Code   RO         4450    i._printf_core      mc_p.l(printf8.o)
    0x0800326c   0x0800326c   0x00000020   Code   RO         4451    i._printf_post_padding  mc_p.l(printf8.o)
    0x0800328c   0x0800328c   0x0000002c   Code   RO         4452    i._printf_pre_padding  mc_p.l(printf8.o)
    0x080032b8   0x080032b8   0x0000001c   Code   RO         1028    i.fputc             py32_uart.o
    0x080032d4   0x080032d4   0x000000b8   Code   RO          408    i.lsp               abd.o
    0x0800338c   0x0800338c   0x00000038   Code   RO            3    i.main              main.o
    0x080033c4   0x080033c4   0x00000056   Data   RO          606    .constdata          radar.o
    0x0800341a   0x0800341a   0x00000002   PAD
    0x0800341c   0x0800341c   0x00000020   Data   RO         1213    .constdata          system_py32f003.o
    0x0800343c   0x0800343c   0x00000020   Data   RO         4553    Region$$Table       anon$$obj.o


    Execution Region RW_IRAM1 (Exec base: 0x20000000, Load base: 0x0800345c, Size: 0x00000a38, Max: 0x00001000, ABSOLUTE, COMPRESSED[0x000000f0])

    Exec Addr    Load Addr    Size         Type   Attr      Idx    E Section Name        Object

    0x20000000   COMPRESSED   0x0000000c   Data   RW          295    .data               dataprocess.o
    0x2000000c   COMPRESSED   0x00000020   Data   RW          412    .data               abd.o
    0x2000002c   COMPRESSED   0x00000004   Data   RW          530    .data               platform.o
    0x20000030   COMPRESSED   0x00000110   Data   RW          607    .data               radar.o
    0x20000140   COMPRESSED   0x00000001   Data   RW          608    .data               radar.o
    0x20000141   COMPRESSED   0x00000001   PAD
    0x20000142   COMPRESSED   0x00000004   Data   RW          921    .data               py32_spi.o
    0x20000146   COMPRESSED   0x00000002   PAD
    0x20000148   COMPRESSED   0x00000004   Data   RW         1214    .data               system_py32f003.o
    0x2000014c   COMPRESSED   0x0000000c   Data   RW         1270    .data               py32f003_hal.o
    0x20000158   COMPRESSED   0x00000004   Data   RW         4525    .data               mc_p.l(stdout.o)
    0x2000015c        -       0x0000007e   Zero   RW          294    .bss                dataprocess.o
    0x200001da   COMPRESSED   0x00000002   PAD
    0x200001dc        -       0x00000138   Zero   RW          410    .bss                abd.o
    0x20000314        -       0x00000054   Zero   RW          605    .bss                radar.o
    0x20000368        -       0x00000190   Zero   RW          920    .bss                py32_spi.o
    0x200004f8        -       0x00000050   Zero   RW          984    .bss                py32_i2c.o
    0x20000548        -       0x000000dc   Zero   RW         1029    .bss                py32_uart.o
    0x20000624        -       0x00000010   Zero   RW         1172    .bss                py32_iwdg.o
    0x20000634   COMPRESSED   0x00000004   PAD
    0x20000638        -       0x00000400   Zero   RW         1201    STACK               startup_py32f003.o


==============================================================================

Image component sizes


      Code (inc. data)   RO Data    RW Data    ZI Data      Debug   Object Name

       836         78          0         32        312       8376   abd.o
      1480        276          0         12        126      11304   dataprocess.o
        56         24          0          0          0     227079   main.o
        84          6          0          4          0       2644   platform.o
       154         26          0          0          0       4363   py32_gpio.o
       428        110          0          0         80       4364   py32_i2c.o
        72         14          0          0          0       8816   py32_it.o
       172         76          0          0         16       1851   py32_iwdg.o
       516         70          0          4        400       3783   py32_spi.o
       192         30          0          0        220       5222   py32_uart.o
       180         28          0         12          0       5232   py32f003_hal.o
       148         24          0          0          0      10725   py32f003_hal_cortex.o
       556         22          0          0          0       4650   py32f003_hal_dma.o
       288         10          0          0          0       2544   py32f003_hal_gpio.o
      2114         70          0          0          0      13438   py32f003_hal_i2c.o
       104         20          0          0          0       1939   py32f003_hal_iwdg.o
        40         14          0          0          0       9317   py32f003_hal_rcc.o
      1766         42          0          0          0      13915   py32f003_hal_spi.o
       646          4          0          0          0       5715   py32f003_hal_uart.o
       784        120         86        273         84      10283   radar.o
        28          8        192          0       1024        724   startup_py32f003.o
        60         22         32          4          0       2139   system_py32f003.o
        60         32          0          0          0       1148   utilities.o

    ----------------------------------------------------------------------
     10784       1126        344        344       2268     359571   Object Totals
         0          0         32          0          0          0   (incl. Generated)
        20          0          2          3          6          0   (incl. Padding)

    ----------------------------------------------------------------------

      Code (inc. data)   RO Data    RW Data    ZI Data      Debug   Library Member Name

        86          0          0          0          0          0   __dczerorl2.o
         0          0          0          0          0          0   entry.o
         0          0          0          0          0          0   entry10a.o
         0          0          0          0          0          0   entry11a.o
         8          4          0          0          0          0   entry2.o
         4          0          0          0          0          0   entry5.o
         0          0          0          0          0          0   entry7b.o
         0          0          0          0          0          0   entry8b.o
         8          4          0          0          0          0   entry9a.o
        30          0          0          0          0          0   handlers.o
        36          8          0          0          0         68   init.o
         0          0          0          0          0          0   iusefp.o
        32          0          0          0          0         68   llshl.o
        34          0          0          0          0         68   llushr.o
        36          0          0          0          0         60   memcpya.o
        36          0          0          0          0        100   memseta.o
      1172         52          0          0          0        324   printf8.o
         0          0          0          4          0          0   stdout.o
        44          0          0          0          0         72   uidiv.o
        96          0          0          0          0         84   uldiv.o
        20          0          0          0          0         60   uread4.o
       178          0          0          0          0        108   fadd.o
       124          0          0          0          0         72   fdiv.o
       130          0          0          0          0        144   fepilogue.o
        40          0          0          0          0         60   ffixui.o
        22          0          0          0          0         68   fflti.o
        14          0          0          0          0         68   ffltui.o
       122          0          0          0          0         72   fmul.o

    ----------------------------------------------------------------------
      2276         68          0          4          0       1496   Library Totals
         4          0          0          0          0          0   (incl. Padding)

    ----------------------------------------------------------------------

      Code (inc. data)   RO Data    RW Data    ZI Data      Debug   Library Name

      1642         68          0          4          0        904   mc_p.l
       630          0          0          0          0        592   mf_p.l

    ----------------------------------------------------------------------
      2276         68          0          4          0       1496   Library Totals

    ----------------------------------------------------------------------

==============================================================================


      Code (inc. data)   RO Data    RW Data    ZI Data      Debug   

     13060       1194        344        348       2268     355351   Grand Totals
     13060       1194        344        240       2268     355351   ELF Image Totals (compressed)
     13060       1194        344        240          0          0   ROM Totals

==============================================================================

    Total RO  Size (Code + RO Data)                13404 (  13.09kB)
    Total RW  Size (RW Data + ZI Data)              2616 (   2.55kB)
    Total ROM Size (Code + RO Data + RW Data)      13644 (  13.32kB)

==============================================================================

